Archive member included to satisfy reference by file (symbol)

/opt/amiga/m68k-amigaos/libnix/lib/libnix20.a(__initstdio.o)
                              /tmp/ccO1qemN.o (fclose)
/opt/amiga/m68k-amigaos/libnix/lib/libnix20.a(__nocommandline.o)
                              /opt/amiga/m68k-amigaos/libnix/lib/ncrt0.o (__nocommandline)
/opt/amiga/m68k-amigaos/libnix/lib/libnix20.a(rename.o)
                              /tmp/ccLRjcXX.o (rename)
/opt/amiga/m68k-amigaos/libnix/lib/libnix20.a(stat.o)
                              /tmp/ccLRjcXX.o (stat)
/opt/amiga/m68k-amigaos/libnix/lib/libnixmain.a(__stdiowin.o)
                              /opt/amiga/m68k-amigaos/libnix/lib/libnix20.a(__nocommandline.o) (__stdiowin)
/opt/amiga/m68k-amigaos/libnix/lib/libnix.a(__bufsiz.o)
                              /opt/amiga/m68k-amigaos/libnix/lib/libnix20.a(__initstdio.o) (__BUFSIZ)
/opt/amiga/m68k-amigaos/libnix/lib/libnix.a(__fflush.o)
                              /opt/amiga/m68k-amigaos/libnix/lib/libnix20.a(__initstdio.o) (__fflush)
/opt/amiga/m68k-amigaos/libnix/lib/libnix.a(__initcpp.o)
                              /opt/amiga/m68k-amigaos/libnix/lib/ncrt0.o (__initcpp)
/opt/amiga/m68k-amigaos/libnix/lib/libnix.a(__initlibraries.o)
                              /opt/amiga/m68k-amigaos/libnix/lib/ncrt0.o (__initlibraries)
/opt/amiga/m68k-amigaos/libnix/lib/libnix.a(__seterrno.o)
                              /opt/amiga/m68k-amigaos/libnix/lib/libnix20.a(__initstdio.o) (__seterrno)
/opt/amiga/m68k-amigaos/libnix/lib/libnix.a(__stat.o)
                              /opt/amiga/m68k-amigaos/libnix/lib/libnix20.a(stat.o) (__stat)
/opt/amiga/m68k-amigaos/libnix/lib/libnix.a(_ctype_.o)
                              /tmp/ccO1qemN.o (_ctype_)
/opt/amiga/m68k-amigaos/libnix/lib/libnix.a(atoi.o)
                              /tmp/ccO1qemN.o (atoi)
/opt/amiga/m68k-amigaos/libnix/lib/libnix.a(fgets.o)
                              /tmp/ccO1qemN.o (fgets)
/opt/amiga/m68k-amigaos/libnix/lib/libnix.a(fopen.o)
                              /tmp/ccO1qemN.o (fopen)
/opt/amiga/m68k-amigaos/libnix/lib/libnix.a(fprintf.o)
                              /tmp/ccO1qemN.o (fprintf)
/opt/amiga/m68k-amigaos/libnix/lib/libnix.a(fread.o)
                              /tmp/ccLRjcXX.o (fread)
/opt/amiga/m68k-amigaos/libnix/lib/libnix.a(freopen.o)
                              /opt/amiga/m68k-amigaos/libnix/lib/libnix.a(fopen.o) (freopen)
/opt/amiga/m68k-amigaos/libnix/lib/libnix.a(fwrite.o)
                              /tmp/ccO1qemN.o (fwrite)
/opt/amiga/m68k-amigaos/libnix/lib/libnix.a(getc.o)
                              /opt/amiga/m68k-amigaos/libnix/lib/libnix.a(fgets.o) (getc)
/opt/amiga/m68k-amigaos/libnix/lib/libnix.a(localtime.o)
                              /tmp/ccLRjcXX.o (localtime)
/opt/amiga/m68k-amigaos/libnix/lib/libnix.a(malloc.o)
                              /tmp/ccLRjcXX.o (malloc)
/opt/amiga/m68k-amigaos/libnix/lib/libnix.a(memcpy.o)
                              /tmp/ccLRjcXX.o (memcpy)
/opt/amiga/m68k-amigaos/libnix/lib/libnix.a(open.o)
                              /opt/amiga/m68k-amigaos/libnix/lib/libnix.a(freopen.o) (open)
/opt/amiga/m68k-amigaos/libnix/lib/libnix.a(perror.o)
                              /tmp/ccO1qemN.o (perror)
/opt/amiga/m68k-amigaos/libnix/lib/libnix.a(putc.o)
                              /opt/amiga/m68k-amigaos/libnix/lib/libnix.a(fwrite.o) (putc)
/opt/amiga/m68k-amigaos/libnix/lib/libnix.a(realloc.o)
                              /opt/amiga/m68k-amigaos/libnix/lib/libnix.a(open.o) (realloc)
/opt/amiga/m68k-amigaos/libnix/lib/libnix.a(remove.o)
                              /tmp/ccLRjcXX.o (remove)
/opt/amiga/m68k-amigaos/libnix/lib/libnix.a(sscanf.o)
                              /tmp/ccO1qemN.o (sscanf)
/opt/amiga/m68k-amigaos/libnix/lib/libnix.a(strcat.o)
                              /opt/amiga/m68k-amigaos/libnix/lib/libnix.a(__initlibraries.o) (strcat)
/opt/amiga/m68k-amigaos/libnix/lib/libnix.a(strchr.o)
                              /tmp/ccO1qemN.o (strchr)
/opt/amiga/m68k-amigaos/libnix/lib/libnix.a(strcmp.o)
                              /tmp/ccO1qemN.o (strcmp)
/opt/amiga/m68k-amigaos/libnix/lib/libnix.a(strerror.o)
                              /opt/amiga/m68k-amigaos/libnix/lib/libnix.a(perror.o) (strerror)
/opt/amiga/m68k-amigaos/libnix/lib/libnix.a(strncpy.o)
                              /tmp/ccO1qemN.o (strncpy)
/opt/amiga/m68k-amigaos/libnix/lib/libnix.a(strstr.o)
                              /opt/amiga/m68k-amigaos/libnix/lib/libnix.a(__initlibraries.o) (strstr)
/opt/amiga/m68k-amigaos/libnix/lib/libnix.a(strtol.o)
                              /opt/amiga/m68k-amigaos/libnix/lib/libnix.a(atoi.o) (strtol)
/opt/amiga/m68k-amigaos/libnix/lib/libnix.a(strtoul.o)
                              /opt/amiga/m68k-amigaos/libnix/lib/libnix.a(strtol.o) (strtoul)
/opt/amiga/m68k-amigaos/libnix/lib/libnix.a(vfprintf.o)
                              /opt/amiga/m68k-amigaos/libnix/lib/libnix.a(fprintf.o) (vfprintf)
/opt/amiga/m68k-amigaos/libnix/lib/libnix.a(vsscanf.o)
                              /opt/amiga/m68k-amigaos/libnix/lib/libnix.a(sscanf.o) (vsscanf)
/opt/amiga/m68k-amigaos/libnix/lib/libnix.a(write.o)
                              /opt/amiga/m68k-amigaos/libnix/lib/libnix.a(__fflush.o) (write)
/opt/amiga/m68k-amigaos/libnix/lib/libnix.a(_MSTEP.o)
                              /opt/amiga/m68k-amigaos/libnix/lib/libnix.a(malloc.o) (_MSTEP)
/opt/amiga/m68k-amigaos/libnix/lib/libnix.a(__chkabort.o)
                              /opt/amiga/m68k-amigaos/libnix/lib/libnix.a(write.o) (__chkabort)
/opt/amiga/m68k-amigaos/libnix/lib/libnix.a(__gmtoffset.o)
                              /opt/amiga/m68k-amigaos/libnix/lib/libnix.a(localtime.o) (timezone)
/opt/amiga/m68k-amigaos/libnix/lib/libnix.a(__srget.o)
                              /opt/amiga/m68k-amigaos/libnix/lib/libnix.a(fread.o) (__srget)
/opt/amiga/m68k-amigaos/libnix/lib/libnix.a(__swbuf.o)
                              /opt/amiga/m68k-amigaos/libnix/lib/libnix.a(putc.o) (__swbuf)
/opt/amiga/m68k-amigaos/libnix/lib/libnix.a(__vfprintf_total_size.o)
                              /opt/amiga/m68k-amigaos/libnix/lib/libnix.a(vfprintf.o) (__vfprintf_total_size)
/opt/amiga/m68k-amigaos/libnix/lib/libnix.a(calloc.o)
                              /opt/amiga/m68k-amigaos/libnix/lib/libnix.a(fopen.o) (calloc)
/opt/amiga/m68k-amigaos/libnix/lib/libnix.a(fputs.o)
                              /opt/amiga/m68k-amigaos/libnix/lib/libnix.a(perror.o) (fputs)
/opt/amiga/m68k-amigaos/libnix/lib/libnix.a(gmtime.o)
                              /opt/amiga/m68k-amigaos/libnix/lib/libnix.a(localtime.o) (gmtime)
/opt/amiga/m68k-amigaos/libnix/lib/libnix.a(gmtime_r.o)
                              /opt/amiga/m68k-amigaos/libnix/lib/libnix.a(gmtime.o) (gmtime_r)
/opt/amiga/m68k-amigaos/libnix/lib/libnix.a(iswxdigit.o)
                              /opt/amiga/m68k-amigaos/libnix/lib/libnix.a(strtoul.o) (iswxdigit)
/opt/amiga/m68k-amigaos/libnix/lib/libnix.a(memset.o)
                              /opt/amiga/m68k-amigaos/libnix/lib/libnix.a(calloc.o) (memset)
/opt/amiga/m68k-amigaos/libnix/lib/libnix.a(raise.o)
                              /opt/amiga/m68k-amigaos/libnix/lib/libnix.a(__chkabort.o) (raise)
/opt/amiga/m68k-amigaos/libnix/lib/libnix.a(read.o)
                              /opt/amiga/m68k-amigaos/libnix/lib/libnix.a(__srget.o) (read)
/opt/amiga/m68k-amigaos/libnix/lib/libnix.a(vfscanf.o)
                              /opt/amiga/m68k-amigaos/libnix/lib/libnix.a(vsscanf.o) (vfscanf)
/opt/amiga/m68k-amigaos/libnix/lib/libnix.a(__signalfunc.o)
                              /opt/amiga/m68k-amigaos/libnix/lib/libnix.a(raise.o) (__signalfunc)
/opt/amiga/m68k-amigaos/libnix/lib/libnix.a(__ulldivus.o)
                              /opt/amiga/m68k-amigaos/libnix/lib/libnix.a(__vfprintf_total_size.o) (__ulldivus)
/opt/amiga/m68k-amigaos/libnix/lib/libnix.a(ungetc.o)
                              /opt/amiga/m68k-amigaos/libnix/lib/libnix.a(vfscanf.o) (ungetc)
/opt/amiga/m68k-amigaos/lib//libstubs.a(dos.o)
                              /tmp/ccLRjcXX.o (DOSBase)
/opt/amiga/m68k-amigaos/libnix/lib/libnix20.a(__divsi3.o)
                              /opt/amiga/m68k-amigaos/libnix/lib/libnix.a(gmtime_r.o) (__modsi3)
/opt/amiga/m68k-amigaos/libnix/lib/libnix20.a(__mulsi3.o)
                              /opt/amiga/m68k-amigaos/libnix/lib/libnix.a(fread.o) (__mulsi3)
/opt/amiga/m68k-amigaos/libnix/lib/libnix20.a(__udivsi3.o)
                              /opt/amiga/m68k-amigaos/libnix/lib/libnix.a(__ulldivus.o) (__umodsi3)
/opt/amiga/m68k-amigaos/lib//libstubs.a(utility.o)
                              /opt/amiga/m68k-amigaos/libnix/lib/libnix20.a(__divsi3.o) (UtilityBase)

Allocating common symbols
Common symbol       size              file

_WBenchMsg          0x4               /opt/amiga/m68k-amigaos/libnix/lib/ncrt0.o
_tzname             0x8               /opt/amiga/m68k-amigaos/libnix/lib/libnix.a(__gmtoffset.o)
__memsema           0x4               /opt/amiga/m68k-amigaos/libnix/lib/libnix.a(malloc.o)
__stdfiledes        0x4               /opt/amiga/m68k-amigaos/libnix/lib/libnix20.a(__initstdio.o)
__memorylist        0xc               /opt/amiga/m68k-amigaos/libnix/lib/libnix.a(malloc.o)
__argv              0x4               /opt/amiga/m68k-amigaos/libnix/lib/ncrt0.o
__stdfilesize       0x4               /opt/amiga/m68k-amigaos/libnix/lib/libnix20.a(__initstdio.o)
__commandlen        0x4               /opt/amiga/m68k-amigaos/libnix/lib/ncrt0.o
__commandline       0x4               /opt/amiga/m68k-amigaos/libnix/lib/ncrt0.o
errno               0x10              /opt/amiga/m68k-amigaos/libnix/lib/libnix20.a(__initstdio.o)
__env               0x4               /opt/amiga/m68k-amigaos/libnix/lib/ncrt0.o
__argc              0x4               /opt/amiga/m68k-amigaos/libnix/lib/ncrt0.o

Discarded input sections

 .text          0x0000000000000000       0x14 /tmp/ccLRjcXX.o
 .text.trim_nl  0x0000000000000000       0x38 /tmp/ccLRjcXX.o
 .text.str_upper
                0x0000000000000000       0x30 /tmp/ccLRjcXX.o
 .text.str_tolower
                0x0000000000000000       0x2c /tmp/ccLRjcXX.o
 .text.skip_ws  0x0000000000000000       0x18 /tmp/ccLRjcXX.o
 .text.wildmatch
                0x0000000000000000       0xc0 /tmp/ccLRjcXX.o
 .text.is_wildcard
                0x0000000000000000       0x20 /tmp/ccLRjcXX.o
 .text.ensure_dir
                0x0000000000000000       0x30 /tmp/ccLRjcXX.o
 .text.copy_file
                0x0000000000000000       0xb4 /tmp/ccLRjcXX.o
 .text.move_file
                0x0000000000000000       0x4c /tmp/ccLRjcXX.o
 .text.get_file_size
                0x0000000000000000       0x24 /tmp/ccLRjcXX.o
 .text.get_file_mtime
                0x0000000000000000       0x24 /tmp/ccLRjcXX.o
 .text.port_path_exists
                0x0000000000000000       0x30 /tmp/ccLRjcXX.o
 .text.is_directory
                0x0000000000000000       0x7c /tmp/ccLRjcXX.o
 .text.is_regular_file
                0x0000000000000000       0x7c /tmp/ccLRjcXX.o
 .text.is_safe_filename
                0x0000000000000000       0xbc /tmp/ccLRjcXX.o
 .text.port_mkdir_one
                0x0000000000000000       0x2c /tmp/ccLRjcXX.o
 .text.safe_localtime
                0x0000000000000000       0x28 /tmp/ccLRjcXX.o
 .text.mkdir_recursive
                0x0000000000000000       0xfc /tmp/ccLRjcXX.o
 .text.safe_strncpy
                0x0000000000000000       0x40 /tmp/ccLRjcXX.o
 .text.path_join
                0x0000000000000000       0x7c /tmp/ccLRjcXX.o
 .text.make_abs_path
                0x0000000000000000       0x80 /tmp/ccLRjcXX.o
 .text.parse_config_line
                0x0000000000000000      0x180 /tmp/ccLRjcXX.o
 .text.config_get
                0x0000000000000000       0xc8 /tmp/ccLRjcXX.o
 .text.parse_size
                0x0000000000000000       0xa8 /tmp/ccLRjcXX.o
 .text.parse_time
                0x0000000000000000       0xd4 /tmp/ccLRjcXX.o
 .text.config_load
                0x0000000000000000       0xfc /tmp/ccLRjcXX.o
 .text.config_lookup
                0x0000000000000000       0x74 /tmp/ccLRjcXX.o
 .text.config_cache_free
                0x0000000000000000       0x38 /tmp/ccLRjcXX.o
 .text          0x0000000000000000       0xa8 /opt/amiga/m68k-amigaos/libnix/lib/libnix20.a(rename.o)
 .text          0x0000000000000000       0xd0 /opt/amiga/m68k-amigaos/libnix/lib/libnix20.a(stat.o)
 .text          0x0000000000000000        0x0 /opt/amiga/m68k-amigaos/libnix/lib/libnixmain.a(__stdiowin.o)
 .text          0x0000000000000000        0x0 /opt/amiga/m68k-amigaos/libnix/lib/libnix.a(__bufsiz.o)
 .text          0x0000000000000000      0x1ec /opt/amiga/m68k-amigaos/libnix/lib/libnix.a(__stat.o)
 .text          0x0000000000000000       0x84 /opt/amiga/m68k-amigaos/libnix/lib/libnix.a(fread.o)
 .text          0x0000000000000000       0x30 /opt/amiga/m68k-amigaos/libnix/lib/libnix.a(localtime.o)
 .bss           0x0000000000000000        0x0 /opt/amiga/m68k-amigaos/libnix/lib/libnix.a(malloc.o)
 .text          0x0000000000000000       0x2c /opt/amiga/m68k-amigaos/libnix/lib/libnix.a(remove.o)
 .text          0x0000000000000000        0x0 /opt/amiga/m68k-amigaos/libnix/lib/libnix.a(_MSTEP.o)
 .text          0x0000000000000000        0x4 /opt/amiga/m68k-amigaos/libnix/lib/libnix.a(__gmtoffset.o)
 .bss           0x0000000000000000        0x8 /opt/amiga/m68k-amigaos/libnix/lib/libnix.a(__gmtoffset.o)
 .text          0x0000000000000000       0x14 /opt/amiga/m68k-amigaos/libnix/lib/libnix.a(gmtime.o)
 .bss           0x0000000000000000       0x24 /opt/amiga/m68k-amigaos/libnix/lib/libnix.a(gmtime.o)
 .text          0x0000000000000000      0x224 /opt/amiga/m68k-amigaos/libnix/lib/libnix.a(gmtime_r.o)
 .data          0x0000000000000000        0xc /opt/amiga/m68k-amigaos/libnix/lib/libnix.a(gmtime_r.o)
 .text          0x0000000000000000        0x0 /opt/amiga/m68k-amigaos/libnix/lib/libnix.a(__signalfunc.o)
 .text          0x0000000000000000       0x1c /opt/amiga/m68k-amigaos/libnix/lib/libnix20.a(__divsi3.o)

Memory Configuration

Name             Origin             Length             Attributes
*default*        0x0000000000000000 0xffffffffffffffff

Linker script and memory map

LOAD /opt/amiga/m68k-amigaos/libnix/lib/ncrt0.o
LOAD /tmp/ccO1qemN.o
LOAD /tmp/ccLRjcXX.o
START GROUP
LOAD /opt/amiga/m68k-amigaos/libnix/lib/libnix20.a
LOAD /opt/amiga/m68k-amigaos/libnix/lib/libnixmain.a
LOAD /opt/amiga/m68k-amigaos/libnix/lib/libnix.a
LOAD /opt/amiga/m68k-amigaos/lib//libstubs.a
LOAD /opt/amiga/m68k-amigaos/lib//libamiga.a
LOAD /opt/amiga/lib/gcc/m68k-amigaos/6.5.0b/libgcc.a
END GROUP
                [!provide]                        PROVIDE (___machtype = 0x0)
                0x0000000000000000                . = 0x0

.text           0x0000000000000000     0x4ff0
                0x0000000000000000                __stext = .
 *(.text)
 .text          0x0000000000000000       0xd8 /opt/amiga/m68k-amigaos/libnix/lib/ncrt0.o
                0x0000000000000000                start
                0x0000000000000064                _exit
                0x0000000000000064                exit
                0x000000000000007c                _Exit
                0x000000000000007c                ___exit
                0x00000000000000d4                __main
 .text          0x00000000000000d8      0x1f0 /tmp/ccO1qemN.o
 .text          0x00000000000002c8      0x82c /tmp/ccO1qemN.o
                0x00000000000002c8                main
 .text          0x0000000000000af4      0x5b8 /opt/amiga/m68k-amigaos/libnix/lib/libnix20.a(__initstdio.o)
                0x0000000000000af4                _setup_file
                0x0000000000000b34                isatty
                0x0000000000000b68                _lx_fhfromfd
                0x0000000000000b90                fdopen
                0x0000000000000cac                __fclose
                0x0000000000000de4                __initstdio
                0x0000000000000f32                close
                0x0000000000000f9e                fclose
                0x0000000000001030                __exitstdio
 .text          0x00000000000010ac      0x2b0 /opt/amiga/m68k-amigaos/libnix/lib/libnix20.a(__nocommandline.o)
                0x00000000000010ac                __nocommandline
                0x00000000000012d0                __exitcommandline
 .text          0x000000000000135c       0x88 /opt/amiga/m68k-amigaos/libnix/lib/libnix.a(__fflush.o)
                0x000000000000135c                __fflush
 .text          0x00000000000013e4       0x40 /opt/amiga/m68k-amigaos/libnix/lib/libnix.a(__initcpp.o)
                0x00000000000013e4                __initcpp
                0x0000000000001408                __exitcpp
 .text          0x0000000000001424       0xc4 /opt/amiga/m68k-amigaos/libnix/lib/libnix.a(__initlibraries.o)
                0x0000000000001440                __initlibraries
                0x000000000000149c                __exitlibraries
 .text          0x00000000000014e8       0x94 /opt/amiga/m68k-amigaos/libnix/lib/libnix.a(__initlibraries.o)
 .text          0x000000000000157c       0x3c /opt/amiga/m68k-amigaos/libnix/lib/libnix.a(__seterrno.o)
                0x000000000000157c                __seterrno
 .text          0x00000000000015b8      0x10c /opt/amiga/m68k-amigaos/libnix/lib/libnix.a(_ctype_.o)
                0x00000000000015b8                __ctype
                0x00000000000016bc                __locale_ctype_ptr
 .text          0x00000000000016c4       0x18 /opt/amiga/m68k-amigaos/libnix/lib/libnix.a(atoi.o)
                0x00000000000016c4                atoi
 .text          0x00000000000016dc       0x4c /opt/amiga/m68k-amigaos/libnix/lib/libnix.a(fgets.o)
                0x00000000000016dc                fgets
 .text          0x0000000000001728       0xc0 /opt/amiga/m68k-amigaos/libnix/lib/libnix.a(fopen.o)
                0x0000000000001728                fopen
 .text          0x00000000000017e8       0x1c /opt/amiga/m68k-amigaos/libnix/lib/libnix.a(fprintf.o)
                0x00000000000017e8                fprintf
 .text          0x0000000000001804      0x128 /opt/amiga/m68k-amigaos/libnix/lib/libnix.a(freopen.o)
                0x0000000000001804                freopen
 .text          0x000000000000192c       0x84 /opt/amiga/m68k-amigaos/libnix/lib/libnix.a(fwrite.o)
                0x000000000000192c                fwrite
 .text          0x00000000000019b0       0x30 /opt/amiga/m68k-amigaos/libnix/lib/libnix.a(getc.o)
                0x00000000000019b0                getc
 .text          0x00000000000019e0      0x238 /opt/amiga/m68k-amigaos/libnix/lib/libnix.a(malloc.o)
                0x00000000000019e0                malloc
                0x0000000000001ade                free
                0x0000000000001b7e                __initmalloc
                0x0000000000001bc0                __exitmalloc
 .text          0x0000000000001c18       0x24 /opt/amiga/m68k-amigaos/libnix/lib/libnix.a(memcpy.o)
                0x0000000000001c18                memcpy
 .text          0x0000000000001c3c      0x16c /opt/amiga/m68k-amigaos/libnix/lib/libnix.a(open.o)
                0x0000000000001c3c                open
                0x0000000000001cd2                __allocfd
 .text          0x0000000000001da8       0xc0 /opt/amiga/m68k-amigaos/libnix/lib/libnix.a(perror.o)
                0x0000000000001da8                perror
 .text          0x0000000000001e68       0x44 /opt/amiga/m68k-amigaos/libnix/lib/libnix.a(putc.o)
                0x0000000000001e68                putc
 .text          0x0000000000001eac       0x7c /opt/amiga/m68k-amigaos/libnix/lib/libnix.a(realloc.o)
                0x0000000000001eac                realloc
 .text          0x0000000000001f28       0x1c /opt/amiga/m68k-amigaos/libnix/lib/libnix.a(sscanf.o)
                0x0000000000001f28                sscanf
 .text          0x0000000000001f44       0x14 /opt/amiga/m68k-amigaos/libnix/lib/libnix.a(strcat.o)
                0x0000000000001f44                strcat
 .text          0x0000000000001f58       0x1c /opt/amiga/m68k-amigaos/libnix/lib/libnix.a(strchr.o)
                0x0000000000001f58                strchr
                0x0000000000001f58                index
 .text          0x0000000000001f74       0x28 /opt/amiga/m68k-amigaos/libnix/lib/libnix.a(strcmp.o)
                0x0000000000001f74                strcmp
 .text          0x0000000000001f9c      0xb0c /opt/amiga/m68k-amigaos/libnix/lib/libnix.a(strerror.o)
                0x00000000000029c0                strerror
                0x0000000000002a0a                strerror_r
 .text          0x0000000000002aa8       0x24 /opt/amiga/m68k-amigaos/libnix/lib/libnix.a(strncpy.o)
                0x0000000000002aa8                strncpy
 .text          0x0000000000002acc       0x38 /opt/amiga/m68k-amigaos/libnix/lib/libnix.a(strstr.o)
                0x0000000000002acc                strstr
 .text          0x0000000000002b04       0xc4 /opt/amiga/m68k-amigaos/libnix/lib/libnix.a(strtol.o)
                0x0000000000002b04                strtol
 .text          0x0000000000002bc8      0x284 /opt/amiga/m68k-amigaos/libnix/lib/libnix.a(strtoul.o)
                0x0000000000002bc8                strtoul
 .text          0x0000000000002e4c       0x2c /opt/amiga/m68k-amigaos/libnix/lib/libnix.a(vfprintf.o)
                0x0000000000002e4c                vfprintf
 .text          0x0000000000002e78       0x40 /opt/amiga/m68k-amigaos/libnix/lib/libnix.a(vsscanf.o)
                0x0000000000002e78                vsscanf
 .text          0x0000000000002eb8       0x9c /opt/amiga/m68k-amigaos/libnix/lib/libnix.a(write.o)
                0x0000000000002eb8                write
 .text          0x0000000000002f54       0x30 /opt/amiga/m68k-amigaos/libnix/lib/libnix.a(__chkabort.o)
                0x0000000000002f54                __chkabort
 .text          0x0000000000002f84      0x118 /opt/amiga/m68k-amigaos/libnix/lib/libnix.a(__srget.o)
                0x0000000000002f84                __srget
 .text          0x000000000000309c       0xf0 /opt/amiga/m68k-amigaos/libnix/lib/libnix.a(__swbuf.o)
                0x000000000000309c                __swbuf
 .text          0x000000000000318c      0xc28 /opt/amiga/m68k-amigaos/libnix/lib/libnix.a(__vfprintf_total_size.o)
                0x0000000000003194                __vfprintf_total_size
 .text          0x0000000000003db4       0x40 /opt/amiga/m68k-amigaos/libnix/lib/libnix.a(calloc.o)
                0x0000000000003db4                calloc
 .text          0x0000000000003df4       0x38 /opt/amiga/m68k-amigaos/libnix/lib/libnix.a(fputs.o)
                0x0000000000003df4                fputs
 .text          0x0000000000003e2c       0x30 /opt/amiga/m68k-amigaos/libnix/lib/libnix.a(iswxdigit.o)
                0x0000000000003e2c                iswxdigit
 .text          0x0000000000003e5c       0xa4 /opt/amiga/m68k-amigaos/libnix/lib/libnix.a(memset.o)
                0x0000000000003e5c                memset
 .text          0x0000000000003f00       0xdc /opt/amiga/m68k-amigaos/libnix/lib/libnix.a(raise.o)
                0x0000000000003f0a                raise
 .text          0x0000000000003fdc       0x80 /opt/amiga/m68k-amigaos/libnix/lib/libnix.a(read.o)
                0x0000000000003fdc                read
 .text          0x000000000000405c      0xc20 /opt/amiga/m68k-amigaos/libnix/lib/libnix.a(vfscanf.o)
                0x000000000000405c                vfscanf
 .text          0x0000000000004c7c       0xb8 /opt/amiga/m68k-amigaos/libnix/lib/libnix.a(__ulldivus.o)
                0x0000000000004c7c                __ulldivus
 .text          0x0000000000004d34       0xb8 /opt/amiga/m68k-amigaos/libnix/lib/libnix.a(ungetc.o)
                0x0000000000004d34                ungetc
 .text          0x0000000000004dec        0xc /opt/amiga/m68k-amigaos/lib//libstubs.a(dos.o)
 .text          0x0000000000004df8       0x10 /opt/amiga/m68k-amigaos/libnix/lib/libnix20.a(__mulsi3.o)
                0x0000000000004df8                __mulsi3
 .text          0x0000000000004e08       0x1c /opt/amiga/m68k-amigaos/libnix/lib/libnix20.a(__udivsi3.o)
                0x0000000000004e08                __umodsi3
                0x0000000000004e14                __udivsi3
 .text          0x0000000000004e24       0x10 /opt/amiga/m68k-amigaos/lib//libstubs.a(utility.o)
 *(.text.main)
 *(.text*)
 .text.find_flag
                0x0000000000004e34      0x110 /tmp/ccO1qemN.o
 .text.str_trim
                0x0000000000004f44       0x48 /tmp/ccLRjcXX.o
                0x0000000000004f44                str_trim
 *(_*)
 *(.rodata*)
 *(.data.rel.ro*)
 *(.gnu.linkonce.t.*)
 *(.gnu.linkonce.r.*)
 *(.gcc_except_table*)
 *(SORT_BY_NAME(.list___EH_FRAME*))
 *(SORT_BY_NAME(.list_*))
 .list___CTOR_LIST__
                0x0000000000004f8c        0x4 /opt/amiga/m68k-amigaos/libnix/lib/ncrt0.o
                0x0000000000004f8c                __CTOR_LIST__
 .list___DTOR_LIST__
                0x0000000000004f90        0x4 /opt/amiga/m68k-amigaos/libnix/lib/ncrt0.o
                0x0000000000004f90                __DTOR_LIST__
 .list___EXIT_LIST__
                0x0000000000004f94        0x4 /opt/amiga/m68k-amigaos/libnix/lib/ncrt0.o
                0x0000000000004f94                __EXIT_LIST__
 .list___EXIT_LIST__
                0x0000000000004f98        0x8 /opt/amiga/m68k-amigaos/libnix/lib/libnix20.a(__initstdio.o)
 .list___EXIT_LIST__
                0x0000000000004fa0        0x8 /opt/amiga/m68k-amigaos/libnix/lib/libnix20.a(__nocommandline.o)
 .list___EXIT_LIST__
                0x0000000000004fa8        0x8 /opt/amiga/m68k-amigaos/libnix/lib/libnix.a(__initcpp.o)
 .list___EXIT_LIST__
                0x0000000000004fb0        0x8 /opt/amiga/m68k-amigaos/libnix/lib/libnix.a(__initlibraries.o)
 .list___EXIT_LIST__
                0x0000000000004fb8        0x8 /opt/amiga/m68k-amigaos/libnix/lib/libnix.a(malloc.o)
 .list___INIT_LIST__
                0x0000000000004fc0        0x4 /opt/amiga/m68k-amigaos/libnix/lib/ncrt0.o
                0x0000000000004fc0                __INIT_LIST__
 .list___INIT_LIST__
                0x0000000000004fc4        0x8 /opt/amiga/m68k-amigaos/libnix/lib/libnix20.a(__initstdio.o)
 .list___INIT_LIST__
                0x0000000000004fcc        0x8 /opt/amiga/m68k-amigaos/libnix/lib/libnix20.a(__nocommandline.o)
 .list___INIT_LIST__
                0x0000000000004fd4        0x8 /opt/amiga/m68k-amigaos/libnix/lib/libnix.a(__initcpp.o)
 .list___INIT_LIST__
                0x0000000000004fdc        0x8 /opt/amiga/m68k-amigaos/libnix/lib/libnix.a(__initlibraries.o)
 .list___INIT_LIST__
                0x0000000000004fe4        0x8 /opt/amiga/m68k-amigaos/libnix/lib/libnix.a(malloc.o)
 *(.end_of_lists)
 .end_of_lists  0x0000000000004fec        0x4 /opt/amiga/m68k-amigaos/libnix/lib/ncrt0.o
                0x0000000000004ff0                ___datadata_relocs = .
                0x0000000000004ff0                __etext = .
                0x0000000000004ff0                ___text_size = SIZEOF (.text)
                0x0000000000004ff0                . = ALIGN (0x0)

.data           0x0000000000004ff0      0x33c
                0x0000000000004ff0                __sdata = .
 *(.data)
 .data          0x0000000000004ff0        0xc /opt/amiga/m68k-amigaos/libnix/lib/ncrt0.o
                0x0000000000004ff0                SysBase
                0x0000000000004ff4                __SaveSP
 .data          0x0000000000004ffc       0x10 /opt/amiga/m68k-amigaos/libnix/lib/libnix20.a(__initstdio.o)
                0x0000000000004ffc                __sF
                0x0000000000005000                __filelist
 .data          0x000000000000500c       0x1c /opt/amiga/m68k-amigaos/libnix/lib/libnixmain.a(__stdiowin.o)
                0x000000000000500c                __stdiowin
 .data          0x0000000000005028        0x4 /opt/amiga/m68k-amigaos/libnix/lib/libnix.a(__bufsiz.o)
                0x0000000000005028                __BUFSIZ
 .data          0x000000000000502c       0xd0 /opt/amiga/m68k-amigaos/libnix/lib/libnix.a(__seterrno.o)
 .data          0x00000000000050fc        0x4 /opt/amiga/m68k-amigaos/libnix/lib/libnix.a(_ctype_.o)
                0x00000000000050fc                _ctype_
 .data          0x0000000000005100      0x210 /opt/amiga/m68k-amigaos/libnix/lib/libnix.a(strerror.o)
                0x0000000000005100                __sys_errlist
 .data          0x0000000000005310        0x4 /opt/amiga/m68k-amigaos/libnix/lib/libnix.a(_MSTEP.o)
                0x0000000000005310                _MSTEP
 *(SORT_BY_NAME(.data.*))
 *(SORT_BY_NAME(.dlist___EH_FRAME_OBJECT*))
 *(SORT_BY_NAME(.dlist_*))
 .dlist___LIB_LIST__
                0x0000000000005314        0x4 /opt/amiga/m68k-amigaos/libnix/lib/ncrt0.o
                0x0000000000005314                __LIB_LIST__
 .dlist___LIB_LIST__
                0x0000000000005318        0x8 /opt/amiga/m68k-amigaos/lib//libstubs.a(dos.o)
                0x0000000000005318                DOSBase
 .dlist___LIB_LIST__
                0x0000000000005320        0x8 /opt/amiga/m68k-amigaos/lib//libstubs.a(utility.o)
                0x0000000000005320                UtilityBase
 *(.end_of_dlists)
 .end_of_dlists
                0x0000000000005328        0x4 /opt/amiga/m68k-amigaos/libnix/lib/ncrt0.o
 *(.data.__EH_FRAME_OBJECT__*)
 *(.gnu.linkonce.d.*)
                0x000000000000532c                __edata = .
                0x000000000000033c                ___data_size = SIZEOF (.data)

.bss            0x000000000000532c       0x7c
                0x000000000000532c                __bss_start = .
 *(.bss)
 .bss           0x000000000000532c        0x4 /opt/amiga/m68k-amigaos/libnix/lib/ncrt0.o
 .bss           0x0000000000005330        0x4 /opt/amiga/m68k-amigaos/libnix/lib/libnix20.a(__initstdio.o)
 .bss           0x0000000000005334        0xc /opt/amiga/m68k-amigaos/libnix/lib/libnix20.a(__nocommandline.o)
 .bss           0x0000000000005340       0x20 /opt/amiga/m68k-amigaos/libnix/lib/libnix.a(__signalfunc.o)
                0x0000000000005340                __signalfunc
                0x0000000000005358                __signalpending
                0x000000000000535c                __signalmask
 *(.bss.*)
 *(COMMON)
 COMMON         0x0000000000005360       0x18 /opt/amiga/m68k-amigaos/libnix/lib/ncrt0.o
                0x0000000000005360                _WBenchMsg
                0x0000000000005364                __argv
                0x0000000000005368                __commandlen
                0x000000000000536c                __commandline
                0x0000000000005370                __env
                0x0000000000005374                __argc
 COMMON         0x0000000000005378       0x18 /opt/amiga/m68k-amigaos/libnix/lib/libnix20.a(__initstdio.o)
                0x0000000000005378                __stdfiledes
                0x000000000000537c                __stdfilesize
                0x0000000000005380                errno
 COMMON         0x0000000000005390       0x10 /opt/amiga/m68k-amigaos/libnix/lib/libnix.a(malloc.o)
                0x0000000000005390                __memsema
                0x0000000000005394                __memorylist
 COMMON         0x00000000000053a0        0x8 /opt/amiga/m68k-amigaos/libnix/lib/libnix.a(__gmtoffset.o)
                0x00000000000053a0                _tzname
                0x00000000000053a8                __end = .
                0x000000000000007c                ___bss_size = SIZEOF (.bss)

.datachip
 *(.datachip)

.bsschip
 *(.bsschip)

.dwarf          0x00000000000053a8        0x0
                0x00000000000053a8                __debug_frame_start = .
 *(.debug_frame)
                0x00000000000053a8                __debug_info_start = .
 *(.debug_info)
                0x00000000000053a8                __debug_abbrev_start = .
 *(.debug_abbrev)
                0x00000000000053a8                __debug_loclists_start = .
 *(.debug_loclists)
                0x00000000000053a8                __debug_aranges_start = .
 *(.debug_aranges)
                0x00000000000053a8                __debug_rgnlists_start = .
 *(.debug_rnglists)
                0x00000000000053a8                __debug_line_start = .
 *(.debug_line)
                0x00000000000053a8                __debug_str_start = .
 *(.debug_str)
                0x00000000000053a8                __debug_line_str_start = .
 *(.debug_line_str)
OUTPUT(nodelist amiga)
