Archive member included to satisfy reference by file (symbol)

/opt/amiga/lib/libz.a(deflate.o)
                              objs/compress.o (deflateInit_)
/opt/amiga/lib/libz.a(inflate.o)
                              objs/compress.o (inflateInit_)
/opt/amiga/lib/libz.a(inftrees.o)
                              /opt/amiga/lib/libz.a(inflate.o) (inflate_table)
/opt/amiga/lib/libz.a(trees.o)
                              /opt/amiga/lib/libz.a(deflate.o) (_dist_code)
/opt/amiga/lib/libz.a(zutil.o)
                              /opt/amiga/lib/libz.a(deflate.o) (z_errmsg)
/opt/amiga/lib/libz.a(adler32.o)
                              /opt/amiga/lib/libz.a(deflate.o) (adler32)
/opt/amiga/lib/libz.a(crc32.o)
                              /opt/amiga/lib/libz.a(deflate.o) (crc32)
/opt/amiga/lib/libz.a(inffast.o)
                              /opt/amiga/lib/libz.a(inflate.o) (inflate_fast)
/opt/amiga/m68k-amigaos/libnix/lib/libm.a(__adddf3.o)
                              objs/protocol.o (__adddf3)
/opt/amiga/m68k-amigaos/libnix/lib/libm.a(__divdf3.o)
                              objs/protocol.o (__divdf3)
/opt/amiga/m68k-amigaos/libnix/lib/libm.a(__eqdf2.o)
                              objs/protocol.o (__ledf2)
/opt/amiga/m68k-amigaos/libnix/lib/libm.a(__extendsfdf2.o)
                              objs/protocol.o (__extendsfdf2)
/opt/amiga/m68k-amigaos/libnix/lib/libm.a(__muldf3.o)
                              objs/protocol.o (__muldf3)
/opt/amiga/m68k-amigaos/libnix/lib/libm.a(__subdf3.o)
                              objs/protocol.o (__subdf3)
/opt/amiga/m68k-amigaos/libnix/lib/libm.a(fprintf.o)
                              objs/binkd.o (fprintf)
/opt/amiga/m68k-amigaos/libnix/lib/libm.a(fscanf.o)
                              objs/ftnq.o (fscanf)
/opt/amiga/m68k-amigaos/libnix/lib/libm.a(printf.o)
                              objs/binkd.o (printf)
/opt/amiga/m68k-amigaos/libnix/lib/libm.a(snprintf.o)
                              objs/readcfg.o (snprintf)
/opt/amiga/m68k-amigaos/libnix/lib/libm.a(sprintf.o)
                              objs/readcfg.o (sprintf)
/opt/amiga/m68k-amigaos/libnix/lib/libm.a(sscanf.o)
                              objs/ftnq.o (sscanf)
/opt/amiga/m68k-amigaos/libnix/lib/libm.a(vfprintf.o)
                              /opt/amiga/m68k-amigaos/libnix/lib/libm.a(fprintf.o) (vfprintf)
/opt/amiga/m68k-amigaos/libnix/lib/libm.a(vfscanf.o)
                              /opt/amiga/m68k-amigaos/libnix/lib/libm.a(fscanf.o) (vfscanf)
/opt/amiga/m68k-amigaos/libnix/lib/libm.a(vsnprintf.o)
                              objs/tools.o (vsnprintf)
/opt/amiga/m68k-amigaos/libnix/lib/libm.a(vsprintf.o)
                              /opt/amiga/m68k-amigaos/libnix/lib/libm.a(sprintf.o) (vsprintf)
/opt/amiga/m68k-amigaos/libnix/lib/libm.a(vsscanf.o)
                              /opt/amiga/m68k-amigaos/libnix/lib/libm.a(sscanf.o) (vsscanf)
/opt/amiga/m68k-amigaos/libnix/lib/libm.a(__truncdfsf2.o)
                              /opt/amiga/m68k-amigaos/libnix/lib/libm.a(vfscanf.o) (__truncdfsf2)
/opt/amiga/m68k-amigaos/libnix/lib/libm.a(__vfprintf_total_size.o)
                              /opt/amiga/m68k-amigaos/libnix/lib/libm.a(vfprintf.o) (__vfprintf_total_size)
/opt/amiga/m68k-amigaos/libnix/lib/libm.a(pow.o)
                              /opt/amiga/m68k-amigaos/libnix/lib/libm.a(vfscanf.o) (pow)
/opt/amiga/m68k-amigaos/lib//libamiga.a(delay.o)
                              objs/tools.o (Delay)
/opt/amiga/m68k-amigaos/libnix/lib/libnix20.a(__divsi3.o)
                              objs/readcfg.o (__modsi3)
/opt/amiga/m68k-amigaos/libnix/lib/libnix20.a(__initstdio.o)
                              objs/inbound.o (fdopen)
/opt/amiga/m68k-amigaos/libnix/lib/libnix20.a(__mulsi3.o)
                              objs/protocol.o (__mulsi3)
/opt/amiga/m68k-amigaos/libnix/lib/libnix20.a(__nocommandline.o)
                              /opt/amiga/m68k-amigaos/libnix/lib/ncrt0.o (__nocommandline)
/opt/amiga/m68k-amigaos/libnix/lib/libnix20.a(__udivsi3.o)
                              objs/protocol.o (__umodsi3)
/opt/amiga/m68k-amigaos/libnix/lib/libnix20.a(environ.o)
                              objs/binkd.o (environ)
/opt/amiga/m68k-amigaos/libnix/lib/libnix20.a(fstat.o)
                              objs/readcfg.o (fstat)
/opt/amiga/m68k-amigaos/libnix/lib/libnix20.a(stat.o)
                              objs/readcfg.o (stat)
/opt/amiga/m68k-amigaos/libnix/lib/libnix20.a(strftime.o)
                              objs/ftnq.o (strftime)
/opt/amiga/m68k-amigaos/libnix/lib/libnixmain.a(__stdiowin.o)
                              /opt/amiga/m68k-amigaos/libnix/lib/libnix20.a(__nocommandline.o) (__stdiowin)
/opt/amiga/m68k-amigaos/libnix/lib/libnix.a(__bufsiz.o)
                              /opt/amiga/m68k-amigaos/libnix/lib/libnix20.a(__initstdio.o) (__BUFSIZ)
/opt/amiga/m68k-amigaos/libnix/lib/libnix.a(__decimalpoint.o)
[...]
Memory Configuration

Name             Origin             Length             Attributes
*default*        0x0000000000000000 0xffffffffffffffff

Linker script and memory map

LOAD /opt/amiga/m68k-amigaos/libnix/lib/ncrt0.o
LOAD objs/binkd.o
LOAD objs/readcfg.o
LOAD objs/tools.o
LOAD objs/ftnaddr.o
LOAD objs/ftnq.o
LOAD objs/client.o
LOAD objs/protocol.o
LOAD objs/bsy.o
LOAD objs/inbound.o
LOAD objs/breaksig.o
LOAD objs/rename.o
LOAD objs/getfree.o
LOAD objs/bsdsock.o
LOAD objs/dirent.o
LOAD objs/utime.o
LOAD objs/rfc2553_amiga.o
LOAD objs/sem.o
LOAD objs/evloop.o
LOAD objs/sock.o
LOAD objs/session.o
LOAD objs/bsycleanup.o
LOAD objs/proto_amiga.o
LOAD objs/ftndom.o
LOAD objs/ftnnode.o
LOAD objs/srif.o
LOAD objs/pmatch.o
LOAD objs/readflo.o
LOAD objs/prothlp.o
LOAD objs/iptools.o
LOAD objs/run.o
LOAD objs/binlog.o
LOAD objs/exitproc.o
LOAD objs/getw.o
LOAD objs/xalloc.o
LOAD objs/setpttl.o
LOAD objs/https.o
LOAD objs/md5b.o
LOAD objs/crypt.o
LOAD objs/compress.o
LOAD /opt/amiga/lib/libz.a
LOAD /opt/amiga/m68k-amigaos/libnix/lib/libm.a
LOAD /opt/amiga/m68k-amigaos/lib//libamiga.a
START GROUP
LOAD /opt/amiga/m68k-amigaos/libnix/lib/libnix20.a
LOAD /opt/amiga/m68k-amigaos/libnix/lib/libnixmain.a
LOAD /opt/amiga/m68k-amigaos/libnix/lib/libnix.a
LOAD /opt/amiga/m68k-amigaos/lib//libstubs.a
LOAD /opt/amiga/m68k-amigaos/lib//libamiga.a
LOAD /opt/amiga/lib/gcc/m68k-amigaos/6.5.0b/libgcc.a
LOAD /opt/amiga/m68k-amigaos/libnix/lib/libm.a
LOAD /opt/amiga/m68k-amigaos/lib//lib__m__.a
END GROUP
                [!provide]                        PROVIDE (___machtype = 0x0)
                0x0000000000000000                . = 0x0

.text           0x0000000000000000    0x37108
                0x0000000000000000                __stext = .
 *(.text)
 .text          0x0000000000000000       0xd8 /opt/amiga/m68k-amigaos/libnix/lib/ncrt0.o
                0x0000000000000000                start
                0x0000000000000064                _exit
                0x0000000000000064                exit
                0x000000000000007c                _Exit
                0x000000000000007c                ___exit
                0x00000000000000d4                __main
 .text          0x00000000000000d8      0x678 objs/binkd.o
 .text          0x0000000000000750      0x4bc objs/binkd.o
                0x0000000000000750                main
 .text          0x0000000000000c0c      0xd70 objs/readcfg.o
 .text          0x000000000000197c      0x2b4 objs/tools.o
 .text          0x0000000000001c30       0xb8 objs/ftnaddr.o
 .text          0x0000000000001ce8      0x278 objs/ftnq.o
 .text          0x0000000000001f60     0x1a08 objs/protocol.o
 .text          0x0000000000003968       0x7c objs/bsy.o
 .text          0x00000000000039e4      0x3dc objs/inbound.o
 .text          0x0000000000003dc0       0x30 objs/breaksig.o
 .text          0x0000000000003df0        0x4 objs/rename.o
 .text          0x0000000000003df4       0x30 objs/getfree.o
 .text          0x0000000000003e24       0x44 objs/bsdsock.o
 .text          0x0000000000003e68      0x180 objs/rfc2553_amiga.o
 .text          0x0000000000003fe8      0x230 objs/evloop.o
 .text          0x0000000000004218       0xe0 objs/sock.o
 .text          0x00000000000042f8      0x1e0 objs/session.o
 .text          0x00000000000044d8       0xec objs/bsycleanup.o
 .text          0x00000000000045c4       0xe8 objs/proto_amiga.o
 .text          0x00000000000046ac       0x30 objs/ftndom.o
 .text          0x00000000000046dc       0x64 objs/ftnnode.o
 .text          0x0000000000004740      0x258 objs/srif.o
 .text          0x0000000000004998       0x5c objs/prothlp.o
 .text          0x00000000000049f4       0xb4 objs/iptools.o
 .text          0x0000000000004aa8       0xd8 objs/run.o
 .text          0x0000000000004b80       0x40 objs/binlog.o
 .text          0x0000000000004bc0      0x114 objs/exitproc.o
                0x0000000000004c06                exitfunc
 .text          0x0000000000004cd4        0x4 objs/getw.o
 .text          0x0000000000004cd8       0x6c objs/xalloc.o
 .text          0x0000000000004d44       0x14 objs/md5b.o
 .text          0x0000000000004d58       0xf4 objs/compress.o
 .text          0x0000000000004e4c     0x5144 /opt/amiga/lib/libz.a(deflate.o)
                0x0000000000004e4c                deflate_copyright
                0x00000000000054ca                deflateInit_
                0x00000000000054f8                deflateInit2_
                0x0000000000005942                deflateSetDictionary
                0x0000000000005bfe                deflateGetDictionary
                0x0000000000005caa                deflateResetKeep
                0x0000000000005f0c                deflateReset
                0x0000000000005f38                deflateSetHeader
                0x0000000000005f74                deflatePending
                0x0000000000005fc0                deflatePrime
                0x000000000000609e                deflateParams
                0x0000000000006300                deflateTune
                0x0000000000006354                deflateBound
                0x000000000000667c                deflate
                0x00000000000077e4                deflateEnd
                0x000000000000790c                deflateCopy
 .text          0x0000000000009f90     0x3cf4 /opt/amiga/lib/libz.a(inflate.o)
                0x0000000000009ff4                inflateResetKeep
                0x000000000000a0fa                inflateReset
                0x000000000000a140                inflateReset2
                0x000000000000a21c                inflateInit2_
                0x000000000000a316                inflateInit_
                0x000000000000a336                inflatePrime
                0x000000000000a7d2                inflate
                0x000000000000cb9e                inflateEnd
                0x000000000000cc16                inflateGetDictionary
                0x000000000000ccd8                inflateSetDictionary
                0x000000000000cdaa                inflateGetHeader
                0x000000000000ce70                inflateSync
                0x000000000000d070                inflateSyncPoint
                0x000000000000d0b4                inflateCopy
                0x000000000000d296                inflateUndermine
                0x000000000000d2c6                inflateValidate
                0x000000000000d326                inflateMark
                0x000000000000d3a2                inflateCodesUsed
 .text          0x000000000000dc84      0x774 /opt/amiga/lib/libz.a(inftrees.o)
                0x000000000000dc84                inflate_copyright
                0x000000000000dcb4                inflate_table
 .text          0x000000000000e3f8     0x3f94 /opt/amiga/lib/libz.a(trees.o)
                0x000000000000ea3c                _dist_code
                0x000000000000ec3c                _length_code
                0x000000000000f1e6                _tr_init
                0x0000000000010fa0                _tr_stored_block
                0x00000000000111c2                _tr_flush_bits
                0x00000000000111d6                _tr_align
                0x0000000000011e0a                _tr_flush_block
                0x00000000000121f4                _tr_tally
 .text          0x000000000001238c      0x148 /opt/amiga/lib/libz.a(zutil.o)
                0x0000000000012402                z_errmsg
                0x0000000000012430                zlibVersion
                0x000000000001243e                zlibCompileFlags
                0x000000000001246a                zError
                0x000000000001249a                zcalloc
                0x00000000000124bc                zcfree
 .text          0x00000000000124d4      0x6d4 /opt/amiga/lib/libz.a(adler32.o)
                0x00000000000124d4                adler32_z
                0x0000000000012a52                adler32
                0x0000000000012b70                adler32_combine
                0x0000000000012b8c                adler32_combine64
 .text          0x0000000000012ba8     0x3410 /opt/amiga/lib/libz.a(crc32.o)
                0x0000000000015520                get_crc_table
                0x00000000000155bc                crc32_z
                0x0000000000015f12                crc32
                0x0000000000015f2e                crc32_combine64
                0x0000000000015f56                crc32_combine
                0x0000000000015f72                crc32_combine_gen64
                0x0000000000015f88                crc32_combine_gen
                0x0000000000015f9a                crc32_combine_op
 .text          0x0000000000015fb8      0x8a8 /opt/amiga/lib/libz.a(inffast.o)
                0x0000000000016008                inflate_fast
 .text          0x0000000000016860       0x24 /opt/amiga/m68k-amigaos/libnix/lib/libm.a(__adddf3.o)
                0x0000000000016860                __adddf3
 .text          0x0000000000016884       0x24 /opt/amiga/m68k-amigaos/libnix/lib/libm.a(__divdf3.o)
                0x0000000000016884                __divdf3
 .text          0x00000000000168a8       0x24 /opt/amiga/m68k-amigaos/libnix/lib/libm.a(__eqdf2.o)
                0x00000000000168a8                __ledf2
                0x00000000000168a8                __nedf2
                0x00000000000168a8                __gedf2
                0x00000000000168a8                __gtdf2
                0x00000000000168a8                __eqdf2
                0x00000000000168a8                __cmpdf2
                0x00000000000168a8                __ltdf2
 .text          0x00000000000168cc       0x14 /opt/amiga/m68k-amigaos/libnix/lib/libm.a(__extendsfdf2.o)
                0x00000000000168cc                __extendsfdf2
 .text          0x00000000000168e0       0x24 /opt/amiga/m68k-amigaos/libnix/lib/libm.a(__muldf3.o)
                0x00000000000168e0                __muldf3
 .text          0x0000000000016904       0x24 /opt/amiga/m68k-amigaos/libnix/lib/libm.a(__subdf3.o)
                0x0000000000016904                __subdf3
 .text          0x0000000000016928       0x1c /opt/amiga/m68k-amigaos/libnix/lib/libm.a(fprintf.o)
                0x0000000000016928                fprintf
 .text          0x0000000000016944       0x1c /opt/amiga/m68k-amigaos/libnix/lib/libm.a(fscanf.o)
                0x0000000000016944                fscanf
 .text          0x0000000000016960       0x20 /opt/amiga/m68k-amigaos/libnix/lib/libm.a(printf.o)
                0x0000000000016960                printf
 .text          0x0000000000016980       0x20 /opt/amiga/m68k-amigaos/libnix/lib/libm.a(snprintf.o)
                0x0000000000016980                snprintf
 .text          0x00000000000169a0       0x1c /opt/amiga/m68k-amigaos/libnix/lib/libm.a(sprintf.o)
                0x00000000000169a0                sprintf
 .text          0x00000000000169bc       0x1c /opt/amiga/m68k-amigaos/libnix/lib/libm.a(sscanf.o)
                0x00000000000169bc                sscanf
 .text          0x00000000000169d8       0x2c /opt/amiga/m68k-amigaos/libnix/lib/libm.a(vfprintf.o)
                0x00000000000169d8                vfprintf
 .text          0x0000000000016a04     0x1440 /opt/amiga/m68k-amigaos/libnix/lib/libm.a(vfscanf.o)
                0x0000000000016a1c                vfscanf
 .text          0x0000000000017e44       0x9c /opt/amiga/m68k-amigaos/libnix/lib/libm.a(vsnprintf.o)
                0x0000000000017e44                vsnprintf
 .text          0x0000000000017ee0       0x54 /opt/amiga/m68k-amigaos/libnix/lib/libm.a(vsprintf.o)
                0x0000000000017ee0                vsprintf
 .text          0x0000000000017f34       0x40 /opt/amiga/m68k-amigaos/libnix/lib/libm.a(vsscanf.o)
                0x0000000000017f34                vsscanf
 .text          0x0000000000017f74       0x18 /opt/amiga/m68k-amigaos/libnix/lib/libm.a(__truncdfsf2.o)
                0x0000000000017f74                __truncdfsf2
 .text          0x0000000000017f8c     0x1a84 /opt/amiga/m68k-amigaos/libnix/lib/libm.a(__vfprintf_total_size.o)
                0x0000000000017f9c                __vfprintf_total_size
 .text          0x0000000000019a10       0x24 /opt/amiga/m68k-amigaos/libnix/lib/libm.a(pow.o)
                0x0000000000019a10                pow
 .text          0x0000000000019a34       0x14 /opt/amiga/m68k-amigaos/lib//libamiga.a(delay.o)
                0x0000000000019a34                Delay
 .text          0x0000000000019a48       0x1c /opt/amiga/m68k-amigaos/libnix/lib/libnix20.a(__divsi3.o)
                0x0000000000019a48                __modsi3
                0x0000000000019a54                __divsi3
 .text          0x0000000000019a64      0x5b8 /opt/amiga/m68k-amigaos/libnix/lib/libnix20.a(__initstdio.o)
                0x0000000000019a64                _setup_file
                0x0000000000019aa4                isatty
                0x0000000000019ad8                _lx_fhfromfd
                0x0000000000019b00                fdopen
                0x0000000000019c1c                __fclose
                0x0000000000019d54                __initstdio
                0x0000000000019ea2                close
                0x0000000000019f0e                fclose
                0x0000000000019fa0                __exitstdio
 .text          0x000000000001a01c       0x10 /opt/amiga/m68k-amigaos/libnix/lib/libnix20.a(__mulsi3.o)
                0x000000000001a01c                __mulsi3
 .text          0x000000000001a02c      0x2b0 /opt/amiga/m68k-amigaos/libnix/lib/libnix20.a(__nocommandline.o)
                0x000000000001a02c                __nocommandline
                0x000000000001a250                __exitcommandline
 .text          0x000000000001a2dc       0x1c /opt/amiga/m68k-amigaos/libnix/lib/libnix20.a(__udivsi3.o)
                0x000000000001a2dc                __umodsi3
                0x000000000001a2e8                __udivsi3
 .text          0x000000000001a2f8      0x19c /opt/amiga/m68k-amigaos/libnix/lib/libnix20.a(environ.o)
                0x000000000001a2f8                __fillenviron
                0x000000000001a414                __clearenviron
                0x000000000001a454                clearenv
 .text          0x000000000001a494      0x1b4 /opt/amiga/m68k-amigaos/libnix/lib/libnix20.a(fstat.o)
                0x000000000001a494                fstat
 .text          0x000000000001a648       0xd0 /opt/amiga/m68k-amigaos/libnix/lib/libnix20.a(stat.o)
                0x000000000001a648                stat
                0x000000000001a648                lstat
 .text          0x000000000001a718      0x890 /opt/amiga/m68k-amigaos/libnix/lib/libnix20.a(strftime.o)
                0x000000000001a924                strftime
                0x000000000001afa2                wcsftime
 .text          0x000000000001afa8        0x4 /opt/amiga/m68k-amigaos/libnix/lib/libnix.a(__decimalpoint.o)
 .text          0x000000000001afac       0x88 /opt/amiga/m68k-amigaos/libnix/lib/libnix.a(__fflush.o)
                0x000000000001afac                __fflush
 .text          0x000000000001b034        0x4 /opt/amiga/m68k-amigaos/libnix/lib/libnix.a(__gmtoffset.o)
                0x000000000001b034                tzset
 .text          0x000000000001b038       0x40 /opt/amiga/m68k-amigaos/libnix/lib/libnix.a(__initcpp.o)
                0x000000000001b038                __initcpp
                0x000000000001b05c                __exitcpp
 .text          0x000000000001b078       0xc4 /opt/amiga/m68k-amigaos/libnix/lib/libnix.a(__initlibraries.o)
                0x000000000001b094                __initlibraries
                0x000000000001b0f0                __exitlibraries
 .text          0x000000000001b13c       0x94 /opt/amiga/m68k-amigaos/libnix/lib/libnix.a(__initlibraries.o)
 .text          0x000000000001b1d0       0x3c /opt/amiga/m68k-amigaos/libnix/lib/libnix.a(__seterrno.o)
                0x000000000001b1d0                __seterrno
 .text          0x000000000001b20c      0x1ec /opt/amiga/m68k-amigaos/libnix/lib/libnix.a(__stat.o)
                0x000000000001b20c                __stat
 .text          0x000000000001b3f8       0xb8 /opt/amiga/m68k-amigaos/libnix/lib/libnix.a(__ulldivus.o)
                0x000000000001b3f8                __ulldivus
 .text          0x000000000001b4b0      0x10c /opt/amiga/m68k-amigaos/libnix/lib/libnix.a(_ctype_.o)
                0x000000000001b4b0                __ctype
                0x000000000001b5b4                __locale_ctype_ptr
 .text          0x000000000001b5bc       0x48 /opt/amiga/m68k-amigaos/libnix/lib/libnix.a(access.o)
                0x000000000001b5bc                access
 .text          0x000000000001b604       0x50 /opt/amiga/m68k-amigaos/libnix/lib/libnix.a(atexit.o)
                0x000000000001b604                atexit
                0x000000000001b636                __exitatexit
 .text          0x000000000001b654       0x18 /opt/amiga/m68k-amigaos/libnix/lib/libnix.a(atoi.o)
                0x000000000001b654                atoi
 .text          0x000000000001b66c       0x18 /opt/amiga/m68k-amigaos/libnix/lib/libnix.a(atol.o)
                0x000000000001b66c                atol
 .text          0x000000000001b684      0x11c /opt/amiga/m68k-amigaos/libnix/lib/libnix.a(bcopy.o)
                0x000000000001b684                bcopy
                0x000000000001b684                __bcopz
 .text          0x000000000001b7a0       0x78 /opt/amiga/m68k-amigaos/libnix/lib/libnix.a(bsearch.o)
                0x000000000001b7a0                bsearch
 .text          0x000000000001b818       0x40 /opt/amiga/m68k-amigaos/libnix/lib/libnix.a(calloc.o)
                0x000000000001b818                calloc
 .text          0x000000000001b858       0x60 /opt/amiga/m68k-amigaos/libnix/lib/libnix.a(dup.o)
                0x000000000001b858                dup
 .text          0x000000000001b8b8      0x118 /opt/amiga/m68k-amigaos/libnix/lib/libnix.a(dup2.o)
                0x000000000001b8b8                dup2
 .text          0x000000000001b9d0       0x44 /opt/amiga/m68k-amigaos/libnix/lib/libnix.a(fflush.o)
                0x000000000001b9d0                fflush
 .text          0x000000000001ba14       0x4c /opt/amiga/m68k-amigaos/libnix/lib/libnix.a(fgets.o)
                0x000000000001ba14                fgets
 .text          0x000000000001ba60       0xc0 /opt/amiga/m68k-amigaos/libnix/lib/libnix.a(fopen.o)
                0x000000000001ba60                fopen
 .text          0x000000000001bb20       0x38 /opt/amiga/m68k-amigaos/libnix/lib/libnix.a(fputs.o)
                0x000000000001bb20                fputs
 .text          0x000000000001bb58       0x84 /opt/amiga/m68k-amigaos/libnix/lib/libnix.a(fread.o)
                0x000000000001bb58                fread
 .text          0x000000000001bbdc      0x128 /opt/amiga/m68k-amigaos/libnix/lib/libnix.a(freopen.o)
                0x000000000001bbdc                freopen
 .text          0x000000000001bd04       0xe4 /opt/amiga/m68k-amigaos/libnix/lib/libnix.a(fseek.o)
                0x000000000001bd04                fseek
 .text          0x000000000001bde8       0x7c /opt/amiga/m68k-amigaos/libnix/lib/libnix.a(ftell.o)
                0x000000000001bde8                ftell
 .text          0x000000000001be64       0x84 /opt/amiga/m68k-amigaos/libnix/lib/libnix.a(fwrite.o)
                0x000000000001be64                fwrite
 .text          0x000000000001bee8       0x30 /opt/amiga/m68k-amigaos/libnix/lib/libnix.a(getc.o)
                0x000000000001bee8                getc
 .text          0x000000000001bf18       0xb4 /opt/amiga/m68k-amigaos/libnix/lib/libnix.a(getenv.o)
                0x000000000001bf34                getenv
 .text          0x000000000001bfcc      0xab4 /opt/amiga/m68k-amigaos/libnix/lib/libnix.a(getopt.o)
                0x000000000001c05e                getopt
                0x000000000001c0c8                getopt_long
                0x000000000001c0c8                getopt_long_only
                0x000000000001c146                __getopt_long_r
                0x000000000001c146                __getopt_r
                0x000000000001c146                __getopt_long_only_r
 .text          0x000000000001ca80       0x14 /opt/amiga/m68k-amigaos/libnix/lib/libnix.a(gmtime.o)
                0x000000000001ca80                gmtime
 .text          0x000000000001ca94      0x224 /opt/amiga/m68k-amigaos/libnix/lib/libnix.a(gmtime_r.o)
                0x000000000001ca94                gmtime_r
 .text          0x000000000001ccb8       0x30 /opt/amiga/m68k-amigaos/libnix/lib/libnix.a(localtime.o)
                0x000000000001ccb8                localtime
 .text          0x000000000001cce8      0x1b8 /opt/amiga/m68k-amigaos/libnix/lib/libnix.a(lseek.o)
                0x000000000001cce8                lseek
 .text          0x000000000001cea0      0x238 /opt/amiga/m68k-amigaos/libnix/lib/libnix.a(malloc.o)
                0x000000000001cea0                malloc
                0x000000000001cf9e                free
                0x000000000001d03e                __initmalloc
                0x000000000001d080                __exitmalloc
 .text          0x000000000001d0d8       0x24 /opt/amiga/m68k-amigaos/libnix/lib/libnix.a(memcpy.o)
                0x000000000001d0d8                memcpy
 .text          0x000000000001d0fc       0xa4 /opt/amiga/m68k-amigaos/libnix/lib/libnix.a(memset.o)
                0x000000000001d0fc                memset
 .text          0x000000000001d1a0       0x48 /opt/amiga/m68k-amigaos/libnix/lib/libnix.a(mkdir.o)
                0x000000000001d1a0                mkdir
 .text          0x000000000001d1e8      0x19c /opt/amiga/m68k-amigaos/libnix/lib/libnix.a(mktime.o)
                0x000000000001d1e8                mktime
 .text          0x000000000001d384      0x16c /opt/amiga/m68k-amigaos/libnix/lib/libnix.a(open.o)
                0x000000000001d384                open
                0x000000000001d41a                __allocfd
 .text          0x000000000001d4f0       0x44 /opt/amiga/m68k-amigaos/libnix/lib/libnix.a(putc.o)
                0x000000000001d4f0                putc
 .text          0x000000000001d534       0x18 /opt/amiga/m68k-amigaos/libnix/lib/libnix.a(putchar.o)
                0x000000000001d534                putchar
 .text          0x000000000001d54c       0x50 /opt/amiga/m68k-amigaos/libnix/lib/libnix.a(puts.o)
                0x000000000001d54c                puts
 .text          0x000000000001d59c      0x164 /opt/amiga/m68k-amigaos/libnix/lib/libnix.a(qsort.o)
                0x000000000001d59c                qsort
 .text          0x000000000001d700       0x34 /opt/amiga/m68k-amigaos/libnix/lib/libnix.a(rand.o)
                0x000000000001d700                rand
                0x000000000001d728                srand
 .text          0x000000000001d734       0x80 /opt/amiga/m68k-amigaos/libnix/lib/libnix.a(read.o)
                0x000000000001d734                read
 .text          0x000000000001d7b4       0x7c /opt/amiga/m68k-amigaos/libnix/lib/libnix.a(realloc.o)
                0x000000000001d7b4                realloc
 .text          0x000000000001d830       0x2c /opt/amiga/m68k-amigaos/libnix/lib/libnix.a(remove.o)
                0x000000000001d830                rmdir
                0x000000000001d830                remove
                0x000000000001d830                unlink
 .text          0x000000000001d85c       0x60 /opt/amiga/m68k-amigaos/libnix/lib/libnix.a(signal.o)
                0x000000000001d85c                signal
 .text          0x000000000001d8bc       0x14 /opt/amiga/m68k-amigaos/libnix/lib/libnix.a(strcat.o)
                0x000000000001d8bc                strcat
 .text          0x000000000001d8d0       0x1c /opt/amiga/m68k-amigaos/libnix/lib/libnix.a(strchr.o)
                0x000000000001d8d0                strchr
                0x000000000001d8d0                index
 .text          0x000000000001d8ec       0x28 /opt/amiga/m68k-amigaos/libnix/lib/libnix.a(strcmp.o)
                0x000000000001d8ec                strcmp
 .text          0x000000000001d914       0x28 /opt/amiga/m68k-amigaos/libnix/lib/libnix.a(strdup.o)
                0x000000000001d914                strdup
 .text          0x000000000001d93c      0xb0c /opt/amiga/m68k-amigaos/libnix/lib/libnix.a(strerror.o)
                0x000000000001e360                strerror
                0x000000000001e3aa                strerror_r
 .text          0x000000000001e448       0x10 /opt/amiga/m68k-amigaos/libnix/lib/libnix.a(strlen.o)
                0x000000000001e448                strlen
 .text          0x000000000001e458       0x3c /opt/amiga/m68k-amigaos/libnix/lib/libnix.a(strncmp.o)
                0x000000000001e458                strncmp
 .text          0x000000000001e494       0x24 /opt/amiga/m68k-amigaos/libnix/lib/libnix.a(strncpy.o)
                0x000000000001e494                strncpy
 .text          0x000000000001e4b8       0x24 /opt/amiga/m68k-amigaos/libnix/lib/libnix.a(strrchr.o)
                0x000000000001e4b8                rindex
                0x000000000001e4b8                strrchr
 .text          0x000000000001e4dc       0x38 /opt/amiga/m68k-amigaos/libnix/lib/libnix.a(strstr.o)
                0x000000000001e4dc                strstr
 .text          0x000000000001e514       0x74 /opt/amiga/m68k-amigaos/libnix/lib/libnix.a(strtok.o)
                0x000000000001e514                strtok
 .text          0x000000000001e588       0xc4 /opt/amiga/m68k-amigaos/libnix/lib/libnix.a(strtol.o)
                0x000000000001e588                strtol
 .text          0x000000000001e64c      0x284 /opt/amiga/m68k-amigaos/libnix/lib/libnix.a(strtoul.o)
                0x000000000001e64c                strtoul
 .text          0x000000000001e8d0       0x68 /opt/amiga/m68k-amigaos/libnix/lib/libnix.a(time.o)
                0x000000000001e8d0                time
 .text          0x000000000001e938       0xb8 /opt/amiga/m68k-amigaos/libnix/lib/libnix.a(ungetc.o)
                0x000000000001e938                ungetc
 .text          0x000000000001e9f0       0x9c /opt/amiga/m68k-amigaos/libnix/lib/libnix.a(write.o)
                0x000000000001e9f0                write
 .text          0x000000000001ea8c       0x30 /opt/amiga/m68k-amigaos/libnix/lib/libnix.a(__chkabort.o)
                0x000000000001ea8c                __chkabort
 .text          0x000000000001eabc      0x118 /opt/amiga/m68k-amigaos/libnix/lib/libnix.a(__srget.o)
                0x000000000001eabc                __srget
 .text          0x000000000001ebd4       0xf0 /opt/amiga/m68k-amigaos/libnix/lib/libnix.a(__swbuf.o)
                0x000000000001ebd4                __swbuf
 .text          0x000000000001ecc4       0xc0 /opt/amiga/m68k-amigaos/libnix/lib/libnix.a(chmod.o)
                0x000000000001ecc4                chmod
 .text          0x000000000001ed84       0x30 /opt/amiga/m68k-amigaos/libnix/lib/libnix.a(iswxdigit.o)
                0x000000000001ed84                iswxdigit
 .text          0x000000000001edb4       0xdc /opt/amiga/m68k-amigaos/libnix/lib/libnix.a(raise.o)
                0x000000000001edbe                raise
 .text          0x000000000001ee90       0x2c /opt/amiga/m68k-amigaos/libnix/lib/libnix.a(strcspn.o)
                0x000000000001ee90                strcspn
 .text          0x000000000001eebc       0x24 /opt/amiga/m68k-amigaos/libnix/lib/libnix.a(strspn.o)
                0x000000000001eebc                strspn
 .text          0x000000000001eee0        0xc /opt/amiga/m68k-amigaos/lib//libstubs.a(dos.o)
 .text          0x000000000001eeec       0x10 /opt/amiga/m68k-amigaos/lib//libstubs.a(locale.o)
 .text          0x000000000001eefc       0x18 /opt/amiga/m68k-amigaos/lib//libstubs.a(mathieeedoubbas.o)
 .text          0x000000000001ef14       0x1c /opt/amiga/m68k-amigaos/lib//libstubs.a(mathieeedoubtrans.o)
 .text          0x000000000001ef30       0x10 /opt/amiga/m68k-amigaos/lib//libstubs.a(utility.o)
 .text          0x000000000001ef40       0x68 /opt/amiga/lib/gcc/m68k-amigaos/6.5.0b/libgcc.a(_fixunsdfsi.o)
                0x000000000001ef40                __fixunsdfsi
 .text          0x000000000001efa8       0x6c /opt/amiga/lib/gcc/m68k-amigaos/6.5.0b/libgcc.a(xfpgnulib__floatunsidf.o)
                0x000000000001efa8                __floatunsidf
 .text          0x000000000001f014       0xc4 /opt/amiga/lib/gcc/m68k-amigaos/6.5.0b/libgcc.a(xfpgnulib__floatsidf.o)
                0x000000000001f014                __floatsidf
 .text          0x000000000001f0d8       0x1c /opt/amiga/lib/gcc/m68k-amigaos/6.5.0b/libgcc.a(xfpgnulib__floatsisf.o)
                0x000000000001f0d8                __floatsisf
 .text          0x000000000001f0f4       0x88 /opt/amiga/lib/gcc/m68k-amigaos/6.5.0b/libgcc.a(xfpgnulib__fixdfsi.o)
                0x000000000001f0f4                __fixdfsi
 .text          0x000000000001f17c       0x18 /opt/amiga/m68k-amigaos/libnix/lib/libnix20.a(stricmp.o)
                0x000000000001f17c                strcasecmp
                0x000000000001f17c                stricmp
 *(.text.main)
 *(.text*)
 .text.usage    0x000000000001f194       0x2c objs/binkd.o
                0x000000000001f194                usage
 .text.parseargs
                0x000000000001f1c0      0x344 objs/binkd.o
                0x000000000001f1c0                parseargs
 .text.simplelist_add
                0x000000000001f504       0x44 objs/readcfg.o
                0x000000000001f504                simplelist_add
 .text.simplelist_free
                0x000000000001f548       0x44 objs/readcfg.o
                0x000000000001f548                simplelist_free
 .text.destroy_configlist
                0x000000000001f58c       0x14 objs/readcfg.o
 .text.destroy_domains
                0x000000000001f5a0       0x2c objs/readcfg.o
 .text.destroy_evtflags
                0x000000000001f5cc       0x2c objs/readcfg.o
 .text.destroy_rfrules
                0x000000000001f5f8       0x24 objs/readcfg.o
 .text.destroy_maskchain
                0x000000000001f61c       0x14 objs/readcfg.o
                0x000000000001f61c                destroy_maskchain
 .text.destroy_skipchain
                0x000000000001f630       0x14 objs/readcfg.o
 .text.destroy_akachain
                0x000000000001f644       0x14 objs/readcfg.o
 .text.destroy_shares
                0x000000000001f658       0x14 objs/readcfg.o
 .text.destroy_zrule
                0x000000000001f66c       0x14 objs/readcfg.o
 .text.destroy_rate
                0x000000000001f680       0x14 objs/readcfg.o
 .text.lock_config_structure
                0x000000000001f694       0xe0 objs/readcfg.o
                0x000000000001f694                lock_config_structure
 .text.unlock_config_structure
                0x000000000001f774      0x134 objs/readcfg.o
                0x000000000001f774                unlock_config_structure
 .text.lock_current_config
                0x000000000001f8a8       0x38 objs/readcfg.o
                0x000000000001f8a8                lock_current_config
 .text.ConfigError
                0x000000000001f8e0       0x38 objs/readcfg.o
 .text.isDefined
                0x000000000001f918       0x20 objs/readcfg.o
 .text.add_to_config_list
                0x000000000001f938       0x88 objs/readcfg.o
 .text.check_boxes
                0x000000000001f9c0      0x1c0 objs/readcfg.o
 .text.split_passwords
                0x000000000001fb80       0x78 objs/readcfg.o
 .text.readcfg0
                0x000000000001fbf8      0x180 objs/readcfg.o
 .text.readcfg  0x000000000001fd78      0x44c objs/readcfg.o
                0x000000000001fd78                readcfg
 .text.checkcfg
                0x00000000000201c4      0x250 objs/readcfg.o
                0x00000000000201c4                checkcfg
 .text.isArgCount
                0x0000000000020414       0x20 objs/readcfg.o
 .text.SyntaxError
                0x0000000000020434       0x18 objs/readcfg.o
 .text.check_dir_path
                0x000000000002044c       0x34 objs/readcfg.o
 .text.Config_ParseAddress
                0x0000000000020480       0x38 objs/readcfg.o
 .text.include  0x00000000000204b8       0x70 objs/readcfg.o
 .text.passwords
                0x0000000000020528       0x24 objs/readcfg.o
 .text.read_aka_list
                0x000000000002054c      0x198 objs/readcfg.o
 .text.read_domain_info
                0x00000000000206e4      0x1ec objs/readcfg.o
 .text.read_node_info
                0x00000000000208d0      0x51c objs/readcfg.o
 .text.get_host_and_port
                0x0000000000020dec      0x124 objs/readcfg.o
                0x0000000000020dec                get_host_and_port
 .text.read_string
                0x0000000000020f10       0xe0 objs/readcfg.o
 .text.read_int
                0x0000000000020ff0       0xa8 objs/readcfg.o
 .text.log_bootstrap
                0x0000000000021098       0x2c objs/readcfg.o
 .text.read_log_string
                0x00000000000210c4       0x28 objs/readcfg.o
 .text.read_log_int
                0x00000000000210ec       0x28 objs/readcfg.o
 .text.read_bool
                0x0000000000021114       0x20 objs/readcfg.o
 .text.read_time
                0x0000000000021134      0x170 objs/readcfg.o
 .text.read_inboundcase
                0x00000000000212a4       0xa4 objs/readcfg.o
 .text.read_dontsendempty
                0x0000000000021348       0x88 objs/readcfg.o
 .text.read_renamestyle
                0x00000000000213d0       0x6c objs/readcfg.o
 .text.read_rfrule
                0x000000000002143c       0x5c objs/readcfg.o
 .text.mask_test
                0x0000000000021498       0x44 objs/readcfg.o
                0x0000000000021498                mask_test
 .text.read_mask
                0x00000000000214dc       0x60 objs/readcfg.o
 .text.read_akachain
                0x000000000002153c       0xa0 objs/readcfg.o
 .text.read_listen
                0x00000000000215dc      0x16c objs/readcfg.o
 .text.zrule_test
                0x0000000000021748       0x60 objs/readcfg.o
                0x0000000000021748                zrule_test
 .text.read_zrule
                0x00000000000217a8       0x70 objs/readcfg.o
 .text.parse_addrtype
                0x0000000000021818       0x84 objs/readcfg.o
 .text.read_skip
                0x000000000002189c      0x17c objs/readcfg.o
 .text.read_check_pkthdr
                0x0000000000021a18       0x90 objs/readcfg.o
 .text.parse_rate
                0x0000000000021aa8       0x9c objs/readcfg.o
                0x0000000000021aa8                parse_rate
 .text.read_rate
                0x0000000000021b44       0xec objs/readcfg.o
 .text.read_port
                0x0000000000021c30       0x68 objs/readcfg.o
 .text.read_flag_exec_info
                0x0000000000021c98       0xbc objs/readcfg.o
 .text.print_node_info_1
                0x0000000000021d54      0x2c8 objs/readcfg.o
 .text.describe_addrtype
                0x000000000002201c       0x5c objs/readcfg.o
 .text.describe_rate
                0x0000000000022078       0xb8 objs/readcfg.o
                0x0000000000022078                describe_rate
 .text.debug_readcfg
                0x0000000000022130      0x6e4 objs/readcfg.o
                0x0000000000022130                debug_readcfg
 .text.read_shares
                0x0000000000022814      0x140 objs/readcfg.o
 .text.strlower
                0x0000000000022954       0x44 objs/tools.o
                0x0000000000022954                strlower
 .text.strupper
                0x0000000000022998       0x44 objs/tools.o
                0x0000000000022998                strupper
 .text.mkpath0  0x00000000000229dc       0xc0 objs/tools.o
                0x00000000000229dc                mkpath0
 .text.mkpath   0x0000000000022a9c       0x48 objs/tools.o
                0x0000000000022a9c                mkpath
 .text.rnd      0x0000000000022ae4       0x40 objs/tools.o
                0x0000000000022ae4                rnd
 .text.create_empty_sem_file
                0x0000000000022b24       0x30 objs/tools.o
                0x0000000000022b24                create_empty_sem_file
 .text.create_sem_file
                0x0000000000022b54      0x12c objs/tools.o
                0x0000000000022b54                create_sem_file
 .text.safe_gmtime
                0x0000000000022c80       0x4c objs/tools.o
                0x0000000000022c80                safe_gmtime
 .text.safe_localtime
                0x0000000000022ccc       0x4c objs/tools.o
                0x0000000000022ccc                safe_localtime
 .text.InitLog  0x0000000000022d18       0x64 objs/tools.o
                0x0000000000022d18                InitLog
 .text.vLog     0x0000000000022d7c      0x2b4 objs/tools.o
                0x0000000000022d7c                vLog
 .text.Log      0x0000000000023030       0x20 objs/tools.o
                0x0000000000023030                Log
 .text.o_stricmp
                0x0000000000023050       0x74 objs/tools.o
                0x0000000000023050                o_stricmp
 .text.o_strnicmp
                0x00000000000230c4       0x98 objs/tools.o
                0x00000000000230c4                o_strnicmp
 .text.strquote
                0x000000000002315c       0xa0 objs/tools.o
                0x000000000002315c                strquote
 .text.strdequote
                0x00000000000231fc      0x1a4 objs/tools.o
                0x00000000000231fc                strdequote
 .text.strwipe  0x00000000000233a0       0x44 objs/tools.o
                0x00000000000233a0                strwipe
 .text.strnzcpy
                0x00000000000233e4       0x24 objs/tools.o
                0x00000000000233e4                strnzcpy
 .text.strnzcat
                0x0000000000023408       0x34 objs/tools.o
                0x0000000000023408                strnzcat
 .text.parse_args
                0x000000000002343c       0x90 objs/tools.o
                0x000000000002343c                parse_args
 .text.touch    0x00000000000234cc       0x24 objs/tools.o
                0x00000000000234cc                touch
 .text.ed       0x00000000000234f0      0x198 objs/tools.o
                0x00000000000234f0                ed
 .text.delete   0x0000000000023688       0x5c objs/tools.o
                0x0000000000023688                delete
 .text.trunc_file
                0x00000000000236e4       0x6c objs/tools.o
                0x00000000000236e4                trunc_file
 .text.sdelete  0x0000000000023750       0x8c objs/tools.o
                0x0000000000023750                sdelete
 .text.get_os_string
                0x00000000000237dc       0x34 objs/tools.o
                0x00000000000237dc                get_os_string
 .text.ispkt    0x0000000000023810       0x1c objs/tools.o
                0x0000000000023810                ispkt
 .text.isreq    0x000000000002382c       0x1c objs/tools.o
                0x000000000002382c                isreq
 .text.istic    0x0000000000023848       0x1c objs/tools.o
                0x0000000000023848                istic
 .text.isarcmail
                0x0000000000023864       0xe4 objs/tools.o
                0x0000000000023864                isarcmail
 .text.print_args
                0x0000000000023948       0xb4 objs/tools.o
                0x0000000000023948                print_args
 .text.mkargv   0x00000000000239fc       0x68 objs/tools.o
                0x00000000000239fc                mkargv
 .text.makeinboundcase
                0x0000000000023a64      0x114 objs/tools.o
                0x0000000000023a64                makeinboundcase
 .text.safe_atol
                0x0000000000023b78       0x80 objs/tools.o
                0x0000000000023b78                safe_atol
 .text.last_slash
                0x0000000000023bf8       0x24 objs/tools.o
                0x0000000000023bf8                last_slash
 .text.extract_filename
                0x0000000000023c1c       0x3c objs/tools.o
                0x0000000000023c1c                extract_filename
 .text.pkt_getaddr
                0x0000000000023c58      0x1f0 objs/tools.o
                0x0000000000023c58                pkt_getaddr
 .text.pkt_setaddr
                0x0000000000023e48      0x1f8 objs/tools.o
                0x0000000000023e48                pkt_setaddr
 .text.tz_off   0x0000000000024040       0x74 objs/tools.o
                0x0000000000024040                tz_off
 .text.parse_ftnaddress
                0x00000000000240b4      0x438 objs/ftnaddr.o
                0x00000000000240b4                parse_ftnaddress
 .text.xftnaddress_to_str
                0x00000000000244ec       0xcc objs/ftnaddr.o
                0x00000000000244ec                xftnaddress_to_str
 .text.exp_ftnaddress
                0x00000000000245b8       0xa8 objs/ftnaddr.o
                0x00000000000245b8                exp_ftnaddress
 .text.ftnaddress_cmp
                0x0000000000024660       0x80 objs/ftnaddr.o
                0x0000000000024660                ftnaddress_cmp
 .text.ftnamask_cmpm
                0x00000000000246e0       0x70 objs/ftnaddr.o
                0x00000000000246e0                ftnamask_cmpm
 .text.ftnaddress_to_domain
                0x0000000000024750       0x9c objs/ftnaddr.o
                0x0000000000024750                ftnaddress_to_domain
 .text.ftnaddress_to_filename_
                0x00000000000247ec      0x128 objs/ftnaddr.o
                0x00000000000247ec                ftnaddress_to_filename_
 .text.qn_free  0x0000000000024914       0x18 objs/ftnq.o
 .text.q_free   0x000000000002492c       0x74 objs/ftnq.o
                0x000000000002492c                q_free
 .text.qn_scan  0x00000000000249a0       0x30 objs/ftnq.o
 .text.q_scan   0x00000000000249d0      0x278 objs/ftnq.o
                0x00000000000249d0                q_scan
 .text.q_scan_addrs
                0x0000000000024c48       0xd4 objs/ftnq.o
                0x0000000000024c48                q_scan_addrs
 .text.weight_by_name
                0x0000000000024d1c       0x40 objs/ftnq.o
 .text.to32     0x0000000000024d5c       0x28 objs/ftnq.o
 .text.q_scan_box
                0x0000000000024d84      0x150 objs/ftnq.o
 .text.q_scan_boxes
                0x0000000000024ed4      0x524 objs/ftnq.o
                0x0000000000024ed4                q_scan_boxes
 .text.process_hld
                0x00000000000253f8       0x98 objs/ftnq.o
                0x00000000000253f8                process_hld
 .text.process_bsy
                0x0000000000025490       0xfc objs/ftnq.o
 .text.q_add_dir
                0x000000000002558c      0x8d8 objs/ftnq.o
 .text.q_add_file
                0x0000000000025e64      0x38c objs/ftnq.o
                0x0000000000025e64                q_add_file
 .text.q_add_last_file
                0x00000000000261f0       0x60 objs/ftnq.o
                0x00000000000261f0                q_add_last_file
 .text.qn_list  0x0000000000026250       0xe4 objs/ftnq.o
 .text.q_list   0x0000000000026334       0xbc objs/ftnq.o
                0x0000000000026334                q_list
 .text.q_sort   0x00000000000263f0      0x210 objs/ftnq.o
                0x00000000000263f0                q_sort
 .text.select_next_file
                0x0000000000026600       0x2c objs/ftnq.o
                0x0000000000026600                select_next_file
 .text.q_get_sizes
                0x000000000002662c      0x1a8 objs/ftnq.o
                0x000000000002662c                q_get_sizes
 .text.q_freq_num
                0x00000000000267d4       0x24 objs/ftnq.o
                0x00000000000267d4                q_freq_num
 .text.qn_not_empty
                0x00000000000267f8       0xa4 objs/ftnq.o
 .text.q_not_empty
                0x000000000002689c       0x58 objs/ftnq.o
                0x000000000002689c                q_not_empty
 .text.q_next_node
                0x00000000000268f4       0x24 objs/ftnq.o
                0x00000000000268f4                q_next_node
 .text.create_poll
                0x0000000000026918      0x10c objs/ftnq.o
                0x0000000000026918                create_poll
 .text.hold_node
                0x0000000000026a24      0x11c objs/ftnq.o
                0x0000000000026a24                hold_node
 .text.write_try
                0x0000000000026b40       0xc0 objs/ftnq.o
                0x0000000000026b40                write_try
 .text.read_try
                0x0000000000026c00       0xcc objs/ftnq.o
                0x0000000000026c00                read_try
 .text.bad_try  0x0000000000026ccc       0x8c objs/ftnq.o
                0x0000000000026ccc                bad_try
 .text.good_try
                0x0000000000026d58       0x64 objs/ftnq.o
                0x0000000000026d58                good_try
 .text.remove_try
                0x0000000000026dbc       0x74 objs/ftnq.o
                0x0000000000026dbc                remove_try
 .text.init_protocol
                0x0000000000026e30      0x30c objs/protocol.o
                0x0000000000026e30                init_protocol
 .text.close_partial
                0x000000000002713c       0xec objs/protocol.o
 .text.deinit_protocol
                0x0000000000027228      0x160 objs/protocol.o
                0x0000000000027228                deinit_protocol
 .text.process_rcvdlist
                0x0000000000027388       0x64 objs/protocol.o
                0x0000000000027388                process_rcvdlist
 .text.msg_send2
                0x00000000000273ec      0x1b4 objs/protocol.o
                0x00000000000273ec                msg_send2
 .text.msg_sendf
                0x00000000000275a0       0x48 objs/protocol.o
 .text.send_block
                0x00000000000275e8      0x9a8 objs/protocol.o
                0x00000000000275e8                send_block
 .text.parse_msg_args
                0x0000000000027f90       0x4c objs/protocol.o
 .text.perform_action
                0x0000000000027fdc       0xac objs/protocol.o
 .text.remove_from_spool
                0x0000000000028088      0x38c objs/protocol.o
 .text.remove_from_sent_files_queue
                0x0000000000028414       0x84 objs/protocol.o
 .text.do_prescan
                0x0000000000028498       0xfc objs/protocol.o
 .text.NUL      0x0000000000028594      0x4c8 objs/protocol.o
 .text.RError   0x0000000000028a5c       0x5c objs/protocol.o
 .text.BSY      0x0000000000028ab8       0x5c objs/protocol.o
 .text.send_ADR
                0x0000000000028b14      0x33c objs/protocol.o
 .text.ADR      0x0000000000028e50      0xffc objs/protocol.o
 .text.select_inbound
                0x0000000000029e4c       0x48 objs/protocol.o
 .text.complete_login
                0x0000000000029e94      0x2c0 objs/protocol.o
 .text.PWD      0x000000000002a154      0x4a8 objs/protocol.o
 .text.OK       0x000000000002a5fc       0xdc objs/protocol.o
 .text.skip_test
                0x000000000002a6d8       0x80 objs/protocol.o
                0x000000000002a6d8                skip_test
 .text.setup_rate_limit
                0x000000000002a758      0x118 objs/protocol.o
 .text.check_rate_limit
                0x000000000002a870      0x358 objs/protocol.o
 .text.start_file_recv
                0x000000000002abc8      0x650 objs/protocol.o
 .text.ND_set_status
                0x000000000002b218      0x180 objs/protocol.o
                0x000000000002b218                ND_set_status
 .text.z_send_init
                0x000000000002b398       0xdc objs/protocol.o
 .text.GET      0x000000000002b474      0x664 objs/protocol.o
 .text.SKIP     0x000000000002bad8      0x244 objs/protocol.o
 .text.GOT      0x000000000002bd1c      0x488 objs/protocol.o
 .text.EOB      0x000000000002c1a4      0x1b4 objs/protocol.o
 .text.recv_block
                0x000000000002c358      0x86c objs/protocol.o
                0x000000000002c358                recv_block
 .text.banner   0x000000000002cbc4      0x354 objs/protocol.o
                0x000000000002cbc4                banner
 .text.start_file_transfer
                0x000000000002cf18      0x738 objs/protocol.o
                0x000000000002cf18                start_file_transfer
 .text.log_end_of_session
                0x000000000002d650       0xf8 objs/protocol.o
                0x000000000002d650                log_end_of_session
 .text.protocol
                0x000000000002d748      0xc60 objs/protocol.o
                0x000000000002d748                protocol
 .text.bsy_init
                0x000000000002e3a8       0x10 objs/bsy.o
                0x000000000002e3a8                bsy_init
 .text.bsy_deinit
                0x000000000002e3b8       0x10 objs/bsy.o
                0x000000000002e3b8                bsy_deinit
 .text.bsy_add  0x000000000002e3c8      0x1ec objs/bsy.o
                0x000000000002e3c8                bsy_add
 .text.bsy_test
                0x000000000002e5b4       0xb8 objs/bsy.o
                0x000000000002e5b4                bsy_test
 .text.bsy_remove
                0x000000000002e66c      0x1ac objs/bsy.o
                0x000000000002e66c                bsy_remove
 .text.bsy_remove_all
                0x000000000002e818      0x198 objs/bsy.o
                0x000000000002e818                bsy_remove_all
 .text.bsy_touch
                0x000000000002e9b0      0x124 objs/bsy.o
                0x000000000002e9b0                bsy_touch
 .text.remove_hr
                0x000000000002ead4       0x54 objs/inbound.o
 .text.to_be_deleted
                0x000000000002eb28       0xc4 objs/inbound.o
 .text.inb_has_partials
                0x000000000002ebec      0x244 objs/inbound.o
                0x000000000002ebec                inb_has_partials
 .text.find_tmp_name
                0x000000000002ee30      0x6d8 objs/inbound.o
 .text.inb_remove_partial
                0x000000000002f508       0x20 objs/inbound.o
                0x000000000002f508                inb_remove_partial
 .text.inb_fopen
                0x000000000002f528      0x288 objs/inbound.o
                0x000000000002f528                inb_fopen
 .text.inb_reject
                0x000000000002f7b0       0x78 objs/inbound.o
                0x000000000002f7b0                inb_reject
 .text.check_pkthdr
                0x000000000002f828      0x338 objs/inbound.o
                0x000000000002f828                check_pkthdr
 .text.next_inb_filename
                0x000000000002fb60      0x130 objs/inbound.o
 .text.inb_done
                0x000000000002fc90      0x5e4 objs/inbound.o
                0x000000000002fc90                inb_done
 .text.inb_test
                0x0000000000030274      0x140 objs/inbound.o
                0x0000000000030274                inb_test
 .text.set_break_handlers
                0x00000000000303b4       0x38 objs/breaksig.o
                0x00000000000303b4                set_break_handlers
 .text.o_rename
                0x00000000000303ec      0x2e0 objs/rename.o
                0x00000000000303ec                o_rename
 .text.getfree  0x00000000000306cc       0x90 objs/getfree.o
                0x00000000000306cc                getfree
 .text.amiga_sock_init
                0x000000000003075c       0x78 objs/bsdsock.o
                0x000000000003075c                amiga_sock_init
 .text.amiga_sock_cleanup
                0x00000000000307d4       0x20 objs/bsdsock.o
                0x00000000000307d4                amiga_sock_cleanup
 .text.opendir  0x00000000000307f4      0x150 objs/dirent.o
                0x00000000000307f4                opendir
 .text.readdir  0x0000000000030944       0x7c objs/dirent.o
                0x0000000000030944                readdir
 .text.closedir
                0x00000000000309c0       0x54 objs/dirent.o
                0x00000000000309c0                closedir
 .text.utime    0x0000000000030a14       0xf0 objs/utime.o
                0x0000000000030a14                utime
 .text.getaddrinfo
                0x0000000000030b04      0x318 objs/rfc2553_amiga.o
                0x0000000000030b04                getaddrinfo
 .text.freeaddrinfo
                0x0000000000030e1c       0x30 objs/rfc2553_amiga.o
                0x0000000000030e1c                freeaddrinfo
 .text.gai_strerror
                0x0000000000030e4c       0x24 objs/rfc2553_amiga.o
                0x0000000000030e4c                gai_strerror
 .text._InitSem
                0x0000000000030e70       0x5c objs/sem.o
                0x0000000000030e70                _InitSem
 .text._CleanSem
                0x0000000000030ecc        0x4 objs/sem.o
                0x0000000000030ecc                _CleanSem
 .text._LockSem
                0x0000000000030ed0       0x18 objs/sem.o
                0x0000000000030ed0                _LockSem
 .text._ReleaseSem
                0x0000000000030ee8       0x18 objs/sem.o
                0x0000000000030ee8                _ReleaseSem
 .text._InitEventSem
                0x0000000000030f00       0x34 objs/sem.o
                0x0000000000030f00                _InitEventSem
 .text._CleanEventSem
                0x0000000000030f34       0x34 objs/sem.o
                0x0000000000030f34                _CleanEventSem
 .text.calc_max_sessions
                0x0000000000030f68       0x44 objs/evloop.o
 .text.amiga_evloop_run
                0x0000000000030fac      0x86c objs/evloop.o
                0x0000000000030fac                amiga_evloop_run
 .text.set_nonblock
                0x0000000000031818       0x50 objs/sock.o
                0x0000000000031818                set_nonblock
 .text.open_listen_sockets
                0x0000000000031868      0x2f4 objs/sock.o
                0x0000000000031868                open_listen_sockets
 .text.close_listen_sockets
                0x0000000000031b5c       0x38 objs/sock.o
                0x0000000000031b5c                close_listen_sockets
 .text.sess_alloc
                0x0000000000031b94       0x78 objs/session.o
                0x0000000000031b94                sess_alloc
 .text.sess_free
                0x0000000000031c0c       0x6c objs/session.o
                0x0000000000031c0c                sess_free
 .text.do_accept
                0x0000000000031c78      0x1f4 objs/session.o
                0x0000000000031c78                do_accept
 .text.start_connect
                0x0000000000031e6c      0x218 objs/session.o
                0x0000000000031e6c                start_connect
 .text.try_outbound
                0x0000000000032084      0x2b0 objs/session.o
                0x0000000000032084                try_outbound
 .text.check_connect
                0x0000000000032334      0x1d8 objs/session.o
                0x0000000000032334                check_connect
 .text.do_session_step
                0x000000000003250c      0x280 objs/session.o
                0x000000000003250c                do_session_step
 .text.scan_and_delete_bsy_in_dir
                0x000000000003278c       0xf8 objs/bsycleanup.o
 .text.cleanup_old_bsy
                0x0000000000032884      0x1cc objs/bsycleanup.o
                0x0000000000032884                cleanup_old_bsy
 .text.amiga_proto_open
                0x0000000000032a50      0x130 objs/proto_amiga.o
                0x0000000000032a50                amiga_proto_open
 .text.amiga_proto_step
                0x0000000000032b80      0x35c objs/proto_amiga.o
                0x0000000000032b80                amiga_proto_step
 .text.amiga_proto_close
                0x0000000000032edc      0x244 objs/proto_amiga.o
                0x0000000000032edc                amiga_proto_close
 .text.get_domain_info
                0x0000000000033120       0x3c objs/ftndom.o
                0x0000000000033120                get_domain_info
 .text.get_matched_domain
                0x000000000003315c       0x94 objs/ftndom.o
                0x000000000003315c                get_matched_domain
 .text.nodes_init
                0x00000000000331f0       0x10 objs/ftnnode.o
                0x00000000000331f0                nodes_init
 .text.nodes_deinit
                0x0000000000033200       0x10 objs/ftnnode.o
                0x0000000000033200                nodes_deinit
 .text.node_cmp
                0x0000000000033210       0x20 objs/ftnnode.o
 .text.sort_nodes
                0x0000000000033230       0x2c objs/ftnnode.o
 .text.add_node_nolock
                0x000000000003325c      0x384 objs/ftnnode.o
 .text.add_node
                0x00000000000335e0       0xb0 objs/ftnnode.o
                0x00000000000335e0                add_node
 .text.search_for_node
                0x0000000000033690       0x34 objs/ftnnode.o
 .text.get_node_info_nolock
                0x00000000000336c4      0x318 objs/ftnnode.o
 .text.get_node_info
                0x00000000000339dc       0x34 objs/ftnnode.o
                0x00000000000339dc                get_node_info
 .text.foreach_node
                0x0000000000033a10       0xb8 objs/ftnnode.o
                0x0000000000033a10                foreach_node
 .text.poll_node
                0x0000000000033ac8      0x11c objs/ftnnode.o
                0x0000000000033ac8                poll_node
 .text.free_nodes
                0x0000000000033be4       0x90 objs/ftnnode.o
                0x0000000000033be4                free_nodes
 .text.evt_queue
                0x0000000000033c74       0x68 objs/srif.o
 .text.evt_test
                0x0000000000033cdc      0x100 objs/srif.o
                0x0000000000033cdc                evt_test
 .text.evt_set  0x0000000000033ddc       0x9c objs/srif.o
                0x0000000000033ddc                evt_set
 .text.run_args
                0x0000000000033e78      0x488 objs/srif.o
 .text.evt_run  0x0000000000034300      0x4fc objs/srif.o
                0x0000000000034300                evt_run
 .text.xpmatch  0x00000000000347fc      0x224 objs/pmatch.o
                0x00000000000347fc                xpmatch
 .text.read_flo_line
                0x0000000000034a20       0xd8 objs/readflo.o
                0x0000000000034a20                read_flo_line
 .text.trans_flo_line
                0x0000000000034af8       0x80 objs/readflo.o
                0x0000000000034af8                trans_flo_line
 .text.tfile_cmp
                0x0000000000034b78       0x74 objs/prothlp.o
                0x0000000000034b78                tfile_cmp
 .text.add_to_killlist
                0x0000000000034bec       0xa4 objs/prothlp.o
                0x0000000000034bec                add_to_killlist
 .text.q_to_killlist
                0x0000000000034c90       0x48 objs/prothlp.o
                0x0000000000034c90                q_to_killlist
 .text.free_killlist
                0x0000000000034cd8       0x1c objs/prothlp.o
                0x0000000000034cd8                free_killlist
 .text.process_killlist
                0x0000000000034cf4       0x64 objs/prothlp.o
                0x0000000000034cf4                process_killlist
 .text.add_to_rcvdlist
                0x0000000000034d58       0x84 objs/prothlp.o
                0x0000000000034d58                add_to_rcvdlist
 .text.free_rcvdlist
                0x0000000000034ddc       0x1c objs/prothlp.o
                0x0000000000034ddc                free_rcvdlist
 .text.netname_
                0x0000000000034df8      0x1fc objs/prothlp.o
                0x0000000000034df8                netname_
 .text.setsockopts
                0x0000000000034ff4       0x50 objs/iptools.o
                0x0000000000034ff4                setsockopts
 .text.setsockopts_amiga
                0x0000000000035044       0xf4 objs/iptools.o
                0x0000000000035044                setsockopts_amiga
 .text.find_port
                0x0000000000035138      0x108 objs/iptools.o
                0x0000000000035138                find_port
 .text.sockaddr_cmp_addr
                0x0000000000035240       0x7c objs/iptools.o
                0x0000000000035240                sockaddr_cmp_addr
 .text.run      0x00000000000352bc      0x260 objs/run.o
                0x00000000000352bc                run
 .text.fput16   0x000000000003551c       0x3c objs/binlog.o
 .text.fput32   0x0000000000035558       0x38 objs/binlog.o
 .text.BinLogStat
                0x0000000000035590      0x398 objs/binlog.o
                0x0000000000035590                BinLogStat
 .text.close_srvmgr_socket
                0x0000000000035928       0x50 objs/exitproc.o
                0x0000000000035928                close_srvmgr_socket
 .text.getwordx2
                0x0000000000035978      0x39c objs/getw.o
                0x0000000000035978                getwordx2
 .text.xalloc   0x0000000000035d14       0x48 objs/xalloc.o
                0x0000000000035d14                xalloc
 .text.xrealloc
                0x0000000000035d5c       0x3c objs/xalloc.o
                0x0000000000035d5c                xrealloc
 .text.xstrdup  0x0000000000035d98       0x24 objs/xalloc.o
                0x0000000000035d98                xstrdup
 .text.xstrcat  0x0000000000035dbc       0x48 objs/xalloc.o
                0x0000000000035dbc                xstrcat
 .text.xfree    0x0000000000035e04       0x14 objs/xalloc.o
                0x0000000000035e04                xfree
 .text.initsetproctitle
                0x0000000000035e18        0x4 objs/setpttl.o
                0x0000000000035e18                initsetproctitle
 .text.setproctitle
                0x0000000000035e1c        0x4 objs/setpttl.o
                0x0000000000035e1c                setproctitle
 .text.MD5Update
                0x0000000000035e20       0xcc objs/md5b.o
 .text.MD5Final
                0x0000000000035eec       0x84 objs/md5b.o
 .text.MD5Transform
                0x0000000000035f70      0x75c objs/md5b.o
 .text.Encode   0x00000000000366cc       0x34 objs/md5b.o
 .text.hmac_md5
                0x0000000000036700      0x1ac objs/md5b.o
 .text.MD_getChallenge
                0x00000000000368ac      0x1d8 objs/md5b.o
                0x00000000000368ac                MD_getChallenge
 .text.MD_toString
                0x0000000000036a84       0x94 objs/md5b.o
                0x0000000000036a84                MD_toString
 .text.MD_buildDigest
                0x0000000000036b18       0x6c objs/md5b.o
                0x0000000000036b18                MD_buildDigest
 .text.update_keys
                0x0000000000036b84       0x84 objs/crypt.o
                0x0000000000036b84                update_keys
 .text.init_keys
                0x0000000000036c08       0x40 objs/crypt.o
                0x0000000000036c08                init_keys
 .text.decrypt_byte
                0x0000000000036c48       0x2c objs/crypt.o
                0x0000000000036c48                decrypt_byte
 .text.decrypt_buf
                0x0000000000036c74       0x4c objs/crypt.o
                0x0000000000036c74                decrypt_buf
 .text.encrypt_buf
                0x0000000000036cc0       0x50 objs/crypt.o
                0x0000000000036cc0                encrypt_buf
 .text.compress_init
                0x0000000000036d10       0x84 objs/compress.o
                0x0000000000036d10                compress_init
 .text.do_compress
                0x0000000000036d94       0x68 objs/compress.o
                0x0000000000036d94                do_compress
 .text.compress_deinit
                0x0000000000036dfc       0x5c objs/compress.o
                0x0000000000036dfc                compress_deinit
 .text.compress_abort
                0x0000000000036e58       0x7c objs/compress.o
                0x0000000000036e58                compress_abort
 .text.decompress_init
                0x0000000000036ed4       0x70 objs/compress.o
                0x0000000000036ed4                decompress_init
 .text.do_decompress
                0x0000000000036f44       0x60 objs/compress.o
                0x0000000000036f44                do_decompress
 .text.decompress_deinit
                0x0000000000036fa4       0x4c objs/compress.o
                0x0000000000036fa4                decompress_deinit
 .text.decompress_abort
                0x0000000000036ff0       0x7c objs/compress.o
                0x0000000000036ff0                decompress_abort
 *(_*)
 *(.rodata*)
 .rodata.prio   0x000000000003706c       0x10 objs/ftnq.o
                0x000000000003706c                prio
 .rodata.flo_flvrs
                0x000000000003707c        0xc objs/ftnq.o
 .rodata.out_flvrs
                0x0000000000037088        0xc objs/ftnq.o
 *(.data.rel.ro*)
 *(.gnu.linkonce.t.*)
 *(.gnu.linkonce.r.*)
 *(.gcc_except_table*)
 *(SORT_BY_NAME(.list___EH_FRAME*))
 *(SORT_BY_NAME(.list_*))
 .list___CTOR_LIST__
                0x0000000000037094        0x4 /opt/amiga/m68k-amigaos/libnix/lib/ncrt0.o
                0x0000000000037094                __CTOR_LIST__
 .list___DTOR_LIST__
                0x0000000000037098        0x4 /opt/amiga/m68k-amigaos/libnix/lib/ncrt0.o
                0x0000000000037098                __DTOR_LIST__
 .list___EXIT_LIST__
                0x000000000003709c        0x4 /opt/amiga/m68k-amigaos/libnix/lib/ncrt0.o
                0x000000000003709c                __EXIT_LIST__
 .list___EXIT_LIST__
                0x00000000000370a0        0x8 /opt/amiga/m68k-amigaos/libnix/lib/libnix20.a(__initstdio.o)
 .list___EXIT_LIST__
                0x00000000000370a8        0x8 /opt/amiga/m68k-amigaos/libnix/lib/libnix20.a(__nocommandline.o)
 .list___EXIT_LIST__
                0x00000000000370b0        0x8 /opt/amiga/m68k-amigaos/libnix/lib/libnix.a(__initcpp.o)
 .list___EXIT_LIST__
                0x00000000000370b8        0x8 /opt/amiga/m68k-amigaos/libnix/lib/libnix.a(__initlibraries.o)
 .list___EXIT_LIST__
                0x00000000000370c0        0x8 /opt/amiga/m68k-amigaos/libnix/lib/libnix.a(atexit.o)
 .list___EXIT_LIST__
                0x00000000000370c8        0x8 /opt/amiga/m68k-amigaos/libnix/lib/libnix.a(malloc.o)
 .list___INIT_LIST__
                0x00000000000370d0        0x4 /opt/amiga/m68k-amigaos/libnix/lib/ncrt0.o
                0x00000000000370d0                __INIT_LIST__
 .list___INIT_LIST__
                0x00000000000370d4        0x8 /opt/amiga/m68k-amigaos/libnix/lib/libnix20.a(__initstdio.o)
 .list___INIT_LIST__
                0x00000000000370dc        0x8 /opt/amiga/m68k-amigaos/libnix/lib/libnix20.a(__nocommandline.o)
 .list___INIT_LIST__
                0x00000000000370e4        0x8 /opt/amiga/m68k-amigaos/libnix/lib/libnix20.a(environ.o)
 .list___INIT_LIST__
                0x00000000000370ec        0x8 /opt/amiga/m68k-amigaos/libnix/lib/libnix.a(__initcpp.o)
 .list___INIT_LIST__
                0x00000000000370f4        0x8 /opt/amiga/m68k-amigaos/libnix/lib/libnix.a(__initlibraries.o)
 .list___INIT_LIST__
                0x00000000000370fc        0x8 /opt/amiga/m68k-amigaos/libnix/lib/libnix.a(malloc.o)
 *(.end_of_lists)
 .end_of_lists  0x0000000000037104        0x4 /opt/amiga/m68k-amigaos/libnix/lib/ncrt0.o
                0x0000000000037108                ___datadata_relocs = .
                0x0000000000037108                __etext = .
                0x0000000000037108                ___text_size = SIZEOF (.text)
                0x0000000000037108                . = ALIGN (0x0)

.data           0x0000000000037108      0xfd4
                0x0000000000037108                __sdata = .
 *(.data)
 .data          0x0000000000037108        0xc /opt/amiga/m68k-amigaos/libnix/lib/ncrt0.o
                0x0000000000037108                SysBase
                0x000000000003710c                __SaveSP
 .data          0x0000000000037114       0x34 objs/protocol.o
 .data          0x0000000000037148        0xc objs/bsdsock.o
 .data          0x0000000000037154       0x10 /opt/amiga/m68k-amigaos/libnix/lib/libnix20.a(__initstdio.o)
                0x0000000000037154                __sF
                0x0000000000037158                __filelist
 .data          0x0000000000037164        0x4 /opt/amiga/m68k-amigaos/libnix/lib/libnix20.a(environ.o)
                0x0000000000037164                environ
 .data          0x0000000000037168       0xa8 /opt/amiga/m68k-amigaos/libnix/lib/libnix20.a(strftime.o)
 .data          0x0000000000037210       0x1c /opt/amiga/m68k-amigaos/libnix/lib/libnixmain.a(__stdiowin.o)
                0x0000000000037210                __stdiowin
 .data          0x000000000003722c        0x4 /opt/amiga/m68k-amigaos/libnix/lib/libnix.a(__bufsiz.o)
                0x000000000003722c                __BUFSIZ
 .data          0x0000000000037230        0x4 /opt/amiga/m68k-amigaos/libnix/lib/libnix.a(__decimalpoint.o)
                0x0000000000037230                __decimalpoint
 .data          0x0000000000037234       0xd0 /opt/amiga/m68k-amigaos/libnix/lib/libnix.a(__seterrno.o)
 .data          0x0000000000037304        0x4 /opt/amiga/m68k-amigaos/libnix/lib/libnix.a(_ctype_.o)
                0x0000000000037304                _ctype_
 .data          0x0000000000037308        0x8 /opt/amiga/m68k-amigaos/libnix/lib/libnix.a(getopt.o)
                0x0000000000037308                opterr
                0x000000000003730c                optopt
 .data          0x0000000000037310        0xc /opt/amiga/m68k-amigaos/libnix/lib/libnix.a(gmtime_r.o)
 .data          0x000000000003731c        0x4 /opt/amiga/m68k-amigaos/libnix/lib/libnix.a(rand.o)
 .data          0x0000000000037320      0x210 /opt/amiga/m68k-amigaos/libnix/lib/libnix.a(strerror.o)
                0x0000000000037320                __sys_errlist
 .data          0x0000000000037530        0x4 /opt/amiga/m68k-amigaos/libnix/lib/libnix.a(_MSTEP.o)
                0x0000000000037530                _MSTEP
 *(SORT_BY_NAME(.data.*))
 .data.PADDING  0x0000000000037534       0x40 objs/md5b.o
 .data.ai_errlist
                0x0000000000037574       0x30 objs/rfc2553_amiga.o
 .data.brakeExt
                0x00000000000375a4       0x20 objs/ftnq.o
 .data.commands
                0x00000000000375c4       0x2c objs/protocol.o
 .data.crc_32_tab
                0x00000000000375f0      0x400 objs/crypt.o
                0x00000000000375f0                crc_32_tab
 .data.current_conlog
                0x00000000000379f0        0x4 objs/tools.o
 .data.current_loglevel
                0x00000000000379f4        0x4 objs/tools.o
 .data.current_path
                0x00000000000379f8        0x4 objs/readcfg.o
 .data.first_time.5779
                0x00000000000379fc        0x4 objs/tools.o
 .data.inetd_socket_in
                0x0000000000037a00        0x4 objs/binkd.o
 .data.inetd_socket_out
                0x0000000000037a04        0x4 objs/binkd.o
 .data.keywords
                0x0000000000037a08      0x618 objs/readcfg.o
 .data.marks.5787
                0x0000000000038020        0x4 objs/tools.o
 .data.month.5780
                0x0000000000038024       0x30 objs/tools.o
 .data.optstring
                0x0000000000038054        0x4 objs/binkd.o
                0x0000000000038054                optstring
 .data.scommand
                0x0000000000038058       0x2c objs/protocol.o
 .data.spaces   0x0000000000038084        0x4 objs/readcfg.o
 .data.valid_filename_chars
                0x0000000000038088        0x8 objs/srif.o
 .data.weekext.4610
                0x0000000000038090       0x1c objs/prothlp.o
 *(SORT_BY_NAME(.dlist___EH_FRAME_OBJECT*))
 *(SORT_BY_NAME(.dlist_*))
 .dlist___LIB_LIST__
                0x00000000000380ac        0x4 /opt/amiga/m68k-amigaos/libnix/lib/ncrt0.o
                0x00000000000380ac                __LIB_LIST__
 .dlist___LIB_LIST__
                0x00000000000380b0        0x8 /opt/amiga/m68k-amigaos/lib//libstubs.a(dos.o)
                0x00000000000380b0                DOSBase
 .dlist___LIB_LIST__
                0x00000000000380b8        0x8 /opt/amiga/m68k-amigaos/lib//libstubs.a(locale.o)
                0x00000000000380b8                LocaleBase
 .dlist___LIB_LIST__
                0x00000000000380c0        0x8 /opt/amiga/m68k-amigaos/lib//libstubs.a(mathieeedoubbas.o)
                0x00000000000380c0                MathIeeeDoubBasBase
 .dlist___LIB_LIST__
                0x00000000000380c8        0x8 /opt/amiga/m68k-amigaos/lib//libstubs.a(mathieeedoubtrans.o)
                0x00000000000380c8                MathIeeeDoubTransBase
 .dlist___LIB_LIST__
                0x00000000000380d0        0x8 /opt/amiga/m68k-amigaos/lib//libstubs.a(utility.o)
                0x00000000000380d0                UtilityBase
 *(.end_of_dlists)
 .end_of_dlists
                0x00000000000380d8        0x4 /opt/amiga/m68k-amigaos/libnix/lib/ncrt0.o
 *(.data.__EH_FRAME_OBJECT__*)
 *(.gnu.linkonce.d.*)
                0x00000000000380dc                __edata = .
                0x0000000000000fd4                ___data_size = SIZEOF (.data)

.bss            0x00000000000380dc     0x3a70
                0x00000000000380dc                __bss_start = .
 *(.bss)
 .bss           0x00000000000380dc        0x4 /opt/amiga/m68k-amigaos/libnix/lib/ncrt0.o
 .bss           0x00000000000380e0        0x4 /opt/amiga/m68k-amigaos/libnix/lib/libnix20.a(__initstdio.o)
 .bss           0x00000000000380e4        0xc /opt/amiga/m68k-amigaos/libnix/lib/libnix20.a(__nocommandline.o)
 .bss           0x00000000000380f0        0x4 /opt/amiga/m68k-amigaos/libnix/lib/libnix20.a(environ.o)
 .bss           0x00000000000380f4        0x8 /opt/amiga/m68k-amigaos/libnix/lib/libnix.a(__gmtoffset.o)
                0x00000000000380f4                timezone
                0x00000000000380f8                daylight
 .bss           0x00000000000380fc       0x14 /opt/amiga/m68k-amigaos/libnix/lib/libnix.a(__localevec.o)
                0x00000000000380fc                __localevec
 .bss           0x0000000000038110        0x4 /opt/amiga/m68k-amigaos/libnix/lib/libnix.a(atexit.o)
 .bss           0x0000000000038114        0xc /opt/amiga/m68k-amigaos/libnix/lib/libnix.a(getopt.o)
                0x0000000000038114                optarg
                0x0000000000038118                optind
 .bss           0x0000000000038120       0x24 /opt/amiga/m68k-amigaos/libnix/lib/libnix.a(gmtime.o)
 .bss           0x0000000000038144        0x4 /opt/amiga/m68k-amigaos/libnix/lib/libnix.a(lseek.o)
 .bss           0x0000000000038148        0x4 /opt/amiga/m68k-amigaos/libnix/lib/libnix.a(strtok.o)
 .bss           0x000000000003814c       0x20 /opt/amiga/m68k-amigaos/libnix/lib/libnix.a(__signalfunc.o)
                0x000000000003814c                __signalfunc
                0x0000000000038164                __signalpending
                0x0000000000038168                __signalmask
 *(.bss.*)
 .bss.pidsmgr   0x000000000003816c        0x4 objs/binkd.o
                0x000000000003816c                pidsmgr
 .bss.remote_addr
                0x0000000000038170        0x4 objs/binkd.o
 .bss.remote_node
                0x0000000000038174        0x4 objs/binkd.o
 .bss.configpath
                0x0000000000038178        0x4 objs/binkd.o
                0x0000000000038178                configpath
 .bss.inetd_flag
                0x000000000003817c        0x4 objs/binkd.o
                0x000000000003817c                inetd_flag
 .bss.server_flag
                0x0000000000038180        0x4 objs/binkd.o
                0x0000000000038180                server_flag
 .bss.client_flag
                0x0000000000038184        0x4 objs/binkd.o
                0x0000000000038184                client_flag
 .bss.poll_flag
                0x0000000000038188        0x4 objs/binkd.o
                0x0000000000038188                poll_flag
 .bss.quiet_flag
                0x000000000003818c        0x4 objs/binkd.o
                0x000000000003818c                quiet_flag
 .bss.verbose_flag
                0x0000000000038190        0x4 objs/binkd.o
                0x0000000000038190                verbose_flag
 .bss.dumpcfg_flag
                0x0000000000038194        0x4 objs/binkd.o
                0x0000000000038194                dumpcfg_flag
 .bss.checkcfg_flag
                0x0000000000038198        0x4 objs/binkd.o
                0x0000000000038198                checkcfg_flag
 .bss.no_MD5    0x000000000003819c        0x4 objs/binkd.o
                0x000000000003819c                no_MD5
 .bss.no_crypt  0x00000000000381a0        0x4 objs/binkd.o
                0x00000000000381a0                no_crypt
 .bss.no_flag   0x00000000000381a4        0x4 objs/binkd.o
                0x00000000000381a4                no_flag
 .bss.psPolls   0x00000000000381a8        0x8 objs/binkd.o
 .bss.work_config
                0x00000000000381b0     0x32c8 objs/readcfg.o
 .bss.current_line
                0x000000000003b478        0x4 objs/readcfg.o
 .bss.linebuf   0x000000000003b47c      0x404 objs/readcfg.o
 .bss.level.6332
                0x000000000003b880        0x4 objs/readcfg.o
 .bss.reload_pending.6305
                0x000000000003b884        0x4 objs/readcfg.o
 .bss.stable_mtime.6304
                0x000000000003b888        0x4 objs/readcfg.o
 .bss.change_seen.6303
                0x000000000003b88c        0x4 objs/readcfg.o
 .bss.last_reload.6302
                0x000000000003b890        0x4 objs/readcfg.o
 .bss.buf.6646  0x000000000003b894        0xc objs/readcfg.o
 .bss.current_logpath
                0x000000000003b8a0        0x4 objs/tools.o
 .bss.current_nolog
                0x000000000003b8a4        0x4 objs/tools.o
 .bss.i.5738    0x000000000003b8a8        0x4 objs/tools.o
 .bss.need_newline.5783
                0x000000000003b8ac        0x4 objs/tools.o
 .bss.os.5953   0x000000000003b8b0       0x50 objs/tools.o
 .bss.n_clients
                0x000000000003b900        0x4 objs/client.o
                0x000000000003b900                n_clients
 .bss.sem       0x000000000003b904       0x30 objs/bsy.o
 .bss.bsy_list  0x000000000003b934        0x4 objs/bsy.o
                0x000000000003b934                bsy_list
 .bss.last_touch.5717
                0x000000000003b938        0x4 objs/bsy.o
 .bss.SocketBase
                0x000000000003b93c        0x4 objs/bsdsock.o
                0x000000000003b93c                SocketBase
 .bss.passive_dummy.5032
                0x000000000003b940        0x4 objs/rfc2553_amiga.o
 .bss.sessions  0x000000000003b944        0x4 objs/evloop.o
                0x000000000003b944                sessions
 .bss.max_sessions
                0x000000000003b948        0x4 objs/evloop.o
                0x000000000003b948                max_sessions
 .bss.idle_loops.6534
                0x000000000003b94c        0x4 objs/evloop.o
 .bss.sockfd_used
                0x000000000003b950        0x4 objs/sock.o
                0x000000000003b950                sockfd_used
 .bss.n_servers
                0x000000000003b954        0x4 objs/sock.o
                0x000000000003b954                n_servers
 .bss.ext_rand  0x000000000003b958        0x4 objs/sock.o
                0x000000000003b958                ext_rand
 .bss.NSem      0x000000000003b95c       0x30 objs/ftnnode.o
 *(COMMON)
 COMMON         0x000000000003b98c       0x18 /opt/amiga/m68k-amigaos/libnix/lib/ncrt0.o
                0x000000000003b98c                _WBenchMsg
                0x000000000003b990                __argv
                0x000000000003b994                __commandlen
                0x000000000003b998                __commandline
                0x000000000003b99c                __env
                0x000000000003b9a0                __argc
 COMMON         0x000000000003b9a4      0x13e objs/binkd.o
                0x000000000003b9a4                wakecmgr
                0x000000000003b9ac                blsem
                0x000000000003b9dc                saved_envp
                0x000000000003b9e0                resolvsem
                0x000000000003ba10                mypid
                0x000000000003ba14                lsem
                0x000000000003ba44                config_sem
                0x000000000003ba74                hostsem
                0x000000000003baa4                errno
                0x000000000003bab4                varsem
 *fill*         0x000000000003bae2        0x2 
 COMMON         0x000000000003bae4        0x4 objs/readcfg.o
                0x000000000003bae4                current_config
 COMMON         0x000000000003bae8       0x40 objs/sock.o
                0x000000000003bae8                sockfd
 COMMON         0x000000000003bb28        0x4 objs/exitproc.o
                0x000000000003bb28                binkd_exit
 COMMON         0x000000000003bb2c        0x8 /opt/amiga/m68k-amigaos/libnix/lib/libnix20.a(__initstdio.o)
                0x000000000003bb2c                __stdfiledes
                0x000000000003bb30                __stdfilesize
 COMMON         0x000000000003bb34        0x8 /opt/amiga/m68k-amigaos/libnix/lib/libnix.a(__gmtoffset.o)
                0x000000000003bb34                _tzname
 COMMON         0x000000000003bb3c       0x10 /opt/amiga/m68k-amigaos/libnix/lib/libnix.a(malloc.o)
                0x000000000003bb3c                __memsema
                0x000000000003bb40                __memorylist
                0x000000000003bb4c                __end = .
                0x0000000000003a70                ___bss_size = SIZEOF (.bss)

.datachip
 *(.datachip)

.bsschip
 *(.bsschip)

.dwarf          0x000000000003bb4c        0x0
                0x000000000003bb4c                __debug_frame_start = .
 *(.debug_frame)
                0x000000000003bb4c                __debug_info_start = .
 *(.debug_info)
                0x000000000003bb4c                __debug_abbrev_start = .
 *(.debug_abbrev)
                0x000000000003bb4c                __debug_loclists_start = .
 *(.debug_loclists)
                0x000000000003bb4c                __debug_aranges_start = .
 *(.debug_aranges)
                0x000000000003bb4c                __debug_rgnlists_start = .
 *(.debug_rnglists)
                0x000000000003bb4c                __debug_line_start = .
 *(.debug_line)
                0x000000000003bb4c                __debug_str_start = .
 *(.debug_str)
                0x000000000003bb4c                __debug_line_str_start = .
 *(.debug_line_str)
OUTPUT(binkd amiga)
