Archive member included to satisfy reference by file (symbol)

/opt/amiga/lib/libz.a(deflate.o)
                              objs/compress.o (deflateInit_)
/opt/amiga/lib/libz.a(inflate.o)
                              objs/compress.o (inflateInit_)
/opt/amiga/lib/libz.a(inftrees.o)
                              /opt/amiga/lib/libz.a(inflate.o) (inflate_table)
/opt/amiga/lib/libz.a(trees.o)
                              /opt/amiga/lib/libz.a(deflate.o) (_dist_code)
/opt/amiga/lib/libz.a(zutil.o)
                              /opt/amiga/lib/libz.a(deflate.o) (z_errmsg)
/opt/amiga/lib/libz.a(adler32.o)
                              /opt/amiga/lib/libz.a(deflate.o) (adler32)
/opt/amiga/lib/libz.a(crc32.o)
                              /opt/amiga/lib/libz.a(deflate.o) (crc32)
/opt/amiga/lib/libz.a(inffast.o)
                              /opt/amiga/lib/libz.a(inflate.o) (inflate_fast)
/opt/amiga/m68k-amigaos/libnix/lib/libm.a(__divdf3.o)
                              objs/protocol.o (__divdf3)
/opt/amiga/m68k-amigaos/libnix/lib/libm.a(__extendsfdf2.o)
                              objs/protocol.o (__extendsfdf2)
/opt/amiga/m68k-amigaos/libnix/lib/libm.a(__muldf3.o)
                              objs/protocol.o (__muldf3)
/opt/amiga/m68k-amigaos/libnix/lib/libm.a(fprintf.o)
                              objs/binkd.o (fprintf)
/opt/amiga/m68k-amigaos/libnix/lib/libm.a(fscanf.o)
                              objs/ftnq.o (fscanf)
/opt/amiga/m68k-amigaos/libnix/lib/libm.a(printf.o)
                              objs/binkd.o (printf)
/opt/amiga/m68k-amigaos/libnix/lib/libm.a(snprintf.o)
                              objs/readcfg.o (snprintf)
/opt/amiga/m68k-amigaos/libnix/lib/libm.a(sprintf.o)
                              objs/tools.o (sprintf)
/opt/amiga/m68k-amigaos/libnix/lib/libm.a(sscanf.o)
                              objs/ftnq.o (sscanf)
/opt/amiga/m68k-amigaos/libnix/lib/libm.a(vfprintf.o)
                              /opt/amiga/m68k-amigaos/libnix/lib/libm.a(fprintf.o) (vfprintf)
/opt/amiga/m68k-amigaos/libnix/lib/libm.a(vfscanf.o)
                              /opt/amiga/m68k-amigaos/libnix/lib/libm.a(fscanf.o) (vfscanf)
/opt/amiga/m68k-amigaos/libnix/lib/libm.a(vsnprintf.o)
                              objs/tools.o (vsnprintf)
/opt/amiga/m68k-amigaos/libnix/lib/libm.a(vsprintf.o)
                              /opt/amiga/m68k-amigaos/libnix/lib/libm.a(sprintf.o) (vsprintf)
/opt/amiga/m68k-amigaos/libnix/lib/libm.a(vsscanf.o)
                              /opt/amiga/m68k-amigaos/libnix/lib/libm.a(sscanf.o) (vsscanf)
/opt/amiga/m68k-amigaos/libnix/lib/libm.a(__adddf3.o)
                              /opt/amiga/m68k-amigaos/libnix/lib/libm.a(vfscanf.o) (__adddf3)
/opt/amiga/m68k-amigaos/libnix/lib/libm.a(__truncdfsf2.o)
                              /opt/amiga/m68k-amigaos/libnix/lib/libm.a(vfscanf.o) (__truncdfsf2)
/opt/amiga/m68k-amigaos/libnix/lib/libm.a(__vfprintf_total_size.o)
                              /opt/amiga/m68k-amigaos/libnix/lib/libm.a(vfprintf.o) (__vfprintf_total_size)
/opt/amiga/m68k-amigaos/libnix/lib/libm.a(pow.o)
                              /opt/amiga/m68k-amigaos/libnix/lib/libm.a(vfscanf.o) (pow)
/opt/amiga/m68k-amigaos/libnix/lib/libm.a(__eqdf2.o)
                              /opt/amiga/m68k-amigaos/libnix/lib/libm.a(__vfprintf_total_size.o) (__ltdf2)
/opt/amiga/m68k-amigaos/libnix/lib/libm.a(__subdf3.o)
                              /opt/amiga/m68k-amigaos/libnix/lib/libm.a(__vfprintf_total_size.o) (__subdf3)
/opt/amiga/m68k-amigaos/lib//libamiga.a(delay.o)
                              objs/tools.o (Delay)
/opt/amiga/m68k-amigaos/libnix/lib/libnix20.a(__divsi3.o)
                              objs/readcfg.o (__modsi3)
/opt/amiga/m68k-amigaos/libnix/lib/libnix20.a(__initstdio.o)
                              objs/inbound.o (fdopen)
/opt/amiga/m68k-amigaos/libnix/lib/libnix20.a(__mulsi3.o)
                              objs/getfree.o (__mulsi3)
/opt/amiga/m68k-amigaos/libnix/lib/libnix20.a(__nocommandline.o)
                              /opt/amiga/m68k-amigaos/libnix/lib/ncrt0.o (__nocommandline)
/opt/amiga/m68k-amigaos/libnix/lib/libnix20.a(__udivsi3.o)
                              objs/rename.o (__umodsi3)
/opt/amiga/m68k-amigaos/libnix/lib/libnix20.a(environ.o)
                              objs/binkd.o (environ)
/opt/amiga/m68k-amigaos/libnix/lib/libnix20.a(fstat.o)
                              objs/readcfg.o (fstat)
/opt/amiga/m68k-amigaos/libnix/lib/libnix20.a(stat.o)
                              objs/readcfg.o (stat)
/opt/amiga/m68k-amigaos/libnix/lib/libnix20.a(strftime.o)
                              objs/ftnq.o (strftime)
/opt/amiga/m68k-amigaos/libnix/lib/libnixmain.a(__stdiowin.o)
                              /opt/amiga/m68k-amigaos/libnix/lib/libnix20.a(__nocommandline.o) (__stdiowin)
/opt/amiga/m68k-amigaos/libnix/lib/libnix.a(__bufsiz.o)
                              /opt/amiga/m68k-amigaos/libnix/lib/libnix20.a(__initstdio.o) (__BUFSIZ)
[...]
Memory Configuration

Name             Origin             Length             Attributes
*default*        0x0000000000000000 0xffffffffffffffff

Linker script and memory map

LOAD /opt/amiga/m68k-amigaos/libnix/lib/ncrt0.o
LOAD objs/binkd.o
LOAD objs/readcfg.o
LOAD objs/tools.o
LOAD objs/ftnaddr.o
LOAD objs/ftnq.o
LOAD objs/client.o
LOAD objs/server.o
LOAD objs/protocol.o
LOAD objs/bsy.o
LOAD objs/inbound.o
LOAD objs/breaksig.o
LOAD objs/branch.o
LOAD objs/rename.o
LOAD objs/getfree.o
LOAD objs/bsdsock.o
LOAD objs/dirent.o
LOAD objs/utime.o
LOAD objs/rfc2553_amiga.o
LOAD objs/sem.o
LOAD objs/evloop.o
LOAD objs/sock.o
LOAD objs/session.o
LOAD objs/bsycleanup.o
LOAD objs/proto_amiga.o
LOAD objs/ftndom.o
LOAD objs/ftnnode.o
LOAD objs/srif.o
LOAD objs/pmatch.o
LOAD objs/readflo.o
LOAD objs/prothlp.o
LOAD objs/iptools.o
LOAD objs/run.o
LOAD objs/binlog.o
LOAD objs/exitproc.o
LOAD objs/getw.o
LOAD objs/xalloc.o
LOAD objs/setpttl.o
LOAD objs/https.o
LOAD objs/md5b.o
LOAD objs/crypt.o
LOAD objs/compress.o
LOAD /opt/amiga/lib/libz.a
LOAD /opt/amiga/m68k-amigaos/libnix/lib/libm.a
LOAD /opt/amiga/m68k-amigaos/lib//libamiga.a
START GROUP
LOAD /opt/amiga/m68k-amigaos/libnix/lib/libnix20.a
LOAD /opt/amiga/m68k-amigaos/libnix/lib/libnixmain.a
LOAD /opt/amiga/m68k-amigaos/libnix/lib/libnix.a
LOAD /opt/amiga/m68k-amigaos/lib//libstubs.a
LOAD /opt/amiga/m68k-amigaos/lib//libamiga.a
LOAD /opt/amiga/lib/gcc/m68k-amigaos/6.5.0b/libgcc.a
LOAD /opt/amiga/m68k-amigaos/libnix/lib/libm.a
LOAD /opt/amiga/m68k-amigaos/lib//lib__m__.a
END GROUP
                [!provide]                        PROVIDE (___machtype = 0x0)
                0x0000000000000000                . = 0x0

.text           0x0000000000000000    0x36408
                0x0000000000000000                __stext = .
 *(.text)
 .text          0x0000000000000000       0xd8 /opt/amiga/m68k-amigaos/libnix/lib/ncrt0.o
                0x0000000000000000                start
                0x0000000000000064                _exit
                0x0000000000000064                exit
                0x000000000000007c                _Exit
                0x000000000000007c                ___exit
                0x00000000000000d4                __main
 .text          0x00000000000000d8      0x670 objs/binkd.o
 .text          0x0000000000000748      0x4c4 objs/binkd.o
                0x0000000000000748                main
 .text          0x0000000000000c0c      0xce4 objs/readcfg.o
 .text          0x00000000000018f0      0x2b4 objs/tools.o
 .text          0x0000000000001ba4       0xb8 objs/ftnaddr.o
 .text          0x0000000000001c5c      0x278 objs/ftnq.o
 .text          0x0000000000001ed4     0x1910 objs/protocol.o
 .text          0x00000000000037e4       0x7c objs/bsy.o
 .text          0x0000000000003860      0x3dc objs/inbound.o
 .text          0x0000000000003c3c       0x30 objs/breaksig.o
 .text          0x0000000000003c6c        0x4 objs/rename.o
 .text          0x0000000000003c70       0x30 objs/getfree.o
 .text          0x0000000000003ca0       0x44 objs/bsdsock.o
 .text          0x0000000000003ce4      0x180 objs/rfc2553_amiga.o
 .text          0x0000000000003e64      0x230 objs/evloop.o
 .text          0x0000000000004094       0xe0 objs/sock.o
 .text          0x0000000000004174      0x1e0 objs/session.o
 .text          0x0000000000004354       0xec objs/bsycleanup.o
 .text          0x0000000000004440       0xe8 objs/proto_amiga.o
 .text          0x0000000000004528       0x30 objs/ftndom.o
 .text          0x0000000000004558       0x64 objs/ftnnode.o
 .text          0x00000000000045bc      0x258 objs/srif.o
 .text          0x0000000000004814       0x5c objs/prothlp.o
 .text          0x0000000000004870       0xb4 objs/iptools.o
 .text          0x0000000000004924       0xd8 objs/run.o
 .text          0x00000000000049fc       0x40 objs/binlog.o
 .text          0x0000000000004a3c      0x120 objs/exitproc.o
                0x0000000000004a82                exitfunc
 .text          0x0000000000004b5c        0x4 objs/getw.o
 .text          0x0000000000004b60       0x6c objs/xalloc.o
 .text          0x0000000000004bcc       0x14 objs/md5b.o
 .text          0x0000000000004be0       0xf4 objs/compress.o
 .text          0x0000000000004cd4     0x5144 /opt/amiga/lib/libz.a(deflate.o)
                0x0000000000004cd4                deflate_copyright
                0x0000000000005352                deflateInit_
                0x0000000000005380                deflateInit2_
                0x00000000000057ca                deflateSetDictionary
                0x0000000000005a86                deflateGetDictionary
                0x0000000000005b32                deflateResetKeep
                0x0000000000005d94                deflateReset
                0x0000000000005dc0                deflateSetHeader
                0x0000000000005dfc                deflatePending
                0x0000000000005e48                deflatePrime
                0x0000000000005f26                deflateParams
                0x0000000000006188                deflateTune
                0x00000000000061dc                deflateBound
                0x0000000000006504                deflate
                0x000000000000766c                deflateEnd
                0x0000000000007794                deflateCopy
 .text          0x0000000000009e18     0x3cf4 /opt/amiga/lib/libz.a(inflate.o)
                0x0000000000009e7c                inflateResetKeep
                0x0000000000009f82                inflateReset
                0x0000000000009fc8                inflateReset2
                0x000000000000a0a4                inflateInit2_
                0x000000000000a19e                inflateInit_
                0x000000000000a1be                inflatePrime
                0x000000000000a65a                inflate
                0x000000000000ca26                inflateEnd
                0x000000000000ca9e                inflateGetDictionary
                0x000000000000cb60                inflateSetDictionary
                0x000000000000cc32                inflateGetHeader
                0x000000000000ccf8                inflateSync
                0x000000000000cef8                inflateSyncPoint
                0x000000000000cf3c                inflateCopy
                0x000000000000d11e                inflateUndermine
                0x000000000000d14e                inflateValidate
                0x000000000000d1ae                inflateMark
                0x000000000000d22a                inflateCodesUsed
 .text          0x000000000000db0c      0x774 /opt/amiga/lib/libz.a(inftrees.o)
                0x000000000000db0c                inflate_copyright
                0x000000000000db3c                inflate_table
 .text          0x000000000000e280     0x3f94 /opt/amiga/lib/libz.a(trees.o)
                0x000000000000e8c4                _dist_code
                0x000000000000eac4                _length_code
                0x000000000000f06e                _tr_init
                0x0000000000010e28                _tr_stored_block
                0x000000000001104a                _tr_flush_bits
                0x000000000001105e                _tr_align
                0x0000000000011c92                _tr_flush_block
                0x000000000001207c                _tr_tally
 .text          0x0000000000012214      0x148 /opt/amiga/lib/libz.a(zutil.o)
                0x000000000001228a                z_errmsg
                0x00000000000122b8                zlibVersion
                0x00000000000122c6                zlibCompileFlags
                0x00000000000122f2                zError
                0x0000000000012322                zcalloc
                0x0000000000012344                zcfree
 .text          0x000000000001235c      0x6d4 /opt/amiga/lib/libz.a(adler32.o)
                0x000000000001235c                adler32_z
                0x00000000000128da                adler32
                0x00000000000129f8                adler32_combine
                0x0000000000012a14                adler32_combine64
 .text          0x0000000000012a30     0x3410 /opt/amiga/lib/libz.a(crc32.o)
                0x00000000000153a8                get_crc_table
                0x0000000000015444                crc32_z
                0x0000000000015d9a                crc32
                0x0000000000015db6                crc32_combine64
                0x0000000000015dde                crc32_combine
                0x0000000000015dfa                crc32_combine_gen64
                0x0000000000015e10                crc32_combine_gen
                0x0000000000015e22                crc32_combine_op
 .text          0x0000000000015e40      0x8a8 /opt/amiga/lib/libz.a(inffast.o)
                0x0000000000015e90                inflate_fast
 .text          0x00000000000166e8       0x24 /opt/amiga/m68k-amigaos/libnix/lib/libm.a(__divdf3.o)
                0x00000000000166e8                __divdf3
 .text          0x000000000001670c       0x14 /opt/amiga/m68k-amigaos/libnix/lib/libm.a(__extendsfdf2.o)
                0x000000000001670c                __extendsfdf2
 .text          0x0000000000016720       0x24 /opt/amiga/m68k-amigaos/libnix/lib/libm.a(__muldf3.o)
                0x0000000000016720                __muldf3
 .text          0x0000000000016744       0x1c /opt/amiga/m68k-amigaos/libnix/lib/libm.a(fprintf.o)
                0x0000000000016744                fprintf
 .text          0x0000000000016760       0x1c /opt/amiga/m68k-amigaos/libnix/lib/libm.a(fscanf.o)
                0x0000000000016760                fscanf
 .text          0x000000000001677c       0x20 /opt/amiga/m68k-amigaos/libnix/lib/libm.a(printf.o)
                0x000000000001677c                printf
 .text          0x000000000001679c       0x20 /opt/amiga/m68k-amigaos/libnix/lib/libm.a(snprintf.o)
                0x000000000001679c                snprintf
 .text          0x00000000000167bc       0x1c /opt/amiga/m68k-amigaos/libnix/lib/libm.a(sprintf.o)
                0x00000000000167bc                sprintf
 .text          0x00000000000167d8       0x1c /opt/amiga/m68k-amigaos/libnix/lib/libm.a(sscanf.o)
                0x00000000000167d8                sscanf
 .text          0x00000000000167f4       0x2c /opt/amiga/m68k-amigaos/libnix/lib/libm.a(vfprintf.o)
                0x00000000000167f4                vfprintf
 .text          0x0000000000016820     0x1440 /opt/amiga/m68k-amigaos/libnix/lib/libm.a(vfscanf.o)
                0x0000000000016838                vfscanf
 .text          0x0000000000017c60       0x9c /opt/amiga/m68k-amigaos/libnix/lib/libm.a(vsnprintf.o)
                0x0000000000017c60                vsnprintf
 .text          0x0000000000017cfc       0x54 /opt/amiga/m68k-amigaos/libnix/lib/libm.a(vsprintf.o)
                0x0000000000017cfc                vsprintf
 .text          0x0000000000017d50       0x40 /opt/amiga/m68k-amigaos/libnix/lib/libm.a(vsscanf.o)
                0x0000000000017d50                vsscanf
 .text          0x0000000000017d90       0x24 /opt/amiga/m68k-amigaos/libnix/lib/libm.a(__adddf3.o)
                0x0000000000017d90                __adddf3
 .text          0x0000000000017db4       0x18 /opt/amiga/m68k-amigaos/libnix/lib/libm.a(__truncdfsf2.o)
                0x0000000000017db4                __truncdfsf2
 .text          0x0000000000017dcc     0x1a84 /opt/amiga/m68k-amigaos/libnix/lib/libm.a(__vfprintf_total_size.o)
                0x0000000000017ddc                __vfprintf_total_size
 .text          0x0000000000019850       0x24 /opt/amiga/m68k-amigaos/libnix/lib/libm.a(pow.o)
                0x0000000000019850                pow
 .text          0x0000000000019874       0x24 /opt/amiga/m68k-amigaos/libnix/lib/libm.a(__eqdf2.o)
                0x0000000000019874                __ledf2
                0x0000000000019874                __nedf2
                0x0000000000019874                __gedf2
                0x0000000000019874                __gtdf2
                0x0000000000019874                __eqdf2
                0x0000000000019874                __cmpdf2
                0x0000000000019874                __ltdf2
 .text          0x0000000000019898       0x24 /opt/amiga/m68k-amigaos/libnix/lib/libm.a(__subdf3.o)
                0x0000000000019898                __subdf3
 .text          0x00000000000198bc       0x14 /opt/amiga/m68k-amigaos/lib//libamiga.a(delay.o)
                0x00000000000198bc                Delay
 .text          0x00000000000198d0       0x1c /opt/amiga/m68k-amigaos/libnix/lib/libnix20.a(__divsi3.o)
                0x00000000000198d0                __modsi3
                0x00000000000198dc                __divsi3
 .text          0x00000000000198ec      0x5b8 /opt/amiga/m68k-amigaos/libnix/lib/libnix20.a(__initstdio.o)
                0x00000000000198ec                _setup_file
                0x000000000001992c                isatty
                0x0000000000019960                _lx_fhfromfd
                0x0000000000019988                fdopen
                0x0000000000019aa4                __fclose
                0x0000000000019bdc                __initstdio
                0x0000000000019d2a                close
                0x0000000000019d96                fclose
                0x0000000000019e28                __exitstdio
 .text          0x0000000000019ea4       0x10 /opt/amiga/m68k-amigaos/libnix/lib/libnix20.a(__mulsi3.o)
                0x0000000000019ea4                __mulsi3
 .text          0x0000000000019eb4      0x2b0 /opt/amiga/m68k-amigaos/libnix/lib/libnix20.a(__nocommandline.o)
                0x0000000000019eb4                __nocommandline
                0x000000000001a0d8                __exitcommandline
 .text          0x000000000001a164       0x1c /opt/amiga/m68k-amigaos/libnix/lib/libnix20.a(__udivsi3.o)
                0x000000000001a164                __umodsi3
                0x000000000001a170                __udivsi3
 .text          0x000000000001a180      0x19c /opt/amiga/m68k-amigaos/libnix/lib/libnix20.a(environ.o)
                0x000000000001a180                __fillenviron
                0x000000000001a29c                __clearenviron
                0x000000000001a2dc                clearenv
 .text          0x000000000001a31c      0x1b4 /opt/amiga/m68k-amigaos/libnix/lib/libnix20.a(fstat.o)
                0x000000000001a31c                fstat
 .text          0x000000000001a4d0       0xd0 /opt/amiga/m68k-amigaos/libnix/lib/libnix20.a(stat.o)
                0x000000000001a4d0                stat
                0x000000000001a4d0                lstat
 .text          0x000000000001a5a0      0x890 /opt/amiga/m68k-amigaos/libnix/lib/libnix20.a(strftime.o)
                0x000000000001a7ac                strftime
                0x000000000001ae2a                wcsftime
 .text          0x000000000001ae30        0x4 /opt/amiga/m68k-amigaos/libnix/lib/libnix.a(__decimalpoint.o)
 .text          0x000000000001ae34       0x88 /opt/amiga/m68k-amigaos/libnix/lib/libnix.a(__fflush.o)
                0x000000000001ae34                __fflush
 .text          0x000000000001aebc        0x4 /opt/amiga/m68k-amigaos/libnix/lib/libnix.a(__gmtoffset.o)
                0x000000000001aebc                tzset
 .text          0x000000000001aec0       0x40 /opt/amiga/m68k-amigaos/libnix/lib/libnix.a(__initcpp.o)
                0x000000000001aec0                __initcpp
                0x000000000001aee4                __exitcpp
 .text          0x000000000001af00       0xc4 /opt/amiga/m68k-amigaos/libnix/lib/libnix.a(__initlibraries.o)
                0x000000000001af1c                __initlibraries
                0x000000000001af78                __exitlibraries
 .text          0x000000000001afc4       0x94 /opt/amiga/m68k-amigaos/libnix/lib/libnix.a(__initlibraries.o)
 .text          0x000000000001b058       0x3c /opt/amiga/m68k-amigaos/libnix/lib/libnix.a(__seterrno.o)
                0x000000000001b058                __seterrno
 .text          0x000000000001b094      0x1ec /opt/amiga/m68k-amigaos/libnix/lib/libnix.a(__stat.o)
                0x000000000001b094                __stat
 .text          0x000000000001b280       0xb8 /opt/amiga/m68k-amigaos/libnix/lib/libnix.a(__ulldivus.o)
                0x000000000001b280                __ulldivus
 .text          0x000000000001b338      0x10c /opt/amiga/m68k-amigaos/libnix/lib/libnix.a(_ctype_.o)
                0x000000000001b338                __ctype
                0x000000000001b43c                __locale_ctype_ptr
 .text          0x000000000001b444       0x48 /opt/amiga/m68k-amigaos/libnix/lib/libnix.a(access.o)
                0x000000000001b444                access
 .text          0x000000000001b48c       0x50 /opt/amiga/m68k-amigaos/libnix/lib/libnix.a(atexit.o)
                0x000000000001b48c                atexit
                0x000000000001b4be                __exitatexit
 .text          0x000000000001b4dc       0x18 /opt/amiga/m68k-amigaos/libnix/lib/libnix.a(atoi.o)
                0x000000000001b4dc                atoi
 .text          0x000000000001b4f4       0x18 /opt/amiga/m68k-amigaos/libnix/lib/libnix.a(atol.o)
                0x000000000001b4f4                atol
 .text          0x000000000001b50c      0x11c /opt/amiga/m68k-amigaos/libnix/lib/libnix.a(bcopy.o)
                0x000000000001b50c                bcopy
                0x000000000001b50c                __bcopz
 .text          0x000000000001b628       0x78 /opt/amiga/m68k-amigaos/libnix/lib/libnix.a(bsearch.o)
                0x000000000001b628                bsearch
 .text          0x000000000001b6a0       0x40 /opt/amiga/m68k-amigaos/libnix/lib/libnix.a(calloc.o)
                0x000000000001b6a0                calloc
 .text          0x000000000001b6e0       0x60 /opt/amiga/m68k-amigaos/libnix/lib/libnix.a(dup.o)
                0x000000000001b6e0                dup
 .text          0x000000000001b740      0x118 /opt/amiga/m68k-amigaos/libnix/lib/libnix.a(dup2.o)
                0x000000000001b740                dup2
 .text          0x000000000001b858       0x44 /opt/amiga/m68k-amigaos/libnix/lib/libnix.a(fflush.o)
                0x000000000001b858                fflush
 .text          0x000000000001b89c       0x4c /opt/amiga/m68k-amigaos/libnix/lib/libnix.a(fgets.o)
                0x000000000001b89c                fgets
 .text          0x000000000001b8e8       0xc0 /opt/amiga/m68k-amigaos/libnix/lib/libnix.a(fopen.o)
                0x000000000001b8e8                fopen
 .text          0x000000000001b9a8       0x38 /opt/amiga/m68k-amigaos/libnix/lib/libnix.a(fputs.o)
                0x000000000001b9a8                fputs
 .text          0x000000000001b9e0       0x84 /opt/amiga/m68k-amigaos/libnix/lib/libnix.a(fread.o)
                0x000000000001b9e0                fread
 .text          0x000000000001ba64      0x128 /opt/amiga/m68k-amigaos/libnix/lib/libnix.a(freopen.o)
                0x000000000001ba64                freopen
 .text          0x000000000001bb8c       0xe4 /opt/amiga/m68k-amigaos/libnix/lib/libnix.a(fseek.o)
                0x000000000001bb8c                fseek
 .text          0x000000000001bc70       0x7c /opt/amiga/m68k-amigaos/libnix/lib/libnix.a(ftell.o)
                0x000000000001bc70                ftell
 .text          0x000000000001bcec       0x84 /opt/amiga/m68k-amigaos/libnix/lib/libnix.a(fwrite.o)
                0x000000000001bcec                fwrite
 .text          0x000000000001bd70       0x30 /opt/amiga/m68k-amigaos/libnix/lib/libnix.a(getc.o)
                0x000000000001bd70                getc
 .text          0x000000000001bda0       0xb4 /opt/amiga/m68k-amigaos/libnix/lib/libnix.a(getenv.o)
                0x000000000001bdbc                getenv
 .text          0x000000000001be54      0xab4 /opt/amiga/m68k-amigaos/libnix/lib/libnix.a(getopt.o)
                0x000000000001bee6                getopt
                0x000000000001bf50                getopt_long
                0x000000000001bf50                getopt_long_only
                0x000000000001bfce                __getopt_long_r
                0x000000000001bfce                __getopt_r
                0x000000000001bfce                __getopt_long_only_r
 .text          0x000000000001c908       0x14 /opt/amiga/m68k-amigaos/libnix/lib/libnix.a(gmtime.o)
                0x000000000001c908                gmtime
 .text          0x000000000001c91c      0x224 /opt/amiga/m68k-amigaos/libnix/lib/libnix.a(gmtime_r.o)
                0x000000000001c91c                gmtime_r
 .text          0x000000000001cb40       0x30 /opt/amiga/m68k-amigaos/libnix/lib/libnix.a(localtime.o)
                0x000000000001cb40                localtime
 .text          0x000000000001cb70      0x1b8 /opt/amiga/m68k-amigaos/libnix/lib/libnix.a(lseek.o)
                0x000000000001cb70                lseek
 .text          0x000000000001cd28      0x238 /opt/amiga/m68k-amigaos/libnix/lib/libnix.a(malloc.o)
                0x000000000001cd28                malloc
                0x000000000001ce26                free
                0x000000000001cec6                __initmalloc
                0x000000000001cf08                __exitmalloc
 .text          0x000000000001cf60       0x24 /opt/amiga/m68k-amigaos/libnix/lib/libnix.a(memcpy.o)
                0x000000000001cf60                memcpy
 .text          0x000000000001cf84       0xa4 /opt/amiga/m68k-amigaos/libnix/lib/libnix.a(memset.o)
                0x000000000001cf84                memset
 .text          0x000000000001d028       0x48 /opt/amiga/m68k-amigaos/libnix/lib/libnix.a(mkdir.o)
                0x000000000001d028                mkdir
 .text          0x000000000001d070      0x19c /opt/amiga/m68k-amigaos/libnix/lib/libnix.a(mktime.o)
                0x000000000001d070                mktime
 .text          0x000000000001d20c      0x16c /opt/amiga/m68k-amigaos/libnix/lib/libnix.a(open.o)
                0x000000000001d20c                open
                0x000000000001d2a2                __allocfd
 .text          0x000000000001d378       0x44 /opt/amiga/m68k-amigaos/libnix/lib/libnix.a(putc.o)
                0x000000000001d378                putc
 .text          0x000000000001d3bc       0x18 /opt/amiga/m68k-amigaos/libnix/lib/libnix.a(putchar.o)
                0x000000000001d3bc                putchar
 .text          0x000000000001d3d4       0x50 /opt/amiga/m68k-amigaos/libnix/lib/libnix.a(puts.o)
                0x000000000001d3d4                puts
 .text          0x000000000001d424      0x164 /opt/amiga/m68k-amigaos/libnix/lib/libnix.a(qsort.o)
                0x000000000001d424                qsort
 .text          0x000000000001d588       0x34 /opt/amiga/m68k-amigaos/libnix/lib/libnix.a(rand.o)
                0x000000000001d588                rand
                0x000000000001d5b0                srand
 .text          0x000000000001d5bc       0x80 /opt/amiga/m68k-amigaos/libnix/lib/libnix.a(read.o)
                0x000000000001d5bc                read
 .text          0x000000000001d63c       0x7c /opt/amiga/m68k-amigaos/libnix/lib/libnix.a(realloc.o)
                0x000000000001d63c                realloc
 .text          0x000000000001d6b8       0x2c /opt/amiga/m68k-amigaos/libnix/lib/libnix.a(remove.o)
                0x000000000001d6b8                rmdir
                0x000000000001d6b8                remove
                0x000000000001d6b8                unlink
 .text          0x000000000001d6e4       0x60 /opt/amiga/m68k-amigaos/libnix/lib/libnix.a(signal.o)
                0x000000000001d6e4                signal
 .text          0x000000000001d744       0x14 /opt/amiga/m68k-amigaos/libnix/lib/libnix.a(strcat.o)
                0x000000000001d744                strcat
 .text          0x000000000001d758       0x1c /opt/amiga/m68k-amigaos/libnix/lib/libnix.a(strchr.o)
                0x000000000001d758                strchr
                0x000000000001d758                index
 .text          0x000000000001d774       0x28 /opt/amiga/m68k-amigaos/libnix/lib/libnix.a(strcmp.o)
                0x000000000001d774                strcmp
 .text          0x000000000001d79c       0x28 /opt/amiga/m68k-amigaos/libnix/lib/libnix.a(strdup.o)
                0x000000000001d79c                strdup
 .text          0x000000000001d7c4      0xb0c /opt/amiga/m68k-amigaos/libnix/lib/libnix.a(strerror.o)
                0x000000000001e1e8                strerror
                0x000000000001e232                strerror_r
 .text          0x000000000001e2d0       0x10 /opt/amiga/m68k-amigaos/libnix/lib/libnix.a(strlen.o)
                0x000000000001e2d0                strlen
 .text          0x000000000001e2e0       0x3c /opt/amiga/m68k-amigaos/libnix/lib/libnix.a(strncmp.o)
                0x000000000001e2e0                strncmp
 .text          0x000000000001e31c       0x24 /opt/amiga/m68k-amigaos/libnix/lib/libnix.a(strncpy.o)
                0x000000000001e31c                strncpy
 .text          0x000000000001e340       0x24 /opt/amiga/m68k-amigaos/libnix/lib/libnix.a(strrchr.o)
                0x000000000001e340                rindex
                0x000000000001e340                strrchr
 .text          0x000000000001e364       0x38 /opt/amiga/m68k-amigaos/libnix/lib/libnix.a(strstr.o)
                0x000000000001e364                strstr
 .text          0x000000000001e39c       0x74 /opt/amiga/m68k-amigaos/libnix/lib/libnix.a(strtok.o)
                0x000000000001e39c                strtok
 .text          0x000000000001e410       0xc4 /opt/amiga/m68k-amigaos/libnix/lib/libnix.a(strtol.o)
                0x000000000001e410                strtol
 .text          0x000000000001e4d4      0x284 /opt/amiga/m68k-amigaos/libnix/lib/libnix.a(strtoul.o)
                0x000000000001e4d4                strtoul
 .text          0x000000000001e758       0x68 /opt/amiga/m68k-amigaos/libnix/lib/libnix.a(time.o)
                0x000000000001e758                time
 .text          0x000000000001e7c0       0xb8 /opt/amiga/m68k-amigaos/libnix/lib/libnix.a(ungetc.o)
                0x000000000001e7c0                ungetc
 .text          0x000000000001e878       0x9c /opt/amiga/m68k-amigaos/libnix/lib/libnix.a(write.o)
                0x000000000001e878                write
 .text          0x000000000001e914       0x30 /opt/amiga/m68k-amigaos/libnix/lib/libnix.a(__chkabort.o)
                0x000000000001e914                __chkabort
 .text          0x000000000001e944      0x118 /opt/amiga/m68k-amigaos/libnix/lib/libnix.a(__srget.o)
                0x000000000001e944                __srget
 .text          0x000000000001ea5c       0xf0 /opt/amiga/m68k-amigaos/libnix/lib/libnix.a(__swbuf.o)
                0x000000000001ea5c                __swbuf
 .text          0x000000000001eb4c       0xc0 /opt/amiga/m68k-amigaos/libnix/lib/libnix.a(chmod.o)
                0x000000000001eb4c                chmod
 .text          0x000000000001ec0c       0x30 /opt/amiga/m68k-amigaos/libnix/lib/libnix.a(iswxdigit.o)
                0x000000000001ec0c                iswxdigit
 .text          0x000000000001ec3c       0xdc /opt/amiga/m68k-amigaos/libnix/lib/libnix.a(raise.o)
                0x000000000001ec46                raise
 .text          0x000000000001ed18       0x2c /opt/amiga/m68k-amigaos/libnix/lib/libnix.a(strcspn.o)
                0x000000000001ed18                strcspn
 .text          0x000000000001ed44       0x24 /opt/amiga/m68k-amigaos/libnix/lib/libnix.a(strspn.o)
                0x000000000001ed44                strspn
 .text          0x000000000001ed68        0xc /opt/amiga/m68k-amigaos/lib//libstubs.a(dos.o)
 .text          0x000000000001ed74       0x10 /opt/amiga/m68k-amigaos/lib//libstubs.a(locale.o)
 .text          0x000000000001ed84       0x18 /opt/amiga/m68k-amigaos/lib//libstubs.a(mathieeedoubbas.o)
 .text          0x000000000001ed9c       0x1c /opt/amiga/m68k-amigaos/lib//libstubs.a(mathieeedoubtrans.o)
 .text          0x000000000001edb8       0x10 /opt/amiga/m68k-amigaos/lib//libstubs.a(utility.o)
 .text          0x000000000001edc8       0xc4 /opt/amiga/lib/gcc/m68k-amigaos/6.5.0b/libgcc.a(xfpgnulib__floatsidf.o)
                0x000000000001edc8                __floatsidf
 .text          0x000000000001ee8c       0x1c /opt/amiga/lib/gcc/m68k-amigaos/6.5.0b/libgcc.a(xfpgnulib__floatsisf.o)
                0x000000000001ee8c                __floatsisf
 .text          0x000000000001eea8       0x88 /opt/amiga/lib/gcc/m68k-amigaos/6.5.0b/libgcc.a(xfpgnulib__fixdfsi.o)
                0x000000000001eea8                __fixdfsi
 .text          0x000000000001ef30       0x18 /opt/amiga/m68k-amigaos/libnix/lib/libnix20.a(stricmp.o)
                0x000000000001ef30                strcasecmp
                0x000000000001ef30                stricmp
 *(.text.main)
 *(.text*)
 .text.usage    0x000000000001ef48       0x2c objs/binkd.o
                0x000000000001ef48                usage
 .text.parseargs
                0x000000000001ef74      0x344 objs/binkd.o
                0x000000000001ef74                parseargs
 .text.simplelist_add
                0x000000000001f2b8       0x44 objs/readcfg.o
                0x000000000001f2b8                simplelist_add
 .text.simplelist_free
                0x000000000001f2fc       0x44 objs/readcfg.o
                0x000000000001f2fc                simplelist_free
 .text.destroy_configlist
                0x000000000001f340       0x14 objs/readcfg.o
 .text.destroy_domains
                0x000000000001f354       0x2c objs/readcfg.o
 .text.destroy_evtflags
                0x000000000001f380       0x2c objs/readcfg.o
 .text.destroy_rfrules
                0x000000000001f3ac       0x24 objs/readcfg.o
 .text.destroy_maskchain
                0x000000000001f3d0       0x14 objs/readcfg.o
                0x000000000001f3d0                destroy_maskchain
 .text.destroy_skipchain
                0x000000000001f3e4       0x14 objs/readcfg.o
 .text.destroy_akachain
                0x000000000001f3f8       0x14 objs/readcfg.o
 .text.destroy_shares
                0x000000000001f40c       0x14 objs/readcfg.o
 .text.destroy_zrule
                0x000000000001f420       0x14 objs/readcfg.o
 .text.lock_config_structure
                0x000000000001f434       0xe0 objs/readcfg.o
                0x000000000001f434                lock_config_structure
 .text.unlock_config_structure
                0x000000000001f514      0x124 objs/readcfg.o
                0x000000000001f514                unlock_config_structure
 .text.lock_current_config
                0x000000000001f638       0x38 objs/readcfg.o
                0x000000000001f638                lock_current_config
 .text.ConfigError
                0x000000000001f670       0x38 objs/readcfg.o
 .text.isDefined
                0x000000000001f6a8       0x20 objs/readcfg.o
 .text.add_to_config_list
                0x000000000001f6c8       0x88 objs/readcfg.o
 .text.check_boxes
                0x000000000001f750      0x1c0 objs/readcfg.o
 .text.split_passwords
                0x000000000001f910       0x78 objs/readcfg.o
 .text.readcfg0
                0x000000000001f988      0x180 objs/readcfg.o
 .text.readcfg  0x000000000001fb08      0x444 objs/readcfg.o
                0x000000000001fb08                readcfg
 .text.checkcfg
                0x000000000001ff4c      0x250 objs/readcfg.o
                0x000000000001ff4c                checkcfg
 .text.isArgCount
                0x000000000002019c       0x20 objs/readcfg.o
 .text.SyntaxError
                0x00000000000201bc       0x18 objs/readcfg.o
 .text.check_dir_path
                0x00000000000201d4       0x34 objs/readcfg.o
 .text.Config_ParseAddress
                0x0000000000020208       0x38 objs/readcfg.o
 .text.include  0x0000000000020240       0x70 objs/readcfg.o
 .text.passwords
                0x00000000000202b0       0x24 objs/readcfg.o
 .text.read_aka_list
                0x00000000000202d4      0x198 objs/readcfg.o
 .text.read_domain_info
                0x000000000002046c      0x1ec objs/readcfg.o
 .text.read_node_info
                0x0000000000020658      0x420 objs/readcfg.o
 .text.get_host_and_port
                0x0000000000020a78      0x124 objs/readcfg.o
                0x0000000000020a78                get_host_and_port
 .text.read_string
                0x0000000000020b9c       0xe0 objs/readcfg.o
 .text.read_int
                0x0000000000020c7c       0xa8 objs/readcfg.o
 .text.log_bootstrap
                0x0000000000020d24       0x2c objs/readcfg.o
 .text.read_log_string
                0x0000000000020d50       0x28 objs/readcfg.o
 .text.read_log_int
                0x0000000000020d78       0x28 objs/readcfg.o
 .text.read_bool
                0x0000000000020da0       0x20 objs/readcfg.o
 .text.read_time
                0x0000000000020dc0      0x170 objs/readcfg.o
 .text.read_inboundcase
                0x0000000000020f30       0xa4 objs/readcfg.o
 .text.read_dontsendempty
                0x0000000000020fd4       0x88 objs/readcfg.o
 .text.read_renamestyle
                0x000000000002105c       0x6c objs/readcfg.o
 .text.read_rfrule
                0x00000000000210c8       0x5c objs/readcfg.o
 .text.mask_test
                0x0000000000021124       0x44 objs/readcfg.o
                0x0000000000021124                mask_test
 .text.read_mask
                0x0000000000021168       0x60 objs/readcfg.o
 .text.read_akachain
                0x00000000000211c8       0xa0 objs/readcfg.o
 .text.read_listen
                0x0000000000021268      0x16c objs/readcfg.o
 .text.zrule_test
                0x00000000000213d4       0x60 objs/readcfg.o
                0x00000000000213d4                zrule_test
 .text.read_zrule
                0x0000000000021434       0x70 objs/readcfg.o
 .text.parse_addrtype
                0x00000000000214a4       0x84 objs/readcfg.o
 .text.read_skip
                0x0000000000021528      0x17c objs/readcfg.o
 .text.read_check_pkthdr
                0x00000000000216a4       0x90 objs/readcfg.o
 .text.read_port
                0x0000000000021734       0x68 objs/readcfg.o
 .text.read_flag_exec_info
                0x000000000002179c       0xbc objs/readcfg.o
 .text.print_node_info_1
                0x0000000000021858      0x284 objs/readcfg.o
 .text.describe_addrtype
                0x0000000000021adc       0x5c objs/readcfg.o
 .text.debug_readcfg
                0x0000000000021b38      0x690 objs/readcfg.o
                0x0000000000021b38                debug_readcfg
 .text.read_shares
                0x00000000000221c8      0x140 objs/readcfg.o
 .text.strlower
                0x0000000000022308       0x44 objs/tools.o
                0x0000000000022308                strlower
 .text.strupper
                0x000000000002234c       0x44 objs/tools.o
                0x000000000002234c                strupper
 .text.mkpath0  0x0000000000022390       0xc0 objs/tools.o
                0x0000000000022390                mkpath0
 .text.mkpath   0x0000000000022450       0x48 objs/tools.o
                0x0000000000022450                mkpath
 .text.rnd      0x0000000000022498       0x40 objs/tools.o
                0x0000000000022498                rnd
 .text.create_empty_sem_file
                0x00000000000224d8       0x30 objs/tools.o
                0x00000000000224d8                create_empty_sem_file
 .text.create_sem_file
                0x0000000000022508      0x12c objs/tools.o
                0x0000000000022508                create_sem_file
 .text.safe_gmtime
                0x0000000000022634       0x4c objs/tools.o
                0x0000000000022634                safe_gmtime
 .text.safe_localtime
                0x0000000000022680       0x4c objs/tools.o
                0x0000000000022680                safe_localtime
 .text.InitLog  0x00000000000226cc       0x64 objs/tools.o
                0x00000000000226cc                InitLog
 .text.vLog     0x0000000000022730      0x2b4 objs/tools.o
                0x0000000000022730                vLog
 .text.Log      0x00000000000229e4       0x20 objs/tools.o
                0x00000000000229e4                Log
 .text.o_stricmp
                0x0000000000022a04       0x74 objs/tools.o
                0x0000000000022a04                o_stricmp
 .text.o_strnicmp
                0x0000000000022a78       0x98 objs/tools.o
                0x0000000000022a78                o_strnicmp
 .text.strquote
                0x0000000000022b10       0xa0 objs/tools.o
                0x0000000000022b10                strquote
 .text.strdequote
                0x0000000000022bb0      0x1a4 objs/tools.o
                0x0000000000022bb0                strdequote
 .text.strwipe  0x0000000000022d54       0x44 objs/tools.o
                0x0000000000022d54                strwipe
 .text.strnzcpy
                0x0000000000022d98       0x24 objs/tools.o
                0x0000000000022d98                strnzcpy
 .text.strnzcat
                0x0000000000022dbc       0x34 objs/tools.o
                0x0000000000022dbc                strnzcat
 .text.parse_args
                0x0000000000022df0       0x90 objs/tools.o
                0x0000000000022df0                parse_args
 .text.touch    0x0000000000022e80       0x24 objs/tools.o
                0x0000000000022e80                touch
 .text.ed       0x0000000000022ea4      0x198 objs/tools.o
                0x0000000000022ea4                ed
 .text.delete   0x000000000002303c       0x5c objs/tools.o
                0x000000000002303c                delete
 .text.trunc_file
                0x0000000000023098       0x6c objs/tools.o
                0x0000000000023098                trunc_file
 .text.sdelete  0x0000000000023104       0x8c objs/tools.o
                0x0000000000023104                sdelete
 .text.get_os_string
                0x0000000000023190       0x34 objs/tools.o
                0x0000000000023190                get_os_string
 .text.ispkt    0x00000000000231c4       0x1c objs/tools.o
                0x00000000000231c4                ispkt
 .text.isreq    0x00000000000231e0       0x1c objs/tools.o
                0x00000000000231e0                isreq
 .text.istic    0x00000000000231fc       0x1c objs/tools.o
                0x00000000000231fc                istic
 .text.isarcmail
                0x0000000000023218       0xe4 objs/tools.o
                0x0000000000023218                isarcmail
 .text.print_args
                0x00000000000232fc       0xb4 objs/tools.o
                0x00000000000232fc                print_args
 .text.mkargv   0x00000000000233b0       0x68 objs/tools.o
                0x00000000000233b0                mkargv
 .text.makeinboundcase
                0x0000000000023418      0x114 objs/tools.o
                0x0000000000023418                makeinboundcase
 .text.safe_atol
                0x000000000002352c       0x80 objs/tools.o
                0x000000000002352c                safe_atol
 .text.last_slash
                0x00000000000235ac       0x24 objs/tools.o
                0x00000000000235ac                last_slash
 .text.extract_filename
                0x00000000000235d0       0x3c objs/tools.o
                0x00000000000235d0                extract_filename
 .text.pkt_getaddr
                0x000000000002360c      0x1f0 objs/tools.o
                0x000000000002360c                pkt_getaddr
 .text.pkt_setaddr
                0x00000000000237fc      0x1f8 objs/tools.o
                0x00000000000237fc                pkt_setaddr
 .text.tz_off   0x00000000000239f4       0x74 objs/tools.o
                0x00000000000239f4                tz_off
 .text.parse_ftnaddress
                0x0000000000023a68      0x438 objs/ftnaddr.o
                0x0000000000023a68                parse_ftnaddress
 .text.xftnaddress_to_str
                0x0000000000023ea0       0xcc objs/ftnaddr.o
                0x0000000000023ea0                xftnaddress_to_str
 .text.exp_ftnaddress
                0x0000000000023f6c       0xa8 objs/ftnaddr.o
                0x0000000000023f6c                exp_ftnaddress
 .text.ftnaddress_cmp
                0x0000000000024014       0x80 objs/ftnaddr.o
                0x0000000000024014                ftnaddress_cmp
 .text.ftnamask_cmpm
                0x0000000000024094       0x70 objs/ftnaddr.o
                0x0000000000024094                ftnamask_cmpm
 .text.ftnaddress_to_domain
                0x0000000000024104       0x9c objs/ftnaddr.o
                0x0000000000024104                ftnaddress_to_domain
 .text.ftnaddress_to_filename_
                0x00000000000241a0      0x128 objs/ftnaddr.o
                0x00000000000241a0                ftnaddress_to_filename_
 .text.qn_free  0x00000000000242c8       0x18 objs/ftnq.o
 .text.q_free   0x00000000000242e0       0x74 objs/ftnq.o
                0x00000000000242e0                q_free
 .text.qn_scan  0x0000000000024354       0x30 objs/ftnq.o
 .text.q_scan   0x0000000000024384      0x278 objs/ftnq.o
                0x0000000000024384                q_scan
 .text.q_scan_addrs
                0x00000000000245fc       0xd4 objs/ftnq.o
                0x00000000000245fc                q_scan_addrs
 .text.weight_by_name
                0x00000000000246d0       0x40 objs/ftnq.o
 .text.to32     0x0000000000024710       0x28 objs/ftnq.o
 .text.q_scan_box
                0x0000000000024738      0x150 objs/ftnq.o
 .text.q_scan_boxes
                0x0000000000024888      0x524 objs/ftnq.o
                0x0000000000024888                q_scan_boxes
 .text.process_hld
                0x0000000000024dac       0x98 objs/ftnq.o
                0x0000000000024dac                process_hld
 .text.process_bsy
                0x0000000000024e44       0xfc objs/ftnq.o
 .text.q_add_dir
                0x0000000000024f40      0x8d8 objs/ftnq.o
 .text.q_add_file
                0x0000000000025818      0x38c objs/ftnq.o
                0x0000000000025818                q_add_file
 .text.q_add_last_file
                0x0000000000025ba4       0x60 objs/ftnq.o
                0x0000000000025ba4                q_add_last_file
 .text.qn_list  0x0000000000025c04       0xe4 objs/ftnq.o
 .text.q_list   0x0000000000025ce8       0xbc objs/ftnq.o
                0x0000000000025ce8                q_list
 .text.q_sort   0x0000000000025da4      0x210 objs/ftnq.o
                0x0000000000025da4                q_sort
 .text.select_next_file
                0x0000000000025fb4       0x2c objs/ftnq.o
                0x0000000000025fb4                select_next_file
 .text.q_get_sizes
                0x0000000000025fe0      0x1a8 objs/ftnq.o
                0x0000000000025fe0                q_get_sizes
 .text.q_freq_num
                0x0000000000026188       0x24 objs/ftnq.o
                0x0000000000026188                q_freq_num
 .text.qn_not_empty
                0x00000000000261ac       0xa4 objs/ftnq.o
 .text.q_not_empty
                0x0000000000026250       0x58 objs/ftnq.o
                0x0000000000026250                q_not_empty
 .text.q_next_node
                0x00000000000262a8       0x24 objs/ftnq.o
                0x00000000000262a8                q_next_node
 .text.create_poll
                0x00000000000262cc      0x10c objs/ftnq.o
                0x00000000000262cc                create_poll
 .text.hold_node
                0x00000000000263d8      0x11c objs/ftnq.o
                0x00000000000263d8                hold_node
 .text.write_try
                0x00000000000264f4       0xc0 objs/ftnq.o
                0x00000000000264f4                write_try
 .text.read_try
                0x00000000000265b4       0xcc objs/ftnq.o
                0x00000000000265b4                read_try
 .text.bad_try  0x0000000000026680       0x8c objs/ftnq.o
                0x0000000000026680                bad_try
 .text.good_try
                0x000000000002670c       0x64 objs/ftnq.o
                0x000000000002670c                good_try
 .text.remove_try
                0x0000000000026770       0x74 objs/ftnq.o
                0x0000000000026770                remove_try
 .text.init_protocol
                0x00000000000267e4      0x30c objs/protocol.o
                0x00000000000267e4                init_protocol
 .text.close_partial
                0x0000000000026af0       0xec objs/protocol.o
 .text.deinit_protocol
                0x0000000000026bdc      0x160 objs/protocol.o
                0x0000000000026bdc                deinit_protocol
 .text.process_rcvdlist
                0x0000000000026d3c       0x64 objs/protocol.o
                0x0000000000026d3c                process_rcvdlist
 .text.msg_send2
                0x0000000000026da0      0x1b4 objs/protocol.o
                0x0000000000026da0                msg_send2
 .text.msg_sendf
                0x0000000000026f54       0x48 objs/protocol.o
 .text.send_block
                0x0000000000026f9c      0x9a4 objs/protocol.o
                0x0000000000026f9c                send_block
 .text.parse_msg_args
                0x0000000000027940       0x4c objs/protocol.o
 .text.perform_action
                0x000000000002798c       0xac objs/protocol.o
 .text.remove_from_spool
                0x0000000000027a38      0x38c objs/protocol.o
 .text.remove_from_sent_files_queue
                0x0000000000027dc4       0x84 objs/protocol.o
 .text.do_prescan
                0x0000000000027e48       0xfc objs/protocol.o
 .text.NUL      0x0000000000027f44      0x4c8 objs/protocol.o
 .text.RError   0x000000000002840c       0x5c objs/protocol.o
 .text.BSY      0x0000000000028468       0x5c objs/protocol.o
 .text.send_ADR
                0x00000000000284c4      0x33c objs/protocol.o
 .text.ADR      0x0000000000028800      0xe88 objs/protocol.o
 .text.select_inbound
                0x0000000000029688       0x48 objs/protocol.o
 .text.complete_login
                0x00000000000296d0      0x2c0 objs/protocol.o
 .text.PWD      0x0000000000029990      0x4a8 objs/protocol.o
 .text.OK       0x0000000000029e38       0xdc objs/protocol.o
 .text.skip_test
                0x0000000000029f14       0x80 objs/protocol.o
                0x0000000000029f14                skip_test
 .text.start_file_recv
                0x0000000000029f94      0x640 objs/protocol.o
 .text.ND_set_status
                0x000000000002a5d4      0x180 objs/protocol.o
                0x000000000002a5d4                ND_set_status
 .text.z_send_init
                0x000000000002a754       0xdc objs/protocol.o
 .text.GET      0x000000000002a830      0x664 objs/protocol.o
 .text.SKIP     0x000000000002ae94      0x244 objs/protocol.o
 .text.GOT      0x000000000002b0d8      0x488 objs/protocol.o
 .text.EOB      0x000000000002b560      0x1b4 objs/protocol.o
 .text.recv_block
                0x000000000002b714      0x868 objs/protocol.o
                0x000000000002b714                recv_block
 .text.banner   0x000000000002bf7c      0x354 objs/protocol.o
                0x000000000002bf7c                banner
 .text.start_file_transfer
                0x000000000002c2d0      0x724 objs/protocol.o
                0x000000000002c2d0                start_file_transfer
 .text.log_end_of_session
                0x000000000002c9f4       0xf8 objs/protocol.o
                0x000000000002c9f4                log_end_of_session
 .text.protocol
                0x000000000002caec      0xc24 objs/protocol.o
                0x000000000002caec                protocol
 .text.bsy_init
                0x000000000002d710       0x10 objs/bsy.o
                0x000000000002d710                bsy_init
 .text.bsy_deinit
                0x000000000002d720       0x10 objs/bsy.o
                0x000000000002d720                bsy_deinit
 .text.bsy_add  0x000000000002d730      0x1ec objs/bsy.o
                0x000000000002d730                bsy_add
 .text.bsy_test
                0x000000000002d91c       0xb8 objs/bsy.o
                0x000000000002d91c                bsy_test
 .text.bsy_remove
                0x000000000002d9d4      0x1ac objs/bsy.o
                0x000000000002d9d4                bsy_remove
 .text.bsy_remove_all
                0x000000000002db80      0x198 objs/bsy.o
                0x000000000002db80                bsy_remove_all
 .text.bsy_touch
                0x000000000002dd18      0x124 objs/bsy.o
                0x000000000002dd18                bsy_touch
 .text.remove_hr
                0x000000000002de3c       0x54 objs/inbound.o
 .text.to_be_deleted
                0x000000000002de90       0xc4 objs/inbound.o
 .text.inb_has_partials
                0x000000000002df54      0x244 objs/inbound.o
                0x000000000002df54                inb_has_partials
 .text.find_tmp_name
                0x000000000002e198      0x6d8 objs/inbound.o
 .text.inb_remove_partial
                0x000000000002e870       0x20 objs/inbound.o
                0x000000000002e870                inb_remove_partial
 .text.inb_fopen
                0x000000000002e890      0x288 objs/inbound.o
                0x000000000002e890                inb_fopen
 .text.inb_reject
                0x000000000002eb18       0x78 objs/inbound.o
                0x000000000002eb18                inb_reject
 .text.check_pkthdr
                0x000000000002eb90      0x338 objs/inbound.o
                0x000000000002eb90                check_pkthdr
 .text.next_inb_filename
                0x000000000002eec8      0x130 objs/inbound.o
 .text.inb_done
                0x000000000002eff8      0x5e4 objs/inbound.o
                0x000000000002eff8                inb_done
 .text.inb_test
                0x000000000002f5dc      0x140 objs/inbound.o
                0x000000000002f5dc                inb_test
 .text.set_break_handlers
                0x000000000002f71c       0x38 objs/breaksig.o
                0x000000000002f71c                set_break_handlers
 .text.o_rename
                0x000000000002f754      0x2e0 objs/rename.o
                0x000000000002f754                o_rename
 .text.getfree  0x000000000002fa34       0x90 objs/getfree.o
                0x000000000002fa34                getfree
 .text.amiga_sock_init
                0x000000000002fac4       0x64 objs/bsdsock.o
                0x000000000002fac4                amiga_sock_init
 .text.amiga_sock_cleanup
                0x000000000002fb28       0x20 objs/bsdsock.o
                0x000000000002fb28                amiga_sock_cleanup
 .text.opendir  0x000000000002fb48      0x150 objs/dirent.o
                0x000000000002fb48                opendir
 .text.readdir  0x000000000002fc98       0x7c objs/dirent.o
                0x000000000002fc98                readdir
 .text.closedir
                0x000000000002fd14       0x54 objs/dirent.o
                0x000000000002fd14                closedir
 .text.utime    0x000000000002fd68       0xf0 objs/utime.o
                0x000000000002fd68                utime
 .text.getaddrinfo
                0x000000000002fe58      0x318 objs/rfc2553_amiga.o
                0x000000000002fe58                getaddrinfo
 .text.freeaddrinfo
                0x0000000000030170       0x30 objs/rfc2553_amiga.o
                0x0000000000030170                freeaddrinfo
 .text.gai_strerror
                0x00000000000301a0       0x24 objs/rfc2553_amiga.o
                0x00000000000301a0                gai_strerror
 .text._InitSem
                0x00000000000301c4       0x5c objs/sem.o
                0x00000000000301c4                _InitSem
 .text._CleanSem
                0x0000000000030220        0x4 objs/sem.o
                0x0000000000030220                _CleanSem
 .text._LockSem
                0x0000000000030224       0x18 objs/sem.o
                0x0000000000030224                _LockSem
 .text._ReleaseSem
                0x000000000003023c       0x18 objs/sem.o
                0x000000000003023c                _ReleaseSem
 .text._InitEventSem
                0x0000000000030254       0x34 objs/sem.o
                0x0000000000030254                _InitEventSem
 .text._CleanEventSem
                0x0000000000030288       0x34 objs/sem.o
                0x0000000000030288                _CleanEventSem
 .text.calc_max_sessions
                0x00000000000302bc       0x44 objs/evloop.o
 .text.amiga_evloop_run
                0x0000000000030300      0x86c objs/evloop.o
                0x0000000000030300                amiga_evloop_run
 .text.set_nonblock
                0x0000000000030b6c       0x50 objs/sock.o
                0x0000000000030b6c                set_nonblock
 .text.open_listen_sockets
                0x0000000000030bbc      0x2ec objs/sock.o
                0x0000000000030bbc                open_listen_sockets
 .text.close_listen_sockets
                0x0000000000030ea8       0x38 objs/sock.o
                0x0000000000030ea8                close_listen_sockets
 .text.sess_alloc
                0x0000000000030ee0       0x78 objs/session.o
                0x0000000000030ee0                sess_alloc
 .text.sess_free
                0x0000000000030f58       0x6c objs/session.o
                0x0000000000030f58                sess_free
 .text.do_accept
                0x0000000000030fc4      0x1d8 objs/session.o
                0x0000000000030fc4                do_accept
 .text.start_connect
                0x000000000003119c      0x218 objs/session.o
                0x000000000003119c                start_connect
 .text.try_outbound
                0x00000000000313b4      0x2b0 objs/session.o
                0x00000000000313b4                try_outbound
 .text.check_connect
                0x0000000000031664      0x1d8 objs/session.o
                0x0000000000031664                check_connect
 .text.do_session_step
                0x000000000003183c      0x280 objs/session.o
                0x000000000003183c                do_session_step
 .text.scan_and_delete_bsy_in_dir
                0x0000000000031abc       0xf8 objs/bsycleanup.o
 .text.cleanup_old_bsy
                0x0000000000031bb4      0x1cc objs/bsycleanup.o
                0x0000000000031bb4                cleanup_old_bsy
 .text.amiga_proto_open
                0x0000000000031d80      0x130 objs/proto_amiga.o
                0x0000000000031d80                amiga_proto_open
 .text.amiga_proto_step
                0x0000000000031eb0      0x35c objs/proto_amiga.o
                0x0000000000031eb0                amiga_proto_step
 .text.amiga_proto_close
                0x000000000003220c      0x244 objs/proto_amiga.o
                0x000000000003220c                amiga_proto_close
 .text.get_domain_info
                0x0000000000032450       0x3c objs/ftndom.o
                0x0000000000032450                get_domain_info
 .text.get_matched_domain
                0x000000000003248c       0x94 objs/ftndom.o
                0x000000000003248c                get_matched_domain
 .text.nodes_init
                0x0000000000032520       0x10 objs/ftnnode.o
                0x0000000000032520                nodes_init
 .text.nodes_deinit
                0x0000000000032530       0x10 objs/ftnnode.o
                0x0000000000032530                nodes_deinit
 .text.node_cmp
                0x0000000000032540       0x20 objs/ftnnode.o
 .text.sort_nodes
                0x0000000000032560       0x2c objs/ftnnode.o
 .text.add_node_nolock
                0x000000000003258c      0x380 objs/ftnnode.o
 .text.add_node
                0x000000000003290c       0xa0 objs/ftnnode.o
                0x000000000003290c                add_node
 .text.search_for_node
                0x00000000000329ac       0x34 objs/ftnnode.o
 .text.get_node_info_nolock
                0x00000000000329e0      0x304 objs/ftnnode.o
 .text.get_node_info
                0x0000000000032ce4       0x34 objs/ftnnode.o
                0x0000000000032ce4                get_node_info
 .text.foreach_node
                0x0000000000032d18       0xb8 objs/ftnnode.o
                0x0000000000032d18                foreach_node
 .text.poll_node
                0x0000000000032dd0      0x114 objs/ftnnode.o
                0x0000000000032dd0                poll_node
 .text.free_nodes
                0x0000000000032ee4       0x90 objs/ftnnode.o
                0x0000000000032ee4                free_nodes
 .text.evt_queue
                0x0000000000032f74       0x68 objs/srif.o
 .text.evt_test
                0x0000000000032fdc      0x100 objs/srif.o
                0x0000000000032fdc                evt_test
 .text.evt_set  0x00000000000330dc       0x9c objs/srif.o
                0x00000000000330dc                evt_set
 .text.run_args
                0x0000000000033178      0x488 objs/srif.o
 .text.evt_run  0x0000000000033600      0x4fc objs/srif.o
                0x0000000000033600                evt_run
 .text.xpmatch  0x0000000000033afc      0x224 objs/pmatch.o
                0x0000000000033afc                xpmatch
 .text.read_flo_line
                0x0000000000033d20       0xd8 objs/readflo.o
                0x0000000000033d20                read_flo_line
 .text.trans_flo_line
                0x0000000000033df8       0x80 objs/readflo.o
                0x0000000000033df8                trans_flo_line
 .text.tfile_cmp
                0x0000000000033e78       0x74 objs/prothlp.o
                0x0000000000033e78                tfile_cmp
 .text.add_to_killlist
                0x0000000000033eec       0xa4 objs/prothlp.o
                0x0000000000033eec                add_to_killlist
 .text.q_to_killlist
                0x0000000000033f90       0x48 objs/prothlp.o
                0x0000000000033f90                q_to_killlist
 .text.free_killlist
                0x0000000000033fd8       0x1c objs/prothlp.o
                0x0000000000033fd8                free_killlist
 .text.process_killlist
                0x0000000000033ff4       0x64 objs/prothlp.o
                0x0000000000033ff4                process_killlist
 .text.add_to_rcvdlist
                0x0000000000034058       0x84 objs/prothlp.o
                0x0000000000034058                add_to_rcvdlist
 .text.free_rcvdlist
                0x00000000000340dc       0x1c objs/prothlp.o
                0x00000000000340dc                free_rcvdlist
 .text.netname_
                0x00000000000340f8      0x1fc objs/prothlp.o
                0x00000000000340f8                netname_
 .text.setsockopts
                0x00000000000342f4       0x50 objs/iptools.o
                0x00000000000342f4                setsockopts
 .text.setsockopts_amiga
                0x0000000000034344       0xf4 objs/iptools.o
                0x0000000000034344                setsockopts_amiga
 .text.find_port
                0x0000000000034438      0x108 objs/iptools.o
                0x0000000000034438                find_port
 .text.sockaddr_cmp_addr
                0x0000000000034540       0x7c objs/iptools.o
                0x0000000000034540                sockaddr_cmp_addr
 .text.run      0x00000000000345bc      0x260 objs/run.o
                0x00000000000345bc                run
 .text.fput16   0x000000000003481c       0x3c objs/binlog.o
 .text.fput32   0x0000000000034858       0x38 objs/binlog.o
 .text.BinLogStat
                0x0000000000034890      0x398 objs/binlog.o
                0x0000000000034890                BinLogStat
 .text.close_srvmgr_socket
                0x0000000000034c28       0x50 objs/exitproc.o
                0x0000000000034c28                close_srvmgr_socket
 .text.getwordx2
                0x0000000000034c78      0x39c objs/getw.o
                0x0000000000034c78                getwordx2
 .text.xalloc   0x0000000000035014       0x48 objs/xalloc.o
                0x0000000000035014                xalloc
 .text.xrealloc
                0x000000000003505c       0x3c objs/xalloc.o
                0x000000000003505c                xrealloc
 .text.xstrdup  0x0000000000035098       0x24 objs/xalloc.o
                0x0000000000035098                xstrdup
 .text.xstrcat  0x00000000000350bc       0x48 objs/xalloc.o
                0x00000000000350bc                xstrcat
 .text.xfree    0x0000000000035104       0x14 objs/xalloc.o
                0x0000000000035104                xfree
 .text.initsetproctitle
                0x0000000000035118        0x4 objs/setpttl.o
                0x0000000000035118                initsetproctitle
 .text.setproctitle
                0x000000000003511c        0x4 objs/setpttl.o
                0x000000000003511c                setproctitle
 .text.MD5Update
                0x0000000000035120       0xcc objs/md5b.o
 .text.MD5Final
                0x00000000000351ec       0x84 objs/md5b.o
 .text.MD5Transform
                0x0000000000035270      0x75c objs/md5b.o
 .text.Encode   0x00000000000359cc       0x34 objs/md5b.o
 .text.hmac_md5
                0x0000000000035a00      0x1ac objs/md5b.o
 .text.MD_getChallenge
                0x0000000000035bac      0x1d8 objs/md5b.o
                0x0000000000035bac                MD_getChallenge
 .text.MD_toString
                0x0000000000035d84       0x94 objs/md5b.o
                0x0000000000035d84                MD_toString
 .text.MD_buildDigest
                0x0000000000035e18       0x6c objs/md5b.o
                0x0000000000035e18                MD_buildDigest
 .text.update_keys
                0x0000000000035e84       0x84 objs/crypt.o
                0x0000000000035e84                update_keys
 .text.init_keys
                0x0000000000035f08       0x40 objs/crypt.o
                0x0000000000035f08                init_keys
 .text.decrypt_byte
                0x0000000000035f48       0x2c objs/crypt.o
                0x0000000000035f48                decrypt_byte
 .text.decrypt_buf
                0x0000000000035f74       0x4c objs/crypt.o
                0x0000000000035f74                decrypt_buf
 .text.encrypt_buf
                0x0000000000035fc0       0x50 objs/crypt.o
                0x0000000000035fc0                encrypt_buf
 .text.compress_init
                0x0000000000036010       0x84 objs/compress.o
                0x0000000000036010                compress_init
 .text.do_compress
                0x0000000000036094       0x68 objs/compress.o
                0x0000000000036094                do_compress
 .text.compress_deinit
                0x00000000000360fc       0x5c objs/compress.o
                0x00000000000360fc                compress_deinit
 .text.compress_abort
                0x0000000000036158       0x7c objs/compress.o
                0x0000000000036158                compress_abort
 .text.decompress_init
                0x00000000000361d4       0x70 objs/compress.o
                0x00000000000361d4                decompress_init
 .text.do_decompress
                0x0000000000036244       0x60 objs/compress.o
                0x0000000000036244                do_decompress
 .text.decompress_deinit
                0x00000000000362a4       0x4c objs/compress.o
                0x00000000000362a4                decompress_deinit
 .text.decompress_abort
                0x00000000000362f0       0x7c objs/compress.o
                0x00000000000362f0                decompress_abort
 *(_*)
 *(.rodata*)
 .rodata.prio   0x000000000003636c       0x10 objs/ftnq.o
                0x000000000003636c                prio
 .rodata.flo_flvrs
                0x000000000003637c        0xc objs/ftnq.o
 .rodata.out_flvrs
                0x0000000000036388        0xc objs/ftnq.o
 *(.data.rel.ro*)
 *(.gnu.linkonce.t.*)
 *(.gnu.linkonce.r.*)
 *(.gcc_except_table*)
 *(SORT_BY_NAME(.list___EH_FRAME*))
 *(SORT_BY_NAME(.list_*))
 .list___CTOR_LIST__
                0x0000000000036394        0x4 /opt/amiga/m68k-amigaos/libnix/lib/ncrt0.o
                0x0000000000036394                __CTOR_LIST__
 .list___DTOR_LIST__
                0x0000000000036398        0x4 /opt/amiga/m68k-amigaos/libnix/lib/ncrt0.o
                0x0000000000036398                __DTOR_LIST__
 .list___EXIT_LIST__
                0x000000000003639c        0x4 /opt/amiga/m68k-amigaos/libnix/lib/ncrt0.o
                0x000000000003639c                __EXIT_LIST__
 .list___EXIT_LIST__
                0x00000000000363a0        0x8 /opt/amiga/m68k-amigaos/libnix/lib/libnix20.a(__initstdio.o)
 .list___EXIT_LIST__
                0x00000000000363a8        0x8 /opt/amiga/m68k-amigaos/libnix/lib/libnix20.a(__nocommandline.o)
 .list___EXIT_LIST__
                0x00000000000363b0        0x8 /opt/amiga/m68k-amigaos/libnix/lib/libnix.a(__initcpp.o)
 .list___EXIT_LIST__
                0x00000000000363b8        0x8 /opt/amiga/m68k-amigaos/libnix/lib/libnix.a(__initlibraries.o)
 .list___EXIT_LIST__
                0x00000000000363c0        0x8 /opt/amiga/m68k-amigaos/libnix/lib/libnix.a(atexit.o)
 .list___EXIT_LIST__
                0x00000000000363c8        0x8 /opt/amiga/m68k-amigaos/libnix/lib/libnix.a(malloc.o)
 .list___INIT_LIST__
                0x00000000000363d0        0x4 /opt/amiga/m68k-amigaos/libnix/lib/ncrt0.o
                0x00000000000363d0                __INIT_LIST__
 .list___INIT_LIST__
                0x00000000000363d4        0x8 /opt/amiga/m68k-amigaos/libnix/lib/libnix20.a(__initstdio.o)
 .list___INIT_LIST__
                0x00000000000363dc        0x8 /opt/amiga/m68k-amigaos/libnix/lib/libnix20.a(__nocommandline.o)
 .list___INIT_LIST__
                0x00000000000363e4        0x8 /opt/amiga/m68k-amigaos/libnix/lib/libnix20.a(environ.o)
 .list___INIT_LIST__
                0x00000000000363ec        0x8 /opt/amiga/m68k-amigaos/libnix/lib/libnix.a(__initcpp.o)
 .list___INIT_LIST__
                0x00000000000363f4        0x8 /opt/amiga/m68k-amigaos/libnix/lib/libnix.a(__initlibraries.o)
 .list___INIT_LIST__
                0x00000000000363fc        0x8 /opt/amiga/m68k-amigaos/libnix/lib/libnix.a(malloc.o)
 *(.end_of_lists)
 .end_of_lists  0x0000000000036404        0x4 /opt/amiga/m68k-amigaos/libnix/lib/ncrt0.o
                0x0000000000036408                ___datadata_relocs = .
                0x0000000000036408                __etext = .
                0x0000000000036408                ___text_size = SIZEOF (.text)
                0x0000000000036408                . = ALIGN (0x0)

.data           0x0000000000036408      0xf80
                0x0000000000036408                __sdata = .
 *(.data)
 .data          0x0000000000036408        0xc /opt/amiga/m68k-amigaos/libnix/lib/ncrt0.o
                0x0000000000036408                SysBase
                0x000000000003640c                __SaveSP
 .data          0x0000000000036414       0x10 /opt/amiga/m68k-amigaos/libnix/lib/libnix20.a(__initstdio.o)
                0x0000000000036414                __sF
                0x0000000000036418                __filelist
 .data          0x0000000000036424        0x4 /opt/amiga/m68k-amigaos/libnix/lib/libnix20.a(environ.o)
                0x0000000000036424                environ
 .data          0x0000000000036428       0xa8 /opt/amiga/m68k-amigaos/libnix/lib/libnix20.a(strftime.o)
 .data          0x00000000000364d0       0x1c /opt/amiga/m68k-amigaos/libnix/lib/libnixmain.a(__stdiowin.o)
                0x00000000000364d0                __stdiowin
 .data          0x00000000000364ec        0x4 /opt/amiga/m68k-amigaos/libnix/lib/libnix.a(__bufsiz.o)
                0x00000000000364ec                __BUFSIZ
 .data          0x00000000000364f0        0x4 /opt/amiga/m68k-amigaos/libnix/lib/libnix.a(__decimalpoint.o)
                0x00000000000364f0                __decimalpoint
 .data          0x00000000000364f4       0xd0 /opt/amiga/m68k-amigaos/libnix/lib/libnix.a(__seterrno.o)
 .data          0x00000000000365c4        0x4 /opt/amiga/m68k-amigaos/libnix/lib/libnix.a(_ctype_.o)
                0x00000000000365c4                _ctype_
 .data          0x00000000000365c8        0x8 /opt/amiga/m68k-amigaos/libnix/lib/libnix.a(getopt.o)
                0x00000000000365c8                opterr
                0x00000000000365cc                optopt
 .data          0x00000000000365d0        0xc /opt/amiga/m68k-amigaos/libnix/lib/libnix.a(gmtime_r.o)
 .data          0x00000000000365dc        0x4 /opt/amiga/m68k-amigaos/libnix/lib/libnix.a(rand.o)
 .data          0x00000000000365e0      0x210 /opt/amiga/m68k-amigaos/libnix/lib/libnix.a(strerror.o)
                0x00000000000365e0                __sys_errlist
 .data          0x00000000000367f0        0x4 /opt/amiga/m68k-amigaos/libnix/lib/libnix.a(_MSTEP.o)
                0x00000000000367f0                _MSTEP
 *(SORT_BY_NAME(.data.*))
 .data.PADDING  0x00000000000367f4       0x40 objs/md5b.o
 .data.ai_errlist
                0x0000000000036834       0x30 objs/rfc2553_amiga.o
 .data.brakeExt
                0x0000000000036864       0x20 objs/ftnq.o
 .data.commands
                0x0000000000036884       0x2c objs/protocol.o
 .data.crc_32_tab
                0x00000000000368b0      0x400 objs/crypt.o
                0x00000000000368b0                crc_32_tab
 .data.current_conlog
                0x0000000000036cb0        0x4 objs/tools.o
 .data.current_loglevel
                0x0000000000036cb4        0x4 objs/tools.o
 .data.current_path
                0x0000000000036cb8        0x4 objs/readcfg.o
 .data.first_time.5763
                0x0000000000036cbc        0x4 objs/tools.o
 .data.inetd_socket_in
                0x0000000000036cc0        0x4 objs/binkd.o
 .data.inetd_socket_out
                0x0000000000036cc4        0x4 objs/binkd.o
 .data.keywords
                0x0000000000036cc8      0x604 objs/readcfg.o
 .data.marks.5771
                0x00000000000372cc        0x4 objs/tools.o
 .data.month.5764
                0x00000000000372d0       0x30 objs/tools.o
 .data.optstring
                0x0000000000037300        0x4 objs/binkd.o
                0x0000000000037300                optstring
 .data.scommand
                0x0000000000037304       0x2c objs/protocol.o
 .data.spaces   0x0000000000037330        0x4 objs/readcfg.o
 .data.valid_filename_chars
                0x0000000000037334        0x8 objs/srif.o
 .data.weekext.4608
                0x000000000003733c       0x1c objs/prothlp.o
 *(SORT_BY_NAME(.dlist___EH_FRAME_OBJECT*))
 *(SORT_BY_NAME(.dlist_*))
 .dlist___LIB_LIST__
                0x0000000000037358        0x4 /opt/amiga/m68k-amigaos/libnix/lib/ncrt0.o
                0x0000000000037358                __LIB_LIST__
 .dlist___LIB_LIST__
                0x000000000003735c        0x8 /opt/amiga/m68k-amigaos/lib//libstubs.a(dos.o)
                0x000000000003735c                DOSBase
 .dlist___LIB_LIST__
                0x0000000000037364        0x8 /opt/amiga/m68k-amigaos/lib//libstubs.a(locale.o)
                0x0000000000037364                LocaleBase
 .dlist___LIB_LIST__
                0x000000000003736c        0x8 /opt/amiga/m68k-amigaos/lib//libstubs.a(mathieeedoubbas.o)
                0x000000000003736c                MathIeeeDoubBasBase
 .dlist___LIB_LIST__
                0x0000000000037374        0x8 /opt/amiga/m68k-amigaos/lib//libstubs.a(mathieeedoubtrans.o)
                0x0000000000037374                MathIeeeDoubTransBase
 .dlist___LIB_LIST__
                0x000000000003737c        0x8 /opt/amiga/m68k-amigaos/lib//libstubs.a(utility.o)
                0x000000000003737c                UtilityBase
 *(.end_of_dlists)
 .end_of_dlists
                0x0000000000037384        0x4 /opt/amiga/m68k-amigaos/libnix/lib/ncrt0.o
 *(.data.__EH_FRAME_OBJECT__*)
 *(.gnu.linkonce.d.*)
                0x0000000000037388                __edata = .
                0x0000000000000f80                ___data_size = SIZEOF (.data)

.bss            0x0000000000037388     0x3a64
                0x0000000000037388                __bss_start = .
 *(.bss)
 .bss           0x0000000000037388        0x4 /opt/amiga/m68k-amigaos/libnix/lib/ncrt0.o
 .bss           0x000000000003738c        0x4 /opt/amiga/m68k-amigaos/libnix/lib/libnix20.a(__initstdio.o)
 .bss           0x0000000000037390        0xc /opt/amiga/m68k-amigaos/libnix/lib/libnix20.a(__nocommandline.o)
 .bss           0x000000000003739c        0x4 /opt/amiga/m68k-amigaos/libnix/lib/libnix20.a(environ.o)
 .bss           0x00000000000373a0        0x8 /opt/amiga/m68k-amigaos/libnix/lib/libnix.a(__gmtoffset.o)
                0x00000000000373a0                timezone
                0x00000000000373a4                daylight
 .bss           0x00000000000373a8       0x14 /opt/amiga/m68k-amigaos/libnix/lib/libnix.a(__localevec.o)
                0x00000000000373a8                __localevec
 .bss           0x00000000000373bc        0x4 /opt/amiga/m68k-amigaos/libnix/lib/libnix.a(atexit.o)
 .bss           0x00000000000373c0        0xc /opt/amiga/m68k-amigaos/libnix/lib/libnix.a(getopt.o)
                0x00000000000373c0                optarg
                0x00000000000373c4                optind
 .bss           0x00000000000373cc       0x24 /opt/amiga/m68k-amigaos/libnix/lib/libnix.a(gmtime.o)
 .bss           0x00000000000373f0        0x4 /opt/amiga/m68k-amigaos/libnix/lib/libnix.a(lseek.o)
 .bss           0x00000000000373f4        0x4 /opt/amiga/m68k-amigaos/libnix/lib/libnix.a(strtok.o)
 .bss           0x00000000000373f8       0x20 /opt/amiga/m68k-amigaos/libnix/lib/libnix.a(__signalfunc.o)
                0x00000000000373f8                __signalfunc
                0x0000000000037410                __signalpending
                0x0000000000037414                __signalmask
 *(.bss.*)
 .bss.pidsmgr   0x0000000000037418        0x4 objs/binkd.o
                0x0000000000037418                pidsmgr
 .bss.remote_addr
                0x000000000003741c        0x4 objs/binkd.o
 .bss.remote_node
                0x0000000000037420        0x4 objs/binkd.o
 .bss.configpath
                0x0000000000037424        0x4 objs/binkd.o
                0x0000000000037424                configpath
 .bss.inetd_flag
                0x0000000000037428        0x4 objs/binkd.o
                0x0000000000037428                inetd_flag
 .bss.server_flag
                0x000000000003742c        0x4 objs/binkd.o
                0x000000000003742c                server_flag
 .bss.client_flag
                0x0000000000037430        0x4 objs/binkd.o
                0x0000000000037430                client_flag
 .bss.poll_flag
                0x0000000000037434        0x4 objs/binkd.o
                0x0000000000037434                poll_flag
 .bss.quiet_flag
                0x0000000000037438        0x4 objs/binkd.o
                0x0000000000037438                quiet_flag
 .bss.verbose_flag
                0x000000000003743c        0x4 objs/binkd.o
                0x000000000003743c                verbose_flag
 .bss.dumpcfg_flag
                0x0000000000037440        0x4 objs/binkd.o
                0x0000000000037440                dumpcfg_flag
 .bss.checkcfg_flag
                0x0000000000037444        0x4 objs/binkd.o
                0x0000000000037444                checkcfg_flag
 .bss.no_MD5    0x0000000000037448        0x4 objs/binkd.o
                0x0000000000037448                no_MD5
 .bss.no_crypt  0x000000000003744c        0x4 objs/binkd.o
                0x000000000003744c                no_crypt
 .bss.no_flag   0x0000000000037450        0x4 objs/binkd.o
                0x0000000000037450                no_flag
 .bss.psPolls   0x0000000000037454        0x8 objs/binkd.o
 .bss.work_config
                0x000000000003745c     0x32c0 objs/readcfg.o
 .bss.current_line
                0x000000000003a71c        0x4 objs/readcfg.o
 .bss.linebuf   0x000000000003a720      0x404 objs/readcfg.o
 .bss.level.6304
                0x000000000003ab24        0x4 objs/readcfg.o
 .bss.reload_pending.6277
                0x000000000003ab28        0x4 objs/readcfg.o
 .bss.stable_mtime.6276
                0x000000000003ab2c        0x4 objs/readcfg.o
 .bss.change_seen.6275
                0x000000000003ab30        0x4 objs/readcfg.o
 .bss.last_reload.6274
                0x000000000003ab34        0x4 objs/readcfg.o
 .bss.current_logpath
                0x000000000003ab38        0x4 objs/tools.o
 .bss.current_nolog
                0x000000000003ab3c        0x4 objs/tools.o
 .bss.i.5722    0x000000000003ab40        0x4 objs/tools.o
 .bss.need_newline.5767
                0x000000000003ab44        0x4 objs/tools.o
 .bss.os.5937   0x000000000003ab48       0x50 objs/tools.o
 .bss.n_clients
                0x000000000003ab98        0x4 objs/client.o
                0x000000000003ab98                n_clients
 .bss.n_servers
                0x000000000003ab9c        0x4 objs/server.o
                0x000000000003ab9c                n_servers
 .bss.ext_rand  0x000000000003aba0        0x4 objs/server.o
                0x000000000003aba0                ext_rand
 .bss.sockfd_used
                0x000000000003aba4        0x4 objs/server.o
                0x000000000003aba4                sockfd_used
 .bss.sem       0x000000000003aba8       0x30 objs/bsy.o
 .bss.bsy_list  0x000000000003abd8        0x4 objs/bsy.o
                0x000000000003abd8                bsy_list
 .bss.last_touch.5701
                0x000000000003abdc        0x4 objs/bsy.o
 .bss.SocketBase
                0x000000000003abe0        0x4 objs/bsdsock.o
                0x000000000003abe0                SocketBase
 .bss.passive_dummy.5032
                0x000000000003abe4        0x4 objs/rfc2553_amiga.o
 .bss.sessions  0x000000000003abe8        0x4 objs/evloop.o
                0x000000000003abe8                sessions
 .bss.max_sessions
                0x000000000003abec        0x4 objs/evloop.o
                0x000000000003abec                max_sessions
 .bss.idle_loops.6514
                0x000000000003abf0        0x4 objs/evloop.o
 .bss.NSem      0x000000000003abf4       0x30 objs/ftnnode.o
 *(COMMON)
 COMMON         0x000000000003ac24       0x18 /opt/amiga/m68k-amigaos/libnix/lib/ncrt0.o
                0x000000000003ac24                _WBenchMsg
                0x000000000003ac28                __argv
                0x000000000003ac2c                __commandlen
                0x000000000003ac30                __commandline
                0x000000000003ac34                __env
                0x000000000003ac38                __argc
 COMMON         0x000000000003ac3c      0x146 objs/binkd.o
                0x000000000003ac3c                wakecmgr
                0x000000000003ac44                blsem
                0x000000000003ac74                saved_envp
                0x000000000003ac78                resolvsem
                0x000000000003aca8                eothread
                0x000000000003acb0                mypid
                0x000000000003acb4                lsem
                0x000000000003ace4                config_sem
                0x000000000003ad14                hostsem
                0x000000000003ad44                errno
                0x000000000003ad54                varsem
 *fill*         0x000000000003ad82        0x2 
 COMMON         0x000000000003ad84        0x4 objs/readcfg.o
                0x000000000003ad84                current_config
 COMMON         0x000000000003ad88       0x40 objs/server.o
                0x000000000003ad88                sockfd
 COMMON         0x000000000003adc8        0x4 objs/exitproc.o
                0x000000000003adc8                binkd_exit
 COMMON         0x000000000003adcc        0x8 /opt/amiga/m68k-amigaos/libnix/lib/libnix20.a(__initstdio.o)
                0x000000000003adcc                __stdfiledes
                0x000000000003add0                __stdfilesize
 COMMON         0x000000000003add4        0x8 /opt/amiga/m68k-amigaos/libnix/lib/libnix.a(__gmtoffset.o)
                0x000000000003add4                _tzname
 COMMON         0x000000000003addc       0x10 /opt/amiga/m68k-amigaos/libnix/lib/libnix.a(malloc.o)
                0x000000000003addc                __memsema
                0x000000000003ade0                __memorylist
                0x000000000003adec                __end = .
                0x0000000000003a64                ___bss_size = SIZEOF (.bss)

.datachip
 *(.datachip)

.bsschip
 *(.bsschip)

.dwarf          0x000000000003adec        0x0
                0x000000000003adec                __debug_frame_start = .
 *(.debug_frame)
                0x000000000003adec                __debug_info_start = .
 *(.debug_info)
                0x000000000003adec                __debug_abbrev_start = .
 *(.debug_abbrev)
                0x000000000003adec                __debug_loclists_start = .
 *(.debug_loclists)
                0x000000000003adec                __debug_aranges_start = .
 *(.debug_aranges)
                0x000000000003adec                __debug_rgnlists_start = .
 *(.debug_rnglists)
                0x000000000003adec                __debug_line_start = .
 *(.debug_line)
                0x000000000003adec                __debug_str_start = .
 *(.debug_str)
                0x000000000003adec                __debug_line_str_start = .
 *(.debug_line_str)
OUTPUT(binkd amiga)
